coap.c:38:6:otCoapHeaderInit	24	static
coap.c:56:6:otCoapHeaderSetToken	32	static
coap.c:74:6:otCoapHeaderGenerateToken	24	static
coap.c:91:9:otCoapHeaderAppendContentFormatOption	24	static
coap.c:109:9:otCoapHeaderAppendOption	24	static
coap.c:127:9:otCoapHeaderAppendUintOption	32	static
coap.c:146:9:otCoapHeaderAppendObserveOption	24	static
coap.c:164:9:otCoapHeaderAppendUriPathOptions	24	static
coap.c:182:9:otCoapHeaderAppendMaxAgeOption	24	static
coap.c:200:9:otCoapHeaderAppendUriQueryOption	24	static
coap.c:218:9:otCoapHeaderSetPayloadMarker	24	static
coap.c:235:6:otCoapHeaderSetMessageId	24	static
coap.c:252:12:otCoapHeaderGetType	24	static
coap.c:269:12:otCoapHeaderGetCode	24	static
coap.c:286:10:otCoapHeaderGetMessageId	24	static
coap.c:303:9:otCoapHeaderGetTokenLength	24	static
coap.c:320:16:otCoapHeaderGetToken	24	static
coap.c:337:21:otCoapHeaderGetFirstOption	24	static
coap.c:354:21:otCoapHeaderGetNextOption	24	static
coap.c:371:12:otCoapNewMessage	24	static
coap.c:389:9:otCoapSendRequest	32	static
coap.c:410:9:otCoapStart	24	static
coap.c:427:9:otCoapStop	24	static
coap.c:443:9:otCoapAddResource	24	static
coap.c:460:6:otCoapRemoveResource	24	static
coap.c:476:6:otCoapSetDefaultHandler	32	static
coap.c:495:9:otCoapSendResponse	32	static
