coap.c:37:6:otCoapHeaderInit	16	static
coap.c:55:6:otCoapHeaderSetToken	16	static
coap.c:73:6:otCoapHeaderGenerateToken	16	static
coap.c:90:9:otCoapHeaderAppendContentFormatOption	16	static
coap.c:108:9:otCoapHeaderAppendOption	16	static
coap.c:126:9:otCoapHeaderAppendUintOption	16	static
coap.c:145:9:otCoapHeaderAppendObserveOption	16	static
coap.c:163:9:otCoapHeaderAppendUriPathOptions	16	static
coap.c:181:9:otCoapHeaderAppendMaxAgeOption	16	static
coap.c:199:9:otCoapHeaderAppendUriQueryOption	16	static
coap.c:217:9:otCoapHeaderSetPayloadMarker	8	static
coap.c:234:6:otCoapHeaderSetMessageId	16	static
coap.c:251:12:otCoapHeaderGetType	8	static
coap.c:268:12:otCoapHeaderGetCode	8	static
coap.c:285:10:otCoapHeaderGetMessageId	8	static
coap.c:302:9:otCoapHeaderGetTokenLength	8	static
coap.c:319:16:otCoapHeaderGetToken	8	static
coap.c:336:21:otCoapHeaderGetFirstOption	8	static
coap.c:353:21:otCoapHeaderGetNextOption	8	static
coap.c:370:12:otCoapNewMessage	8	static
coap.c:388:9:otCoapSendRequest	16	static
coap.c:409:9:otCoapStart	8	static
coap.c:426:9:otCoapStop	8	static
coap.c:442:9:otCoapAddResource	8	static
coap.c:459:6:otCoapRemoveResource	8	static
coap.c:475:6:otCoapSetDefaultHandler	16	static
coap.c:492:9:otCoapSendResponse	16	static
