ip6.c:37:22:otIp6SetEnabled	8	static
ip6.c:54:19:otIp6IsEnabled	8	static
ip6.c:70:22:otIp6AddUnicastAddress	8	static
ip6.c:87:22:otIp6RemoveUnicastAddress	8	static
ip6.c:104:36:otIp6GetUnicastAddresses	8	static
ip6.c:120:9:otIp6SubscribeMulticastAddress	8	static
ip6.c:137:9:otIp6UnsubscribeMulticastAddress	8	static
ip6.c:154:32:otIp6GetMulticastAddresses	8	static
ip6.c:170:6:otIp6IsMulticastPromiscuousEnabled	8	static
ip6.c:186:6:otIp6SetMulticastPromiscuousEnabled	8	static
ip6.c:202:6:otIp6SlaacUpdate	16	static
ip6.c:222:9:otIp6CreateRandomIid	16	static
ip6.c:240:9:otIp6CreateMacIid	16	static
ip6.c:258:9:otIp6CreateSemanticallyOpaqueIid	16	static
ip6.c:276:12:otIp6NewMessage	8	static
ip6.c:293:6:otIp6SetReceiveCallback	16	static
ip6.c:310:6:otIp6IsReceiveFilterEnabled	8	static
ip6.c:324:6:otIp6SetReceiveFilterEnabled	8	static
ip6.c:340:9:otIp6Send	8	static
ip6.c:357:9:otIp6AddUnsecurePort	8	static
ip6.c:374:9:otIp6RemoveUnsecurePort	8	static
ip6.c:391:6:otIp6RemoveAllUnsecurePorts	8	static
ip6.c:404:17:otIp6GetUnsecurePorts	8	static
ip6.c:421:19:otIp6IsAddressEqual	16	static
ip6.c:439:22:otIp6AddressFromString	16	static
ip6.c:457:22:otIp6PrefixMatch	16	static
ip6.c:475:6:otIp6IsAddressUnspecified	8	static
