link.c:39:22:otLinkActiveScan	16	static
link.c:62:19:otLinkIsActiveScanInProgress	8	static
link.c:78:22:otLinkEnergyScan	16	static
link.c:100:19:otLinkIsEnergyScanInProgress	8	static
link.c:116:22:otLinkSendDataRequest	8	static
link.c:132:19:otLinkIsInTransmitState	8	static
link.c:148:22:otLinkOutOfBandTransmitRequest	8	static
link.c:165:22:otLinkGetChannel	8	static
link.c:181:22:otLinkSetChannel	8	static
link.c:198:10:otLinkGetSupportedChannelMask	8	static
link.c:214:9:otLinkSetSupportedChannelMask	8	static
link.c:231:34:otLinkGetExtendedAddress	8	static
link.c:247:22:otLinkSetExtendedAddress	8	static
link.c:264:19:otLinkGetFactoryAssignedIeeeEui64	8	static
link.c:280:22:otLinkGetPanId	8	static
link.c:296:22:otLinkSetPanId	8	static
link.c:313:23:otLinkGetPollPeriod	8	static
link.c:329:19:otLinkSetPollPeriod	8	static
link.c:345:29:otLinkGetShortAddress	8	static
link.c:361:22:otLinkSetShortAddress	8	static
link.c:378:37:otLinkFilterGetAddressMode	8	static
link.c:394:22:otLinkFilterSetAddressMode	8	static
link.c:411:22:otLinkFilterAddAddress	8	static
link.c:428:22:otLinkFilterRemoveAddress	8	static
link.c:445:19:otLinkFilterClearAddresses	8	static
link.c:460:22:otLinkFilterGetNextAddress	16	static
link.c:478:22:otLinkFilterAddRssIn	16	static
link.c:496:22:otLinkFilterRemoveRssIn	8	static
link.c:513:19:otLinkFilterClearRssIn	8	static
link.c:528:22:otLinkFilterGetNextRssIn	16	static
link.c:546:9:otLinkConvertRssToLinkQuality	8	static
link.c:563:8:otLinkConvertLinkQualityToRss	8	static
link.c:580:35:otLinkGetCounters	8	static
link.c:596:6:otLinkSetPcapCallback	16	static
link.c:614:6:otLinkIsPromiscuous	8	static
link.c:630:9:otLinkSetPromiscuous	8	static
link.c:647:10:otLinkGetCcaFailureRate	8	static
link.c:663:9:otLinkSetEnabled	8	static
link.c:680:6:otLinkIsEnabled	8	static
