thread_ftd.c:38:22:otThreadGetMaxAllowedChildren	24	static
thread_ftd.c:54:22:otThreadSetMaxAllowedChildren	24	static
thread_ftd.c:71:19:otThreadIsRouterRoleEnabled	24	static
thread_ftd.c:87:19:otThreadSetRouterRoleEnabled	24	static
thread_ftd.c:103:22:otThreadSetPreferredRouterId	24	static
thread_ftd.c:120:22:otThreadGetLocalLeaderWeight	24	static
thread_ftd.c:136:19:otThreadSetLocalLeaderWeight	24	static
thread_ftd.c:152:23:otThreadGetLocalLeaderPartitionId	24	static
thread_ftd.c:168:19:otThreadSetLocalLeaderPartitionId	24	static
thread_ftd.c:184:23:otThreadGetJoinerUdpPort	24	static
thread_ftd.c:200:22:otThreadSetJoinerUdpPort	24	static
thread_ftd.c:217:9:otThreadSetSteeringData	24	static
thread_ftd.c:234:23:otThreadGetContextIdReuseDelay	24	static
thread_ftd.c:250:19:otThreadSetContextIdReuseDelay	24	static
thread_ftd.c:266:22:otThreadGetNetworkIdTimeout	24	static
thread_ftd.c:282:19:otThreadSetNetworkIdTimeout	24	static
thread_ftd.c:298:22:otThreadGetRouterUpgradeThreshold	24	static
thread_ftd.c:314:19:otThreadSetRouterUpgradeThreshold	24	static
thread_ftd.c:330:22:otThreadReleaseRouterId	24	static
thread_ftd.c:347:22:otThreadBecomeRouter	24	static
thread_ftd.c:363:22:otThreadBecomeLeader	24	static
thread_ftd.c:379:22:otThreadGetRouterDowngradeThreshold	24	static
thread_ftd.c:395:19:otThreadSetRouterDowngradeThreshold	24	static
thread_ftd.c:411:22:otThreadGetRouterSelectionJitter	24	static
thread_ftd.c:427:19:otThreadSetRouterSelectionJitter	24	static
thread_ftd.c:443:22:otThreadGetChildInfoById	32	static
thread_ftd.c:461:22:otThreadGetChildInfoByIndex	32	static
thread_ftd.c:480:9:otThreadGetChildNextIp6Address	32	static
thread_ftd.c:502:22:otThreadGetRouterIdSequence	24	static
thread_ftd.c:518:9:otThreadGetMaxRouterId	24	static
thread_ftd.c:534:22:otThreadGetRouterInfo	32	static
thread_ftd.c:552:22:otThreadGetEidCacheEntry	32	static
thread_ftd.c:570:29:otThreadGetPSKc	24	static
thread_ftd.c:586:22:otThreadSetPSKc	24	static
thread_ftd.c:603:21:otThreadGetParentPriority	24	static
thread_ftd.c:619:22:otThreadSetParentPriority	24	static
thread_ftd.c:636:28:otThreadGetChildTableCallback	16	static
thread_ftd.c:642:6:otThreadSetChildTableCallback	24	static
