thread_ftd.c:38:22:otThreadGetMaxAllowedChildren	8	static
thread_ftd.c:54:22:otThreadSetMaxAllowedChildren	8	static
thread_ftd.c:71:19:otThreadIsRouterRoleEnabled	8	static
thread_ftd.c:87:19:otThreadSetRouterRoleEnabled	8	static
thread_ftd.c:103:22:otThreadSetPreferredRouterId	8	static
thread_ftd.c:120:22:otThreadGetLocalLeaderWeight	8	static
thread_ftd.c:136:19:otThreadSetLocalLeaderWeight	8	static
thread_ftd.c:152:23:otThreadGetLocalLeaderPartitionId	8	static
thread_ftd.c:168:19:otThreadSetLocalLeaderPartitionId	8	static
thread_ftd.c:184:23:otThreadGetJoinerUdpPort	8	static
thread_ftd.c:200:22:otThreadSetJoinerUdpPort	8	static
thread_ftd.c:217:9:otThreadSetSteeringData	8	static
thread_ftd.c:234:23:otThreadGetContextIdReuseDelay	8	static
thread_ftd.c:250:19:otThreadSetContextIdReuseDelay	8	static
thread_ftd.c:266:22:otThreadGetNetworkIdTimeout	8	static
thread_ftd.c:282:19:otThreadSetNetworkIdTimeout	8	static
thread_ftd.c:298:22:otThreadGetRouterUpgradeThreshold	8	static
thread_ftd.c:314:19:otThreadSetRouterUpgradeThreshold	8	static
thread_ftd.c:330:22:otThreadReleaseRouterId	8	static
thread_ftd.c:347:22:otThreadBecomeRouter	8	static
thread_ftd.c:363:22:otThreadBecomeLeader	8	static
thread_ftd.c:379:22:otThreadGetRouterDowngradeThreshold	8	static
thread_ftd.c:395:19:otThreadSetRouterDowngradeThreshold	8	static
thread_ftd.c:411:22:otThreadGetRouterSelectionJitter	8	static
thread_ftd.c:427:19:otThreadSetRouterSelectionJitter	8	static
thread_ftd.c:443:22:otThreadGetChildInfoById	16	static
thread_ftd.c:461:22:otThreadGetChildInfoByIndex	16	static
thread_ftd.c:480:9:otThreadGetChildNextIp6Address	16	static
thread_ftd.c:502:22:otThreadGetRouterIdSequence	8	static
thread_ftd.c:518:9:otThreadGetMaxRouterId	8	static
thread_ftd.c:534:22:otThreadGetRouterInfo	16	static
thread_ftd.c:552:22:otThreadGetEidCacheEntry	16	static
thread_ftd.c:570:29:otThreadGetPSKc	8	static
thread_ftd.c:586:22:otThreadSetPSKc	8	static
thread_ftd.c:603:21:otThreadGetParentPriority	8	static
thread_ftd.c:619:22:otThreadSetParentPriority	8	static
thread_ftd.c:636:28:otThreadGetChildTableCallback	0	static
thread_ftd.c:642:6:otThreadSetChildTableCallback	8	static
