thread.c:36:22:otThreadSetEnabled	8	static
thread.c:53:19:otThreadGetAutoStart	8	static
thread.c:69:22:otThreadSetAutoStart	8	static
thread.c:86:19:otThreadIsSingleton	8	static
thread.c:102:22:otThreadDiscover	16	static
thread.c:126:19:otThreadIsDiscoverInProgress	8	static
thread.c:142:23:otThreadGetChildTimeout	8	static
thread.c:158:19:otThreadSetChildTimeout	8	static
thread.c:174:37:otThreadGetExtendedPanId	8	static
thread.c:190:22:otThreadSetExtendedPanId	8	static
thread.c:207:22:otThreadGetLeaderRloc	8	static
thread.c:224:31:otThreadGetLinkMode	8	static
thread.c:249:22:otThreadSetLinkMode	8	static
thread.c:271:33:otThreadGetMasterKey	8	static
thread.c:287:22:otThreadSetMasterKey	8	static
thread.c:304:34:otThreadGetMeshLocalEid	8	static
thread.c:320:39:otThreadGetMeshLocalPrefix	8	static
thread.c:336:22:otThreadSetMeshLocalPrefix	8	static
thread.c:353:21:otThreadGetLinkLocalIp6Address	8	static
thread.c:369:26:otThreadGetNetworkName	8	static
thread.c:385:22:otThreadSetNetworkName	8	static
thread.c:402:23:otThreadGetKeySequenceCounter	8	static
thread.c:418:19:otThreadSetKeySequenceCounter	8	static
thread.c:434:23:otThreadGetKeySwitchGuardTime	8	static
thread.c:450:19:otThreadSetKeySwitchGuardTime	8	static
thread.c:466:22:otThreadBecomeDetached	8	static
thread.c:482:22:otThreadBecomeChild	8	static
thread.c:498:22:otThreadGetNextNeighborInfo	16	static
thread.c:517:27:otThreadGetDeviceRole	8	static
thread.c:533:22:otThreadGetLeaderData	8	static
thread.c:550:22:otThreadGetLeaderRouterId	8	static
thread.c:566:22:otThreadGetLeaderWeight	8	static
thread.c:582:23:otThreadGetPartitionId	8	static
thread.c:598:23:otThreadGetRloc16	8	static
thread.c:614:22:otThreadGetParentInfo	8	static
thread.c:631:22:otThreadGetParentAverageRssi	8	static
thread.c:648:22:otThreadGetParentLastRssi	8	static
thread.c:665:6:otThreadSetReceiveDiagnosticGetCallback	16	static
thread.c:683:22:otThreadSendDiagnosticGet	16	static
thread.c:703:22:otThreadSendDiagnosticReset	16	static
thread.c:723:34:otThreadGetIp6Counters	8	static
thread.c:739:22:otThreadGetMleCounters	8	static
thread.c:755:6:otThreadResetMleCounters	8	static
