tl_mbox.c:84:6:TL_Enable	8	static
tl_mbox.c:92:6:TL_Init	8	static
tl_mbox.c:112:9:TL_BLE_Init	24	static
tl_mbox.c:135:9:TL_BLE_SendCmd	16	static
tl_mbox.c:149:6:HW_IPCC_BLE_RxEvtNot	16	static
tl_mbox.c:172:9:TL_BLE_SendAclData	16	static
tl_mbox.c:184:6:HW_IPCC_BLE_AclDataAckNot	8	static
tl_mbox.c:194:9:TL_SYS_Init	24	static
tl_mbox.c:213:9:TL_SYS_SendCmd	16	static
tl_mbox.c:227:6:HW_IPCC_SYS_CmdEvtNot	8	static
tl_mbox.c:236:6:HW_IPCC_SYS_EvtNot	16	static
tl_mbox.c:256:6:TL_THREAD_Init	24	static
tl_mbox.c:271:6:TL_OT_SendCmd	8	static
tl_mbox.c:280:6:TL_CLI_SendCmd	8	static
tl_mbox.c:289:6:TL_THREAD_SendAck	8	static
tl_mbox.c:298:6:TL_THREAD_CliSendAck	8	static
tl_mbox.c:307:6:HW_IPCC_OT_CmdEvtNot	8	static
tl_mbox.c:314:6:HW_IPCC_THREAD_EvtNot	8	static
tl_mbox.c:321:6:HW_IPCC_THREAD_CliEvtNot	8	static
tl_mbox.c:328:13:TL_OT_CmdEvtReceived	16	static
tl_mbox.c:329:13:TL_THREAD_NotReceived	16	static
tl_mbox.c:330:13:TL_THREAD_CliNotReceived	16	static
tl_mbox.c:592:6:TL_MM_Init	16	static
tl_mbox.c:612:6:TL_MM_EvtDone	16	static
tl_mbox.c:623:13:SendFreeBuf	16	static
tl_mbox.c:639:6:TL_TRACES_Init	8	static
tl_mbox.c:650:6:HW_IPCC_TRACES_EvtNot	16	static
tl_mbox.c:663:13:TL_TRACES_EvtReceived	16	static
tl_mbox.c:671:13:OutputDbgTrace	24	static
