app_thread.c:372:6:APP_THREAD_Init	16	static
app_thread.c:441:6:APP_THREAD_Error	16	static
app_thread.c:492:13:APP_THREAD_DeviceConfig	24	static
app_thread.c:608:13:APP_THREAD_StateNotif	24	static
app_thread.c:678:13:APP_THREAD_TraceError	16	static
app_thread.c:691:13:APP_THREAD_CheckWirelessFirmwareInfo	40	static
app_thread.c:732:13:APP_THREAD_FreeRTOSProcessMsgM0ToM4Task	16	static
app_thread.c:749:13:APP_THREAD_FreeRTOSSendCLIToM0Task	16	static
app_thread.c:767:6:stm32UID	24	static
app_thread.c:822:13:APP_THREAD_DummyRespHandler	24	static
app_thread.c:833:13:APP_THREAD_CoapRespHandler_UpdateBorderRouter	32	static
app_thread.c:857:13:APP_THREAD_DummyReqHandler	24	static
app_thread.c:1277:6:APP_THREAD_UpdateBorderRouter	8	static
app_thread.c:1290:6:APP_THREAD_SyncWithBorderRouter	24	static
app_thread.c:1294:6:APP_THREAD_SendMyInfo	24	static
app_thread.c:1312:6:APP_THREAD_SendBorderMessage	32	static
app_thread.c:1317:6:APP_THREAD_SendBorderPacket	32	static
app_thread.c:1324:13:APP_THREAD_CoapLightsSimpleRequestHandler	24	static
app_thread.c:1363:13:APP_THREAD_CoapToggleLoggingRequestHandler	24	static
app_thread.c:1395:13:APP_THREAD_CoapBorderTimeRequestHandler	32	static
app_thread.c:1434:13:APP_THREAD_CoapNodeInfoRequestHandler	24	static
app_thread.c:1472:6:updateRTC	40	static
app_thread.c:1526:13:APP_THREAD_CoapLightsComplexRequestHandler	24	static
app_thread.c:1788:13:APP_THREAD_SendCoapUnicastRequest	40	static
app_thread.c:1945:13:APP_THREAD_SendCoapMsg	40	static
app_thread.c:2058:13:APP_THREAD_SendCoapMsgForBorderSync	40	static
app_thread.c:2180:13:APP_THREAD_SendDataResponse	40	static
app_thread.c:2221:6:APP_THREAD_RegisterCmdBuffer	16	static
app_thread.c:2226:26:THREAD_Get_OTCmdPayloadBuffer	4	static
app_thread.c:2231:26:THREAD_Get_OTCmdRspPayloadBuffer	4	static
app_thread.c:2236:26:THREAD_Get_NotificationPayloadBuffer	4	static
app_thread.c:2248:6:Ot_Cmd_Transfer	16	static
app_thread.c:2269:6:TL_OT_CmdEvtReceived	16	static
app_thread.c:2283:6:TL_THREAD_NotReceived	16	static
app_thread.c:2298:6:Pre_OtCmdProcessing	4	static
app_thread.c:2309:13:Wait_Getting_Ack_From_M0	4	static
app_thread.c:2324:13:Receive_Ack_From_M0	4	static
app_thread.c:2335:13:Receive_Notification_From_M0	8	static
app_thread.c:2344:13:RxCpltCallback	8	static
app_thread.c:2411:13:Send_CLI_To_M0	8	static
app_thread.c:2432:13:Send_CLI_Ack_For_OT	8	static
app_thread.c:2444:6:APP_THREAD_Init_UART_CLI	8	static
app_thread.c:2463:6:APP_THREAD_TL_THREAD_INIT	8	static
app_thread.c:2478:6:TL_THREAD_CliNotReceived	24	static
app_thread.c:2505:6:HostTxCb	8	static
app_thread.c:2515:6:APP_THREAD_ProcessMsgM0ToM4	8	static
