app_thread.c:296:6:APP_THREAD_Init	16	static
app_thread.c:356:6:APP_THREAD_Error	16	static
app_thread.c:407:13:APP_THREAD_DeviceConfig	16	static
app_thread.c:518:13:APP_THREAD_StateNotif	24	static
app_thread.c:573:13:APP_THREAD_TraceError	16	static
app_thread.c:586:13:APP_THREAD_CheckWirelessFirmwareInfo	40	static
app_thread.c:627:13:APP_THREAD_FreeRTOSProcessMsgM0ToM4Task	16	static
app_thread.c:644:13:APP_THREAD_FreeRTOSSendCLIToM0Task	16	static
app_thread.c:666:13:APP_THREAD_DummyRespHandler	24	static
app_thread.c:685:13:APP_THREAD_DummyReqHandler	24	static
app_thread.c:694:6:APP_THREAD_GetBorderRouterIP	8	static
app_thread.c:717:6:APP_THREAD_SendMyIP	24	static
app_thread.c:733:6:APP_THREAD_SendBorderMessage	32	static
app_thread.c:738:6:APP_THREAD_SendBorderPacket	32	static
app_thread.c:744:13:APP_THREAD_CoapLightsSimpleRequestHandler	24	static
app_thread.c:808:13:APP_THREAD_CoapToggleLoggingRequestHandler	24	static
app_thread.c:869:13:APP_THREAD_CoapBorderTimeRequestHandler	48	static
app_thread.c:919:6:updateRTC	40	static
app_thread.c:991:13:APP_THREAD_CoapLightsComplexRequestHandler	24	static
app_thread.c:1266:13:APP_THREAD_SendCoapUnicastRequest	40	static
app_thread.c:1427:13:APP_THREAD_SendCoapMsg	40	static
app_thread.c:1522:13:APP_THREAD_SendDataResponse	32	static
app_thread.c:1554:6:APP_THREAD_RegisterCmdBuffer	16	static
app_thread.c:1559:26:THREAD_Get_OTCmdPayloadBuffer	4	static
app_thread.c:1564:26:THREAD_Get_OTCmdRspPayloadBuffer	4	static
app_thread.c:1569:26:THREAD_Get_NotificationPayloadBuffer	4	static
app_thread.c:1581:6:Ot_Cmd_Transfer	16	static
app_thread.c:1602:6:TL_OT_CmdEvtReceived	16	static
app_thread.c:1616:6:TL_THREAD_NotReceived	16	static
app_thread.c:1631:6:Pre_OtCmdProcessing	4	static
app_thread.c:1642:13:Wait_Getting_Ack_From_M0	4	static
app_thread.c:1657:13:Receive_Ack_From_M0	4	static
app_thread.c:1668:13:Receive_Notification_From_M0	8	static
app_thread.c:1677:13:RxCpltCallback	8	static
app_thread.c:1744:13:Send_CLI_To_M0	8	static
app_thread.c:1765:13:Send_CLI_Ack_For_OT	8	static
app_thread.c:1777:6:APP_THREAD_Init_UART_CLI	8	static
app_thread.c:1796:6:APP_THREAD_TL_THREAD_INIT	8	static
app_thread.c:1811:6:TL_THREAD_CliNotReceived	24	static
app_thread.c:1838:6:HostTxCb	8	static
app_thread.c:1848:6:APP_THREAD_ProcessMsgM0ToM4	8	static
