app_thread.c:278:6:APP_THREAD_Init	16	static
app_thread.c:338:6:APP_THREAD_Error	16	static
app_thread.c:389:13:APP_THREAD_DeviceConfig	16	static
app_thread.c:485:13:APP_THREAD_StateNotif	24	static
app_thread.c:540:13:APP_THREAD_TraceError	16	static
app_thread.c:553:13:APP_THREAD_CheckWirelessFirmwareInfo	40	static
app_thread.c:594:13:APP_THREAD_FreeRTOSProcessMsgM0ToM4Task	16	static
app_thread.c:611:13:APP_THREAD_FreeRTOSSendCLIToM0Task	16	static
app_thread.c:633:13:APP_THREAD_DummyRespHandler	24	static
app_thread.c:652:13:APP_THREAD_DummyReqHandler	24	static
app_thread.c:661:6:APP_THREAD_GetBorderRouterIP	8	static
app_thread.c:673:6:APP_THREAD_SendMyIP	8	static
app_thread.c:679:6:APP_THREAD_SendBorderMessage	24	static
app_thread.c:684:6:APP_THREAD_SendBorderPacket	24	static
app_thread.c:718:13:APP_THREAD_CoapLightsSimpleRequestHandler	24	static
app_thread.c:781:13:APP_THREAD_CoapToggleLoggingRequestHandler	24	static
app_thread.c:840:13:APP_THREAD_CoapBorderTimeRequestHandler	24	static
app_thread.c:917:6:updateRTC	16	static
app_thread.c:985:13:APP_THREAD_CoapLightsComplexRequestHandler	24	static
app_thread.c:1260:13:APP_THREAD_SendCoapUnicastRequest	40	static
app_thread.c:1360:13:APP_THREAD_SendCoapUnicastMsg	40	static
app_thread.c:1467:13:APP_THREAD_SendDataResponse	32	static
app_thread.c:1499:6:APP_THREAD_RegisterCmdBuffer	16	static
app_thread.c:1504:26:THREAD_Get_OTCmdPayloadBuffer	4	static
app_thread.c:1509:26:THREAD_Get_OTCmdRspPayloadBuffer	4	static
app_thread.c:1514:26:THREAD_Get_NotificationPayloadBuffer	4	static
app_thread.c:1526:6:Ot_Cmd_Transfer	16	static
app_thread.c:1547:6:TL_OT_CmdEvtReceived	16	static
app_thread.c:1561:6:TL_THREAD_NotReceived	16	static
app_thread.c:1576:6:Pre_OtCmdProcessing	4	static
app_thread.c:1587:13:Wait_Getting_Ack_From_M0	4	static
app_thread.c:1602:13:Receive_Ack_From_M0	4	static
app_thread.c:1613:13:Receive_Notification_From_M0	8	static
app_thread.c:1622:13:RxCpltCallback	8	static
app_thread.c:1689:13:Send_CLI_To_M0	8	static
app_thread.c:1710:13:Send_CLI_Ack_For_OT	8	static
app_thread.c:1722:6:APP_THREAD_Init_UART_CLI	8	static
app_thread.c:1741:6:APP_THREAD_TL_THREAD_INIT	8	static
app_thread.c:1756:6:TL_THREAD_CliNotReceived	24	static
app_thread.c:1783:6:HostTxCb	8	static
app_thread.c:1793:6:APP_THREAD_ProcessMsgM0ToM4	8	static
