app_thread.c:380:6:APP_THREAD_Init	16	static
app_thread.c:449:6:APP_THREAD_Error	16	static
app_thread.c:500:13:APP_THREAD_DeviceConfig	24	static
app_thread.c:619:13:APP_THREAD_StateNotif	24	static
app_thread.c:689:13:APP_THREAD_TraceError	16	static
app_thread.c:702:13:APP_THREAD_CheckWirelessFirmwareInfo	40	static
app_thread.c:743:13:APP_THREAD_FreeRTOSProcessMsgM0ToM4Task	16	static
app_thread.c:760:13:APP_THREAD_FreeRTOSSendCLIToM0Task	16	static
app_thread.c:778:6:stm32UID	24	static
app_thread.c:833:13:APP_THREAD_DummyRespHandler	24	static
app_thread.c:844:13:APP_THREAD_CoapRespHandler_UpdateBorderRouter	32	static
app_thread.c:868:13:APP_THREAD_DummyReqHandler	24	static
app_thread.c:1288:6:APP_THREAD_UpdateBorderRouter	8	static
app_thread.c:1301:6:APP_THREAD_SyncWithBorderRouter	24	static
app_thread.c:1305:6:APP_THREAD_SendMyInfo	24	static
app_thread.c:1323:6:APP_THREAD_SendBorderMessage	40	static
app_thread.c:1328:6:APP_THREAD_SendBorderPacket	32	static
app_thread.c:1335:13:APP_THREAD_CoapLightsSimpleRequestHandler	24	static
app_thread.c:1406:13:APP_THREAD_CoapBorderTimeRequestHandler	32	static
app_thread.c:1456:13:APP_THREAD_CoapBorderPacketRequestHandler	24	static
app_thread.c:1500:13:APP_THREAD_CoapNodeInfoRequestHandler	24	static
app_thread.c:1538:6:updateRTC	40	static
app_thread.c:1560:13:APP_THREAD_CoapLightsComplexRequestHandler	24	static
app_thread.c:1597:13:APP_THREAD_SendCoapUnicastRequest	40	static
app_thread.c:1694:6:APP_THREAD_SendCoapMsg	40	static
app_thread.c:1814:13:APP_THREAD_SendCoapMsgForBorderSync	40	static
app_thread.c:1936:13:APP_THREAD_SendDataResponse	40	static
app_thread.c:1977:6:APP_THREAD_RegisterCmdBuffer	16	static
app_thread.c:1982:26:THREAD_Get_OTCmdPayloadBuffer	4	static
app_thread.c:1987:26:THREAD_Get_OTCmdRspPayloadBuffer	4	static
app_thread.c:1992:26:THREAD_Get_NotificationPayloadBuffer	4	static
app_thread.c:2004:6:Ot_Cmd_Transfer	16	static
app_thread.c:2025:6:TL_OT_CmdEvtReceived	16	static
app_thread.c:2039:6:TL_THREAD_NotReceived	16	static
app_thread.c:2054:6:Pre_OtCmdProcessing	4	static
app_thread.c:2065:13:Wait_Getting_Ack_From_M0	4	static
app_thread.c:2080:13:Receive_Ack_From_M0	4	static
app_thread.c:2091:13:Receive_Notification_From_M0	8	static
app_thread.c:2100:13:RxCpltCallback	8	static
app_thread.c:2167:13:Send_CLI_To_M0	8	static
app_thread.c:2188:13:Send_CLI_Ack_For_OT	8	static
app_thread.c:2200:6:APP_THREAD_Init_UART_CLI	8	static
app_thread.c:2219:6:APP_THREAD_TL_THREAD_INIT	8	static
app_thread.c:2234:6:TL_THREAD_CliNotReceived	24	static
app_thread.c:2261:6:HostTxCb	8	static
app_thread.c:2271:6:APP_THREAD_ProcessMsgM0ToM4	8	static
