app_thread.c:641:13:APP_THREAD_DummyReqHandler	0	static
app_thread.c:1564:13:Wait_Getting_Ack_From_M0	0	static
app_thread.c:1579:13:Receive_Ack_From_M0	0	static
app_thread.c:542:13:APP_THREAD_CheckWirelessFirmwareInfo	32	static
app_thread.c:388:13:APP_THREAD_DeviceConfig	8	static
app_thread.c:1444:13:APP_THREAD_SendDataResponse	24	static
app_thread.c:758:13:APP_THREAD_CoapToggleLoggingRequestHandler	16	static
app_thread.c:695:13:APP_THREAD_CoapLightsSimpleRequestHandler	24	static
app_thread.c:962:13:APP_THREAD_CoapLightsComplexRequestHandler	16	static
app_thread.c:1237:13:APP_THREAD_SendCoapUnicastRequest	40	static
app_thread.c:1337:13:APP_THREAD_SendCoapUnicastMsg	40	static
app_thread.c:1590:13:Receive_Notification_From_M0	8	static
app_thread.c:1599:13:RxCpltCallback	8	static
app_thread.c:1666:13:Send_CLI_To_M0	24	static
app_thread.c:600:13:APP_THREAD_FreeRTOSSendCLIToM0Task	8	static
app_thread.c:1687:13:Send_CLI_Ack_For_OT	8	static
app_thread.c:1761:6:HostTxCb	8	static
app_thread.c:337:6:APP_THREAD_Error	0	static
app_thread.c:650:6:APP_THREAD_GetBorderRouterIP	8	static
app_thread.c:656:6:APP_THREAD_SendMyIP	8	static
app_thread.c:817:13:APP_THREAD_CoapBorderTimeRequestHandler	16	static
app_thread.c:474:13:APP_THREAD_StateNotif	8	static
app_thread.c:661:6:APP_THREAD_SendBorderPacket	16	static
app_thread.c:894:6:updateRTC	0	static
app_thread.c:1476:6:APP_THREAD_RegisterCmdBuffer	0	static
app_thread.c:1481:26:THREAD_Get_OTCmdPayloadBuffer	0	static
app_thread.c:1486:26:THREAD_Get_OTCmdRspPayloadBuffer	0	static
app_thread.c:1491:26:THREAD_Get_NotificationPayloadBuffer	0	static
app_thread.c:1503:6:Ot_Cmd_Transfer	8	static
app_thread.c:1524:6:TL_OT_CmdEvtReceived	8	static
app_thread.c:1538:6:TL_THREAD_NotReceived	8	static
app_thread.c:1553:6:Pre_OtCmdProcessing	0	static
app_thread.c:1699:6:APP_THREAD_Init_UART_CLI	8	static
app_thread.c:1719:6:APP_THREAD_TL_THREAD_INIT	8	static
app_thread.c:277:6:APP_THREAD_Init	8	static
app_thread.c:1734:6:TL_THREAD_CliNotReceived	16	static
app_thread.c:1771:6:APP_THREAD_ProcessMsgM0ToM4	8	static
app_thread.c:583:13:APP_THREAD_FreeRTOSProcessMsgM0ToM4Task	8	static
