core_cm4.h:1939:34:__NVIC_SystemReset	4	static,ignoring_inline_asm
stm32wbxx_ll_system.h:2115:26:LL_FLASH_IsActiveFlag_OperationSuspended	4	static
stm32wbxx_ll_hsem.h:233:26:LL_HSEM_1StepLock	16	static
stm32wbxx_ll_hsem.h:247:22:LL_HSEM_ReleaseLock	24	static
app_thread.c:371:6:APP_THREAD_Init	16	static
app_thread.c:440:6:APP_THREAD_Error	16	static
app_thread.c:491:13:APP_THREAD_DeviceConfig	24	static
app_thread.c:607:13:APP_THREAD_StateNotif	24	static
app_thread.c:677:13:APP_THREAD_TraceError	16	static
app_thread.c:690:13:APP_THREAD_CheckWirelessFirmwareInfo	40	static
app_thread.c:731:13:APP_THREAD_FreeRTOSProcessMsgM0ToM4Task	16	static
app_thread.c:748:13:APP_THREAD_FreeRTOSSendCLIToM0Task	16	static
app_thread.c:766:6:stm32UID	24	static
app_thread.c:776:13:Delete_Sectors	56	static
app_thread.c:821:13:APP_THREAD_DummyRespHandler	24	static
app_thread.c:831:13:APP_THREAD_CoapRespHandler_UpdateBorderRouter	32	static
app_thread.c:851:13:APP_THREAD_DummyReqHandler	24	static
app_thread.c:866:13:APP_THREAD_CoapReqHandlerFuotaProvisioning	32	static
app_thread.c:888:13:APP_THREAD_ProvisioningRespSend	32	static
app_thread.c:938:13:APP_THREAD_CoapReqHandlerFuotaParameters	24	static
app_thread.c:985:33:APP_THREAD_CheckDeviceCapabilities	40	static
app_thread.c:1037:13:APP_THREAD_CoapReqHandlerFuota	72	static
app_thread.c:1121:13:APP_THREAD_CoapSendDataResponseFuota	32	static
app_thread.c:1158:13:APP_THREAD_CoapSendRespFuotaParameters	40	static
app_thread.c:1202:13:APP_THREAD_PerformReset	8	static
app_thread.c:1246:13:APP_THREAD_TimingElapsed	8	static
app_thread.c:1271:6:APP_THREAD_UpdateBorderRouter	8	static
app_thread.c:1283:6:APP_THREAD_SyncWithBorderRouter	24	static
app_thread.c:1287:6:APP_THREAD_SendMyInfo	24	static
app_thread.c:1305:6:APP_THREAD_SendBorderMessage	32	static
app_thread.c:1310:6:APP_THREAD_SendBorderPacket	32	static
app_thread.c:1317:13:APP_THREAD_CoapLightsSimpleRequestHandler	24	static
app_thread.c:1355:13:APP_THREAD_CoapToggleLoggingRequestHandler	24	static
app_thread.c:1396:13:APP_THREAD_CoapBorderTimeRequestHandler	32	static
app_thread.c:1436:13:APP_THREAD_CoapNodeInfoRequestHandler	24	static
app_thread.c:1474:6:updateRTC	40	static
app_thread.c:1528:13:APP_THREAD_CoapLightsComplexRequestHandler	24	static
app_thread.c:1790:13:APP_THREAD_SendCoapUnicastRequest	40	static
app_thread.c:1947:13:APP_THREAD_SendCoapMsg	40	static
app_thread.c:2060:13:APP_THREAD_SendCoapMsgForBorderSync	40	static
app_thread.c:2182:13:APP_THREAD_SendDataResponse	40	static
app_thread.c:2215:6:APP_THREAD_RegisterCmdBuffer	16	static
app_thread.c:2220:26:THREAD_Get_OTCmdPayloadBuffer	4	static
app_thread.c:2225:26:THREAD_Get_OTCmdRspPayloadBuffer	4	static
app_thread.c:2230:26:THREAD_Get_NotificationPayloadBuffer	4	static
app_thread.c:2242:6:Ot_Cmd_Transfer	16	static
app_thread.c:2263:6:TL_OT_CmdEvtReceived	16	static
app_thread.c:2277:6:TL_THREAD_NotReceived	16	static
app_thread.c:2292:6:Pre_OtCmdProcessing	4	static
app_thread.c:2303:13:Wait_Getting_Ack_From_M0	4	static
app_thread.c:2318:13:Receive_Ack_From_M0	4	static
app_thread.c:2329:13:Receive_Notification_From_M0	8	static
app_thread.c:2338:13:RxCpltCallback	8	static
app_thread.c:2405:13:Send_CLI_To_M0	8	static
app_thread.c:2426:13:Send_CLI_Ack_For_OT	8	static
app_thread.c:2438:6:APP_THREAD_Init_UART_CLI	8	static
app_thread.c:2457:6:APP_THREAD_TL_THREAD_INIT	8	static
app_thread.c:2472:6:TL_THREAD_CliNotReceived	24	static
app_thread.c:2499:6:HostTxCb	8	static
app_thread.c:2509:6:APP_THREAD_ProcessMsgM0ToM4	8	static
