app_thread.c:636:13:APP_THREAD_DummyReqHandler	0	static
app_thread.c:1586:13:Wait_Getting_Ack_From_M0	0	static
app_thread.c:1601:13:Receive_Ack_From_M0	0	static
app_thread.c:537:13:APP_THREAD_CheckWirelessFirmwareInfo	32	static
app_thread.c:386:13:APP_THREAD_DeviceConfig	8	static
app_thread.c:1466:13:APP_THREAD_SendDataResponse	24	static
app_thread.c:753:13:APP_THREAD_CoapToggleLoggingRequestHandler	16	static
app_thread.c:690:13:APP_THREAD_CoapLightsSimpleRequestHandler	24	static
app_thread.c:957:13:APP_THREAD_CoapLightsComplexRequestHandler	16	static
app_thread.c:1259:13:APP_THREAD_SendCoapUnicastRequest	40	static
app_thread.c:1359:13:APP_THREAD_SendCoapUnicastMsg	40	static
app_thread.c:1612:13:Receive_Notification_From_M0	8	static
app_thread.c:1621:13:RxCpltCallback	8	static
app_thread.c:1688:13:Send_CLI_To_M0	24	static
app_thread.c:595:13:APP_THREAD_FreeRTOSSendCLIToM0Task	8	static
app_thread.c:1709:13:Send_CLI_Ack_For_OT	8	static
app_thread.c:1783:6:HostTxCb	8	static
app_thread.c:335:6:APP_THREAD_Error	0	static
app_thread.c:645:6:APP_THREAD_GetBorderRouterIP	8	static
app_thread.c:651:6:APP_THREAD_SendMyIP	8	static
app_thread.c:812:13:APP_THREAD_CoapBorderTimeRequestHandler	16	static
app_thread.c:469:13:APP_THREAD_StateNotif	8	static
app_thread.c:656:6:APP_THREAD_SendBorderPacket	16	static
app_thread.c:889:6:updateRTC	0	static
app_thread.c:1498:6:APP_THREAD_RegisterCmdBuffer	0	static
app_thread.c:1503:26:THREAD_Get_OTCmdPayloadBuffer	0	static
app_thread.c:1508:26:THREAD_Get_OTCmdRspPayloadBuffer	0	static
app_thread.c:1513:26:THREAD_Get_NotificationPayloadBuffer	0	static
app_thread.c:1525:6:Ot_Cmd_Transfer	8	static
app_thread.c:1546:6:TL_OT_CmdEvtReceived	8	static
app_thread.c:1560:6:TL_THREAD_NotReceived	8	static
app_thread.c:1575:6:Pre_OtCmdProcessing	0	static
app_thread.c:1721:6:APP_THREAD_Init_UART_CLI	8	static
app_thread.c:1741:6:APP_THREAD_TL_THREAD_INIT	8	static
app_thread.c:275:6:APP_THREAD_Init	8	static
app_thread.c:1756:6:TL_THREAD_CliNotReceived	16	static
app_thread.c:1793:6:APP_THREAD_ProcessMsgM0ToM4	8	static
app_thread.c:578:13:APP_THREAD_FreeRTOSProcessMsgM0ToM4Task	8	static
