app_thread.c:400:6:APP_THREAD_Init	16	static
app_thread.c:469:6:APP_THREAD_Error	16	static
app_thread.c:520:13:APP_THREAD_DeviceConfig	24	static
app_thread.c:641:13:APP_THREAD_StateNotif	24	static
app_thread.c:711:13:APP_THREAD_TraceError	16	static
app_thread.c:724:13:APP_THREAD_CheckWirelessFirmwareInfo	40	static
app_thread.c:765:13:APP_THREAD_FreeRTOSProcessMsgM0ToM4Task	16	static
app_thread.c:782:13:APP_THREAD_FreeRTOSSendCLIToM0Task	16	static
app_thread.c:800:6:stm32UID	24	static
app_thread.c:855:13:APP_THREAD_DummyRespHandler	24	static
app_thread.c:866:13:APP_THREAD_CoapRespHandler_UpdateBorderRouter	32	static
app_thread.c:1310:6:APP_THREAD_UpdateBorderRouter	8	static
app_thread.c:1323:6:APP_THREAD_SyncWithBorderRouter	24	static
app_thread.c:1327:6:APP_THREAD_SendMyInfo	24	static
app_thread.c:1345:6:APP_THREAD_SendBorderMessage	40	static
app_thread.c:1350:6:APP_THREAD_SendBorderPacket	32	static
app_thread.c:1357:13:APP_THREAD_CoapLightsSimpleRequestHandler	24	static
app_thread.c:1398:13:APP_THREAD_CoapToggleLoggingRequestHandler	24	static
app_thread.c:1430:13:APP_THREAD_CoapBorderTimeRequestHandler	32	static
app_thread.c:1524:13:APP_THREAD_CoapNodeInfoRequestHandler	24	static
app_thread.c:1562:6:updateRTC	40	static
app_thread.c:1584:13:APP_THREAD_CoapLightsComplexRequestHandler	24	static
app_thread.c:1619:13:APP_THREAD_SendCoapUnicastRequest	40	static
app_thread.c:1716:6:APP_THREAD_SendCoapMsg	40	static
app_thread.c:1838:13:APP_THREAD_SendCoapMsgForBorderSync	40	static
app_thread.c:1960:13:APP_THREAD_SendDataResponse	40	static
app_thread.c:2001:6:APP_THREAD_RegisterCmdBuffer	16	static
app_thread.c:2006:26:THREAD_Get_OTCmdPayloadBuffer	4	static
app_thread.c:2011:26:THREAD_Get_OTCmdRspPayloadBuffer	4	static
app_thread.c:2016:26:THREAD_Get_NotificationPayloadBuffer	4	static
app_thread.c:2028:6:Ot_Cmd_Transfer	16	static
app_thread.c:2049:6:TL_OT_CmdEvtReceived	16	static
app_thread.c:2063:6:TL_THREAD_NotReceived	16	static
app_thread.c:2078:6:Pre_OtCmdProcessing	4	static
app_thread.c:2089:13:Wait_Getting_Ack_From_M0	4	static
app_thread.c:2104:13:Receive_Ack_From_M0	4	static
app_thread.c:2115:13:Receive_Notification_From_M0	8	static
app_thread.c:2124:13:RxCpltCallback	8	static
app_thread.c:2191:13:Send_CLI_To_M0	8	static
app_thread.c:2212:13:Send_CLI_Ack_For_OT	8	static
app_thread.c:2224:6:APP_THREAD_Init_UART_CLI	8	static
app_thread.c:2243:6:APP_THREAD_TL_THREAD_INIT	8	static
app_thread.c:2258:6:TL_THREAD_CliNotReceived	24	static
app_thread.c:2285:6:HostTxCb	8	static
app_thread.c:2295:6:APP_THREAD_ProcessMsgM0ToM4	8	static
