app_thread.c:280:6:APP_THREAD_Init	16	static
app_thread.c:340:6:APP_THREAD_Error	16	static
app_thread.c:391:13:APP_THREAD_DeviceConfig	16	static
app_thread.c:505:13:APP_THREAD_StateNotif	24	static
app_thread.c:560:13:APP_THREAD_TraceError	16	static
app_thread.c:573:13:APP_THREAD_CheckWirelessFirmwareInfo	40	static
app_thread.c:614:13:APP_THREAD_FreeRTOSProcessMsgM0ToM4Task	16	static
app_thread.c:631:13:APP_THREAD_FreeRTOSSendCLIToM0Task	16	static
app_thread.c:653:13:APP_THREAD_DummyRespHandler	24	static
app_thread.c:672:13:APP_THREAD_DummyReqHandler	24	static
app_thread.c:681:6:APP_THREAD_GetBorderRouterIP	8	static
app_thread.c:704:6:APP_THREAD_SendMyIP	16	static
app_thread.c:720:6:APP_THREAD_SendBorderMessage	24	static
app_thread.c:725:6:APP_THREAD_SendBorderPacket	24	static
app_thread.c:759:13:APP_THREAD_CoapLightsSimpleRequestHandler	24	static
app_thread.c:822:13:APP_THREAD_CoapToggleLoggingRequestHandler	24	static
app_thread.c:881:13:APP_THREAD_CoapBorderTimeRequestHandler	24	static
app_thread.c:958:6:updateRTC	16	static
app_thread.c:1026:13:APP_THREAD_CoapLightsComplexRequestHandler	24	static
app_thread.c:1301:13:APP_THREAD_SendCoapUnicastRequest	40	static
app_thread.c:1401:13:APP_THREAD_SendCoapUnicastMsg	32	static
app_thread.c:1515:13:APP_THREAD_SendDataResponse	32	static
app_thread.c:1547:6:APP_THREAD_RegisterCmdBuffer	16	static
app_thread.c:1552:26:THREAD_Get_OTCmdPayloadBuffer	4	static
app_thread.c:1557:26:THREAD_Get_OTCmdRspPayloadBuffer	4	static
app_thread.c:1562:26:THREAD_Get_NotificationPayloadBuffer	4	static
app_thread.c:1574:6:Ot_Cmd_Transfer	16	static
app_thread.c:1595:6:TL_OT_CmdEvtReceived	16	static
app_thread.c:1609:6:TL_THREAD_NotReceived	16	static
app_thread.c:1624:6:Pre_OtCmdProcessing	4	static
app_thread.c:1635:13:Wait_Getting_Ack_From_M0	4	static
app_thread.c:1650:13:Receive_Ack_From_M0	4	static
app_thread.c:1661:13:Receive_Notification_From_M0	8	static
app_thread.c:1670:13:RxCpltCallback	8	static
app_thread.c:1737:13:Send_CLI_To_M0	8	static
app_thread.c:1758:13:Send_CLI_Ack_For_OT	8	static
app_thread.c:1770:6:APP_THREAD_Init_UART_CLI	8	static
app_thread.c:1789:6:APP_THREAD_TL_THREAD_INIT	8	static
app_thread.c:1804:6:TL_THREAD_CliNotReceived	24	static
app_thread.c:1831:6:HostTxCb	8	static
app_thread.c:1841:6:APP_THREAD_ProcessMsgM0ToM4	8	static
