app_thread.c:389:6:APP_THREAD_Init	16	static
app_thread.c:458:6:APP_THREAD_Error	16	static
app_thread.c:509:13:APP_THREAD_DeviceConfig	24	static
app_thread.c:630:13:APP_THREAD_StateNotif	24	static
app_thread.c:701:13:APP_THREAD_TraceError	16	static
app_thread.c:714:13:APP_THREAD_CheckWirelessFirmwareInfo	40	static
app_thread.c:755:13:APP_THREAD_FreeRTOSProcessMsgM0ToM4Task	16	static
app_thread.c:772:13:APP_THREAD_FreeRTOSSendCLIToM0Task	16	static
app_thread.c:790:6:stm32UID	24	static
app_thread.c:845:13:APP_THREAD_DummyRespHandler	24	static
app_thread.c:856:13:APP_THREAD_CoapRespHandler_UpdateBorderRouter	32	static
app_thread.c:880:13:APP_THREAD_DummyReqHandler	24	static
app_thread.c:1300:6:APP_THREAD_UpdateBorderRouter	8	static
app_thread.c:1313:6:APP_THREAD_SyncWithBorderRouter	24	static
app_thread.c:1317:6:APP_THREAD_SendMyInfo	24	static
app_thread.c:1335:6:APP_THREAD_SendBorderMessage	40	static
app_thread.c:1340:6:APP_THREAD_SendBorderPacket	32	static
app_thread.c:1347:13:APP_THREAD_CoapLightsSimpleRequestHandler	24	static
app_thread.c:1386:13:APP_THREAD_CoapToggleLoggingRequestHandler	24	static
app_thread.c:1418:13:APP_THREAD_CoapBorderTimeRequestHandler	32	static
app_thread.c:1512:13:APP_THREAD_CoapNodeInfoRequestHandler	24	static
app_thread.c:1550:6:updateRTC	40	static
app_thread.c:1572:13:APP_THREAD_CoapLightsComplexRequestHandler	24	static
app_thread.c:1607:13:APP_THREAD_SendCoapUnicastRequest	40	static
app_thread.c:1704:6:APP_THREAD_SendCoapMsg	40	static
app_thread.c:1826:13:APP_THREAD_SendCoapMsgForBorderSync	40	static
app_thread.c:1948:13:APP_THREAD_SendDataResponse	40	static
app_thread.c:1989:6:APP_THREAD_RegisterCmdBuffer	16	static
app_thread.c:1994:26:THREAD_Get_OTCmdPayloadBuffer	4	static
app_thread.c:1999:26:THREAD_Get_OTCmdRspPayloadBuffer	4	static
app_thread.c:2004:26:THREAD_Get_NotificationPayloadBuffer	4	static
app_thread.c:2016:6:Ot_Cmd_Transfer	16	static
app_thread.c:2037:6:TL_OT_CmdEvtReceived	16	static
app_thread.c:2051:6:TL_THREAD_NotReceived	16	static
app_thread.c:2066:6:Pre_OtCmdProcessing	4	static
app_thread.c:2077:13:Wait_Getting_Ack_From_M0	4	static
app_thread.c:2092:13:Receive_Ack_From_M0	4	static
app_thread.c:2103:13:Receive_Notification_From_M0	8	static
app_thread.c:2112:13:RxCpltCallback	8	static
app_thread.c:2179:13:Send_CLI_To_M0	8	static
app_thread.c:2200:13:Send_CLI_Ack_For_OT	8	static
app_thread.c:2212:6:APP_THREAD_Init_UART_CLI	8	static
app_thread.c:2231:6:APP_THREAD_TL_THREAD_INIT	8	static
app_thread.c:2246:6:TL_THREAD_CliNotReceived	24	static
app_thread.c:2273:6:HostTxCb	8	static
app_thread.c:2283:6:APP_THREAD_ProcessMsgM0ToM4	8	static
