app_thread.c:302:6:APP_THREAD_Init	16	static
app_thread.c:361:6:APP_THREAD_Error	16	static
app_thread.c:410:13:APP_THREAD_DeviceConfig	24	static
app_thread.c:514:13:APP_THREAD_StateNotif	24	static
app_thread.c:581:13:APP_THREAD_TraceError	16	static
app_thread.c:593:13:APP_THREAD_CheckWirelessFirmwareInfo	40	static
app_thread.c:633:13:APP_THREAD_FreeRTOSProcessMsgM0ToM4Task	16	static
app_thread.c:648:13:APP_THREAD_FreeRTOSSendCLIToM0Task	16	static
app_thread.c:664:6:stm32UID	24	static
app_thread.c:672:13:APP_THREAD_DummyRespHandler	24	static
app_thread.c:682:13:APP_THREAD_CoapRespHandler_UpdateBorderRouter	32	static
app_thread.c:702:13:APP_THREAD_DummyReqHandler	24	static
app_thread.c:726:6:APP_THREAD_UpdateBorderRouter	8	static
app_thread.c:738:6:APP_THREAD_SyncWithBorderRouter	24	static
app_thread.c:742:6:APP_THREAD_SendMyInfo	24	static
app_thread.c:760:6:APP_THREAD_SendBorderMessage	32	static
app_thread.c:765:6:APP_THREAD_SendBorderPacket	32	static
app_thread.c:772:13:APP_THREAD_CoapLightsSimpleRequestHandler	24	static
app_thread.c:810:13:APP_THREAD_CoapToggleLoggingRequestHandler	24	static
app_thread.c:851:13:APP_THREAD_CoapBorderTimeRequestHandler	32	static
app_thread.c:891:13:APP_THREAD_CoapNodeInfoRequestHandler	24	static
app_thread.c:929:6:updateRTC	40	static
app_thread.c:983:13:APP_THREAD_CoapLightsComplexRequestHandler	24	static
app_thread.c:1245:13:APP_THREAD_SendCoapUnicastRequest	40	static
app_thread.c:1402:13:APP_THREAD_SendCoapMsg	40	static
app_thread.c:1515:13:APP_THREAD_SendCoapMsgForBorderSync	40	static
app_thread.c:1637:13:APP_THREAD_SendDataResponse	40	static
app_thread.c:1670:6:APP_THREAD_RegisterCmdBuffer	16	static
app_thread.c:1674:26:THREAD_Get_OTCmdPayloadBuffer	4	static
app_thread.c:1678:26:THREAD_Get_OTCmdRspPayloadBuffer	4	static
app_thread.c:1682:26:THREAD_Get_NotificationPayloadBuffer	4	static
app_thread.c:1693:6:Ot_Cmd_Transfer	16	static
app_thread.c:1713:6:TL_OT_CmdEvtReceived	16	static
app_thread.c:1726:6:TL_THREAD_NotReceived	16	static
app_thread.c:1740:6:Pre_OtCmdProcessing	4	static
app_thread.c:1750:13:Wait_Getting_Ack_From_M0	4	static
app_thread.c:1763:13:Receive_Ack_From_M0	4	static
app_thread.c:1773:13:Receive_Notification_From_M0	8	static
app_thread.c:1781:13:RxCpltCallback	8	static
app_thread.c:1845:13:Send_CLI_To_M0	8	static
app_thread.c:1865:13:Send_CLI_Ack_For_OT	8	static
app_thread.c:1876:6:APP_THREAD_Init_UART_CLI	8	static
app_thread.c:1894:6:APP_THREAD_TL_THREAD_INIT	8	static
app_thread.c:1908:6:TL_THREAD_CliNotReceived	24	static
app_thread.c:1931:6:HostTxCb	8	static
app_thread.c:1940:6:APP_THREAD_ProcessMsgM0ToM4	8	static
