app_thread.c:278:6:APP_THREAD_Init	16	static
app_thread.c:338:6:APP_THREAD_Error	16	static
app_thread.c:389:13:APP_THREAD_DeviceConfig	16	static
app_thread.c:475:13:APP_THREAD_StateNotif	24	static
app_thread.c:530:13:APP_THREAD_TraceError	16	static
app_thread.c:543:13:APP_THREAD_CheckWirelessFirmwareInfo	40	static
app_thread.c:584:13:APP_THREAD_FreeRTOSProcessMsgM0ToM4Task	16	static
app_thread.c:601:13:APP_THREAD_FreeRTOSSendCLIToM0Task	16	static
app_thread.c:623:13:APP_THREAD_DummyRespHandler	24	static
app_thread.c:642:13:APP_THREAD_DummyReqHandler	24	static
app_thread.c:651:6:APP_THREAD_GetBorderRouterIP	8	static
app_thread.c:663:6:APP_THREAD_SendMyIP	8	static
app_thread.c:669:6:APP_THREAD_SendBorderMessage	24	static
app_thread.c:674:6:APP_THREAD_SendBorderPacket	24	static
app_thread.c:708:13:APP_THREAD_CoapLightsSimpleRequestHandler	24	static
app_thread.c:771:13:APP_THREAD_CoapToggleLoggingRequestHandler	24	static
app_thread.c:830:13:APP_THREAD_CoapBorderTimeRequestHandler	24	static
app_thread.c:907:6:updateRTC	16	static
app_thread.c:975:13:APP_THREAD_CoapLightsComplexRequestHandler	24	static
app_thread.c:1250:13:APP_THREAD_SendCoapUnicastRequest	40	static
app_thread.c:1350:13:APP_THREAD_SendCoapUnicastMsg	40	static
app_thread.c:1457:13:APP_THREAD_SendDataResponse	32	static
app_thread.c:1489:6:APP_THREAD_RegisterCmdBuffer	16	static
app_thread.c:1494:26:THREAD_Get_OTCmdPayloadBuffer	4	static
app_thread.c:1499:26:THREAD_Get_OTCmdRspPayloadBuffer	4	static
app_thread.c:1504:26:THREAD_Get_NotificationPayloadBuffer	4	static
app_thread.c:1516:6:Ot_Cmd_Transfer	16	static
app_thread.c:1537:6:TL_OT_CmdEvtReceived	16	static
app_thread.c:1551:6:TL_THREAD_NotReceived	16	static
app_thread.c:1566:6:Pre_OtCmdProcessing	4	static
app_thread.c:1577:13:Wait_Getting_Ack_From_M0	4	static
app_thread.c:1592:13:Receive_Ack_From_M0	4	static
app_thread.c:1603:13:Receive_Notification_From_M0	8	static
app_thread.c:1612:13:RxCpltCallback	8	static
app_thread.c:1679:13:Send_CLI_To_M0	8	static
app_thread.c:1700:13:Send_CLI_Ack_For_OT	8	static
app_thread.c:1712:6:APP_THREAD_Init_UART_CLI	8	static
app_thread.c:1731:6:APP_THREAD_TL_THREAD_INIT	8	static
app_thread.c:1746:6:TL_THREAD_CliNotReceived	24	static
app_thread.c:1773:6:HostTxCb	8	static
app_thread.c:1783:6:APP_THREAD_ProcessMsgM0ToM4	8	static
