core_cm4.h:1939:34:__NVIC_SystemReset	4	static,ignoring_inline_asm
stm32wbxx_ll_system.h:2115:26:LL_FLASH_IsActiveFlag_OperationSuspended	4	static
stm32wbxx_ll_hsem.h:233:26:LL_HSEM_1StepLock	16	static
stm32wbxx_ll_hsem.h:247:22:LL_HSEM_ReleaseLock	24	static
app_thread.c:362:6:APP_THREAD_Init	16	static
app_thread.c:430:6:APP_THREAD_Error	16	static
app_thread.c:479:13:APP_THREAD_DeviceConfig	24	static
app_thread.c:588:13:APP_THREAD_StateNotif	24	static
app_thread.c:655:13:APP_THREAD_TraceError	16	static
app_thread.c:667:13:APP_THREAD_CheckWirelessFirmwareInfo	40	static
app_thread.c:707:13:APP_THREAD_FreeRTOSProcessMsgM0ToM4Task	16	static
app_thread.c:722:13:APP_THREAD_FreeRTOSSendCLIToM0Task	16	static
app_thread.c:738:6:stm32UID	24	static
app_thread.c:748:13:Delete_Sectors	56	static
app_thread.c:793:13:APP_THREAD_DummyRespHandler	24	static
app_thread.c:803:13:APP_THREAD_CoapRespHandler_UpdateBorderRouter	32	static
app_thread.c:823:13:APP_THREAD_DummyReqHandler	24	static
app_thread.c:838:13:APP_THREAD_CoapReqHandlerFuotaProvisioning	32	static
app_thread.c:860:13:APP_THREAD_ProvisioningRespSend	32	static
app_thread.c:910:13:APP_THREAD_CoapReqHandlerFuotaParameters	24	static
app_thread.c:957:33:APP_THREAD_CheckDeviceCapabilities	40	static
app_thread.c:1009:13:APP_THREAD_CoapReqHandlerFuota	72	static
app_thread.c:1093:13:APP_THREAD_CoapSendDataResponseFuota	32	static
app_thread.c:1130:13:APP_THREAD_CoapSendRespFuotaParameters	40	static
app_thread.c:1174:13:APP_THREAD_PerformReset	8	static
app_thread.c:1218:13:APP_THREAD_TimingElapsed	8	static
app_thread.c:1243:6:APP_THREAD_UpdateBorderRouter	8	static
app_thread.c:1255:6:APP_THREAD_SyncWithBorderRouter	24	static
app_thread.c:1259:6:APP_THREAD_SendMyInfo	24	static
app_thread.c:1277:6:APP_THREAD_SendBorderMessage	32	static
app_thread.c:1282:6:APP_THREAD_SendBorderPacket	32	static
app_thread.c:1289:13:APP_THREAD_CoapLightsSimpleRequestHandler	24	static
app_thread.c:1327:13:APP_THREAD_CoapToggleLoggingRequestHandler	24	static
app_thread.c:1368:13:APP_THREAD_CoapBorderTimeRequestHandler	32	static
app_thread.c:1408:13:APP_THREAD_CoapNodeInfoRequestHandler	24	static
app_thread.c:1446:6:updateRTC	40	static
app_thread.c:1500:13:APP_THREAD_CoapLightsComplexRequestHandler	24	static
app_thread.c:1762:13:APP_THREAD_SendCoapUnicastRequest	40	static
app_thread.c:1919:13:APP_THREAD_SendCoapMsg	40	static
app_thread.c:2032:13:APP_THREAD_SendCoapMsgForBorderSync	40	static
app_thread.c:2154:13:APP_THREAD_SendDataResponse	40	static
app_thread.c:2187:6:APP_THREAD_RegisterCmdBuffer	16	static
app_thread.c:2191:26:THREAD_Get_OTCmdPayloadBuffer	4	static
app_thread.c:2195:26:THREAD_Get_OTCmdRspPayloadBuffer	4	static
app_thread.c:2199:26:THREAD_Get_NotificationPayloadBuffer	4	static
app_thread.c:2210:6:Ot_Cmd_Transfer	16	static
app_thread.c:2230:6:TL_OT_CmdEvtReceived	16	static
app_thread.c:2243:6:TL_THREAD_NotReceived	16	static
app_thread.c:2257:6:Pre_OtCmdProcessing	4	static
app_thread.c:2267:13:Wait_Getting_Ack_From_M0	4	static
app_thread.c:2280:13:Receive_Ack_From_M0	4	static
app_thread.c:2290:13:Receive_Notification_From_M0	8	static
app_thread.c:2298:13:RxCpltCallback	8	static
app_thread.c:2362:13:Send_CLI_To_M0	8	static
app_thread.c:2382:13:Send_CLI_Ack_For_OT	8	static
app_thread.c:2393:6:APP_THREAD_Init_UART_CLI	8	static
app_thread.c:2411:6:APP_THREAD_TL_THREAD_INIT	8	static
app_thread.c:2425:6:TL_THREAD_CliNotReceived	24	static
app_thread.c:2448:6:HostTxCb	8	static
app_thread.c:2457:6:APP_THREAD_ProcessMsgM0ToM4	8	static
