app_thread.c:300:6:APP_THREAD_Init	16	static
app_thread.c:360:6:APP_THREAD_Error	16	static
app_thread.c:411:13:APP_THREAD_DeviceConfig	24	static
app_thread.c:523:13:APP_THREAD_StateNotif	24	static
app_thread.c:578:13:APP_THREAD_TraceError	16	static
app_thread.c:591:13:APP_THREAD_CheckWirelessFirmwareInfo	40	static
app_thread.c:632:13:APP_THREAD_FreeRTOSProcessMsgM0ToM4Task	16	static
app_thread.c:649:13:APP_THREAD_FreeRTOSSendCLIToM0Task	16	static
app_thread.c:671:13:APP_THREAD_DummyRespHandler	24	static
app_thread.c:690:13:APP_THREAD_DummyReqHandler	24	static
app_thread.c:723:6:APP_THREAD_UpdateBorderRouter	8	static
app_thread.c:735:6:APP_THREAD_SyncWithBorderRouter	24	static
app_thread.c:739:6:APP_THREAD_SendMyInfo	24	static
app_thread.c:756:6:APP_THREAD_SendBorderMessage	32	static
app_thread.c:761:6:APP_THREAD_SendBorderPacket	32	static
app_thread.c:767:13:APP_THREAD_CoapLightsSimpleRequestHandler	24	static
app_thread.c:831:13:APP_THREAD_CoapToggleLoggingRequestHandler	24	static
app_thread.c:892:13:APP_THREAD_CoapBorderTimeRequestHandler	32	static
app_thread.c:942:6:updateRTC	40	static
app_thread.c:1014:13:APP_THREAD_CoapLightsComplexRequestHandler	24	static
app_thread.c:1289:13:APP_THREAD_SendCoapUnicastRequest	40	static
app_thread.c:1450:13:APP_THREAD_SendCoapMsg	40	static
app_thread.c:1547:13:APP_THREAD_SendDataResponse	32	static
app_thread.c:1579:6:APP_THREAD_RegisterCmdBuffer	16	static
app_thread.c:1584:26:THREAD_Get_OTCmdPayloadBuffer	4	static
app_thread.c:1589:26:THREAD_Get_OTCmdRspPayloadBuffer	4	static
app_thread.c:1594:26:THREAD_Get_NotificationPayloadBuffer	4	static
app_thread.c:1606:6:Ot_Cmd_Transfer	16	static
app_thread.c:1627:6:TL_OT_CmdEvtReceived	16	static
app_thread.c:1641:6:TL_THREAD_NotReceived	16	static
app_thread.c:1656:6:Pre_OtCmdProcessing	4	static
app_thread.c:1667:13:Wait_Getting_Ack_From_M0	4	static
app_thread.c:1682:13:Receive_Ack_From_M0	4	static
app_thread.c:1693:13:Receive_Notification_From_M0	8	static
app_thread.c:1702:13:RxCpltCallback	8	static
app_thread.c:1769:13:Send_CLI_To_M0	8	static
app_thread.c:1790:13:Send_CLI_Ack_For_OT	8	static
app_thread.c:1802:6:APP_THREAD_Init_UART_CLI	8	static
app_thread.c:1821:6:APP_THREAD_TL_THREAD_INIT	8	static
app_thread.c:1836:6:TL_THREAD_CliNotReceived	24	static
app_thread.c:1863:6:HostTxCb	8	static
app_thread.c:1873:6:APP_THREAD_ProcessMsgM0ToM4	8	static
