stm32wbxx_hal_flash_ex.c:152:19:HAL_FLASHEx_Erase	24	static
stm32wbxx_hal_flash_ex.c:224:19:HAL_FLASHEx_Erase_IT	24	static
stm32wbxx_hal_flash_ex.c:288:19:HAL_FLASHEx_OBProgram	24	static
stm32wbxx_hal_flash_ex.c:389:6:HAL_FLASHEx_OBGetConfig	32	static
stm32wbxx_hal_flash_ex.c:428:10:HAL_FLASHEx_FlashEmptyCheck	4	static
stm32wbxx_hal_flash_ex.c:445:6:HAL_FLASHEx_ForceFlashEmpty	16	static
stm32wbxx_hal_flash_ex.c:461:6:HAL_FLASHEx_SuspendOperation	4	static
stm32wbxx_hal_flash_ex.c:475:6:HAL_FLASHEx_AllowOperation	4	static
stm32wbxx_hal_flash_ex.c:491:10:HAL_FLASHEx_IsOperationSuspended	16	static
stm32wbxx_hal_flash_ex.c:520:13:FLASH_MassErase	4	static
stm32wbxx_hal_flash_ex.c:532:6:FLASH_PageErase	16	static
stm32wbxx_hal_flash_ex.c:545:13:FLASH_FlushCaches	4	static
stm32wbxx_hal_flash_ex.c:574:13:FLASH_AcknowledgePageErase	4	static
stm32wbxx_hal_flash_ex.c:602:13:FLASH_OB_WRPConfig	24	static
stm32wbxx_hal_flash_ex.c:656:13:FLASH_OB_OptrConfig	32	static
stm32wbxx_hal_flash_ex.c:686:13:FLASH_OB_PCROP1AConfig	40	static
stm32wbxx_hal_flash_ex.c:737:13:FLASH_OB_PCROP1BConfig	24	static
stm32wbxx_hal_flash_ex.c:767:13:FLASH_OB_IPCCBufferAddrConfig	16	static
stm32wbxx_hal_flash_ex.c:784:13:FLASH_OB_SecureConfig	24	static
stm32wbxx_hal_flash_ex.c:855:13:FLASH_OB_GetWRP	24	static
stm32wbxx_hal_flash_ex.c:881:17:FLASH_OB_GetRDP	16	static
stm32wbxx_hal_flash_ex.c:913:17:FLASH_OB_GetUser	16	static
stm32wbxx_hal_flash_ex.c:934:13:FLASH_OB_GetPCROP	32	static
stm32wbxx_hal_flash_ex.c:957:17:FLASH_OB_GetIPCCBufferAddr	4	static
stm32wbxx_hal_flash_ex.c:973:13:FLASH_OB_GetSecureMemoryConfig	40	static
stm32wbxx_hal_flash_ex.c:1003:13:FLASH_OB_GetC2BootResetConfig	16	static
stm32wbxx_hal_flash_ex.c:1021:26:FLASH_OB_ProceedWriteOperation	16	static
