stm32wbxx_ll_rcc.h:2662:26:LL_RCC_GetUSARTClockSource	16	static
stm32wbxx_ll_rcc.h:2679:26:LL_RCC_GetLPUARTClockSource	16	static
stm32wbxx_hal_uart.c:297:19:HAL_UART_Init	16	static
stm32wbxx_hal_uart.c:374:19:HAL_HalfDuplex_Init	16	static
stm32wbxx_hal_uart.c:447:19:HAL_LIN_Init	16	static
stm32wbxx_hal_uart.c:544:19:HAL_MultiProcessor_Init	24	static
stm32wbxx_hal_uart.c:618:19:HAL_UART_DeInit	16	static
stm32wbxx_hal_uart.c:667:13:HAL_UART_MspInit	16	static
stm32wbxx_hal_uart.c:682:13:HAL_UART_MspDeInit	16	static
stm32wbxx_hal_uart.c:1041:19:HAL_UART_Transmit	48	static
stm32wbxx_hal_uart.c:1130:19:HAL_UART_Receive	48	static
stm32wbxx_hal_uart.c:1215:19:HAL_UART_Transmit_IT	24	static
stm32wbxx_hal_uart.c:1289:19:HAL_UART_Receive_IT	24	static
stm32wbxx_hal_uart.c:1370:19:HAL_UART_Transmit_DMA	24	static
stm32wbxx_hal_uart.c:1446:19:HAL_UART_Receive_DMA	24	static
stm32wbxx_hal_uart.c:1517:19:HAL_UART_DMAPause	24	static
stm32wbxx_hal_uart.c:1551:19:HAL_UART_DMAResume	16	static
stm32wbxx_hal_uart.c:1583:19:HAL_UART_DMAStop	24	static
stm32wbxx_hal_uart.c:1658:19:HAL_UART_Abort	16	static
stm32wbxx_hal_uart.c:1751:19:HAL_UART_AbortTransmit	16	static
stm32wbxx_hal_uart.c:1809:19:HAL_UART_AbortReceive	16	static
stm32wbxx_hal_uart.c:1869:19:HAL_UART_Abort_IT	24	static
stm32wbxx_hal_uart.c:2013:19:HAL_UART_AbortTransmit_IT	16	static
stm32wbxx_hal_uart.c:2103:19:HAL_UART_AbortReceive_IT	16	static
stm32wbxx_hal_uart.c:2187:6:HAL_UART_IRQHandler	40	static
stm32wbxx_hal_uart.c:2419:13:HAL_UART_TxCpltCallback	16	static
stm32wbxx_hal_uart.c:2434:13:HAL_UART_TxHalfCpltCallback	16	static
stm32wbxx_hal_uart.c:2449:13:HAL_UART_RxCpltCallback	16	static
stm32wbxx_hal_uart.c:2464:13:HAL_UART_RxHalfCpltCallback	16	static
stm32wbxx_hal_uart.c:2479:13:HAL_UART_ErrorCallback	16	static
stm32wbxx_hal_uart.c:2494:13:HAL_UART_AbortCpltCallback	16	static
stm32wbxx_hal_uart.c:2509:13:HAL_UART_AbortTransmitCpltCallback	16	static
stm32wbxx_hal_uart.c:2524:13:HAL_UART_AbortReceiveCpltCallback	16	static
stm32wbxx_hal_uart.c:2571:6:HAL_UART_ReceiverTimeout_Config	16	static
stm32wbxx_hal_uart.c:2586:19:HAL_UART_EnableReceiverTimeout	16	static
stm32wbxx_hal_uart.c:2624:19:HAL_UART_DisableReceiverTimeout	16	static
stm32wbxx_hal_uart.c:2662:19:HAL_MultiProcessor_EnableMuteMode	16	static
stm32wbxx_hal_uart.c:2682:19:HAL_MultiProcessor_DisableMuteMode	16	static
stm32wbxx_hal_uart.c:2702:6:HAL_MultiProcessor_EnterMuteMode	16	static
stm32wbxx_hal_uart.c:2712:19:HAL_HalfDuplex_EnableTransmitter	16	static
stm32wbxx_hal_uart.c:2735:19:HAL_HalfDuplex_EnableReceiver	16	static
stm32wbxx_hal_uart.c:2759:19:HAL_LIN_SendBreak	16	static
stm32wbxx_hal_uart.c:2804:23:HAL_UART_GetState	24	static
stm32wbxx_hal_uart.c:2820:10:HAL_UART_GetError	16	static
stm32wbxx_hal_uart.c:2865:19:UART_SetConfig	56	static
stm32wbxx_hal_uart.c:3100:6:UART_AdvFeatureConfig	16	static
stm32wbxx_hal_uart.c:3174:19:UART_CheckIdleState	32	static
stm32wbxx_hal_uart.c:3224:19:UART_WaitOnFlagUntilTimeout	24	static
stm32wbxx_hal_uart.c:3279:13:UART_EndTxTransfer	16	static
stm32wbxx_hal_uart.c:3295:13:UART_EndRxTransfer	16	static
stm32wbxx_hal_uart.c:3314:13:UART_DMATransmitCplt	24	static
stm32wbxx_hal_uart.c:3348:13:UART_DMATxHalfCplt	24	static
stm32wbxx_hal_uart.c:3366:13:UART_DMAReceiveCplt	24	static
stm32wbxx_hal_uart.c:3401:13:UART_DMARxHalfCplt	24	static
stm32wbxx_hal_uart.c:3419:13:UART_DMAError	32	static
stm32wbxx_hal_uart.c:3459:13:UART_DMAAbortOnError	24	static
stm32wbxx_hal_uart.c:3482:13:UART_DMATxAbortCallback	24	static
stm32wbxx_hal_uart.c:3536:13:UART_DMARxAbortCallback	24	static
stm32wbxx_hal_uart.c:3587:13:UART_DMATxOnlyAbortCallback	24	static
stm32wbxx_hal_uart.c:3620:13:UART_DMARxOnlyAbortCallback	24	static
stm32wbxx_hal_uart.c:3652:13:UART_TxISR_8BIT	16	static
stm32wbxx_hal_uart.c:3681:13:UART_TxISR_16BIT	24	static
stm32wbxx_hal_uart.c:3713:13:UART_TxISR_8BIT_FIFOEN	24	static
stm32wbxx_hal_uart.c:3753:13:UART_TxISR_16BIT_FIFOEN	24	static
stm32wbxx_hal_uart.c:3794:13:UART_EndTransmit_IT	16	static
stm32wbxx_hal_uart.c:3819:13:UART_RxISR_8BIT	24	static
stm32wbxx_hal_uart.c:3869:13:UART_RxISR_16BIT	24	static
stm32wbxx_hal_uart.c:3921:13:UART_RxISR_8BIT_FIFOEN	24	static
stm32wbxx_hal_uart.c:3993:13:UART_RxISR_16BIT_FIFOEN	32	static
