stm32wbxx_ll_adc.h:2013:22:LL_ADC_SetCommonClock	16	static
stm32wbxx_ll_adc.h:2083:22:LL_ADC_SetCommonPathInternalCh	16	static
stm32wbxx_ll_adc.h:2176:26:LL_ADC_GetCommonPathInternalCh	16	static
stm32wbxx_ll_adc.h:2495:22:LL_ADC_SetOffset	24	static
stm32wbxx_ll_adc.h:2562:26:LL_ADC_GetOffsetChannel	16	static
stm32wbxx_ll_adc.h:2621:22:LL_ADC_SetOffsetState	24	static
stm32wbxx_ll_adc.h:2752:26:LL_ADC_REG_IsTriggerSourceSWStart	16	static
stm32wbxx_ll_adc.h:3042:22:LL_ADC_REG_SetSequencerRanks	24	static
stm32wbxx_ll_adc.h:3256:26:LL_ADC_REG_GetDMATransfer	16	static
stm32wbxx_ll_adc.h:3394:26:LL_ADC_INJ_IsTriggerSourceSWStart	16	static
stm32wbxx_ll_adc.h:4038:22:LL_ADC_SetChannelSamplingTime	24	static
stm32wbxx_ll_adc.h:4176:22:LL_ADC_SetChannelSingleDiff	24	static
stm32wbxx_ll_adc.h:4359:22:LL_ADC_SetAnalogWDMonitChannels	24	static
stm32wbxx_ll_adc.h:4603:22:LL_ADC_ConfigAnalogWDThresholds	24	static
stm32wbxx_ll_adc.h:4958:22:LL_ADC_DisableDeepPowerDown	16	static
stm32wbxx_ll_adc.h:4972:26:LL_ADC_IsDeepPowerDownEnabled	16	static
stm32wbxx_ll_adc.h:4991:22:LL_ADC_EnableInternalRegulator	16	static
stm32wbxx_ll_adc.h:5021:26:LL_ADC_IsInternalRegulatorEnabled	16	static
stm32wbxx_ll_adc.h:5042:22:LL_ADC_Enable	16	static
stm32wbxx_ll_adc.h:5062:22:LL_ADC_Disable	16	static
stm32wbxx_ll_adc.h:5081:26:LL_ADC_IsEnabled	16	static
stm32wbxx_ll_adc.h:5092:26:LL_ADC_IsDisableOngoing	16	static
stm32wbxx_ll_adc.h:5167:22:LL_ADC_REG_StartConversion	16	static
stm32wbxx_ll_adc.h:5187:22:LL_ADC_REG_StopConversion	16	static
stm32wbxx_ll_adc.h:5203:26:LL_ADC_REG_IsConversionOngoing	16	static
stm32wbxx_ll_adc.h:5339:22:LL_ADC_INJ_StopConversion	16	static
stm32wbxx_ll_adc.h:5355:26:LL_ADC_INJ_IsConversionOngoing	16	static
stm32wbxx_ll_adc.h:5734:22:LL_ADC_ClearFlag_AWD1	16	static
stm32wbxx_ll_adc.h:5745:22:LL_ADC_ClearFlag_AWD2	16	static
stm32wbxx_ll_adc.h:5756:22:LL_ADC_ClearFlag_AWD3	16	static
stm32wbxx_ll_adc.h:5863:22:LL_ADC_EnableIT_AWD1	16	static
stm32wbxx_ll_adc.h:5874:22:LL_ADC_EnableIT_AWD2	16	static
stm32wbxx_ll_adc.h:5885:22:LL_ADC_EnableIT_AWD3	16	static
stm32wbxx_ll_adc.h:5984:22:LL_ADC_DisableIT_AWD1	16	static
stm32wbxx_ll_adc.h:5995:22:LL_ADC_DisableIT_AWD2	16	static
stm32wbxx_ll_adc.h:6006:22:LL_ADC_DisableIT_AWD3	16	static
stm32wbxx_hal_adc.c:394:19:HAL_ADC_Init	40	static
stm32wbxx_hal_adc.c:696:19:HAL_ADC_DeInit	24	static
stm32wbxx_hal_adc.c:898:13:HAL_ADC_MspInit	16	static
stm32wbxx_hal_adc.c:915:13:HAL_ADC_MspDeInit	16	static
stm32wbxx_hal_adc.c:1201:19:HAL_ADC_Start	24	static
stm32wbxx_hal_adc.c:1280:19:HAL_ADC_Stop	24	static
stm32wbxx_hal_adc.c:1334:19:HAL_ADC_PollForConversion	24	static
stm32wbxx_hal_adc.c:1453:19:HAL_ADC_PollForEvent	32	static
stm32wbxx_hal_adc.c:1593:19:HAL_ADC_Start_IT	24	static
stm32wbxx_hal_adc.c:1695:19:HAL_ADC_Stop_IT	24	static
stm32wbxx_hal_adc.c:1745:19:HAL_ADC_Start_DMA	32	static
stm32wbxx_hal_adc.c:1849:19:HAL_ADC_Stop_DMA	24	static
stm32wbxx_hal_adc.c:1934:10:HAL_ADC_GetValue	16	static
stm32wbxx_hal_adc.c:1951:6:HAL_ADC_IRQHandler	40	static
stm32wbxx_hal_adc.c:2260:13:HAL_ADC_ConvCpltCallback	16	static
stm32wbxx_hal_adc.c:2275:13:HAL_ADC_ConvHalfCpltCallback	16	static
stm32wbxx_hal_adc.c:2290:13:HAL_ADC_LevelOutOfWindowCallback	16	static
stm32wbxx_hal_adc.c:2312:13:HAL_ADC_ErrorCallback	16	static
stm32wbxx_hal_adc.c:2358:19:HAL_ADC_ConfigChannel	160	static,ignoring_inline_asm
stm32wbxx_hal_adc.c:2573:19:HAL_ADC_AnalogWDGConfig	56	static,ignoring_inline_asm
stm32wbxx_hal_adc.c:2825:10:HAL_ADC_GetState	16	static
stm32wbxx_hal_adc.c:2839:10:HAL_ADC_GetError	16	static
stm32wbxx_hal_adc.c:2869:19:ADC_ConversionStop	40	static
stm32wbxx_hal_adc.c:2999:19:ADC_Enable	24	static
stm32wbxx_hal_adc.c:3066:19:ADC_Disable	24	static
stm32wbxx_hal_adc.c:3124:6:ADC_DMAConvCplt	24	static
stm32wbxx_hal_adc.c:3202:6:ADC_DMAHalfConvCplt	24	static
stm32wbxx_hal_adc.c:3220:6:ADC_DMAError	24	static
