stm32wbxx_ll_rcc.h:1266:26:LL_RCC_HSE_IsEnabledDiv2	4	static
stm32wbxx_ll_rcc.h:1276:22:LL_RCC_HSE_EnableCSS	4	static
stm32wbxx_ll_rcc.h:1286:22:LL_RCC_HSE_EnableBypass	4	static
stm32wbxx_ll_rcc.h:1296:22:LL_RCC_HSE_DisableBypass	4	static
stm32wbxx_ll_rcc.h:1306:22:LL_RCC_HSE_Enable	4	static
stm32wbxx_ll_rcc.h:1316:22:LL_RCC_HSE_Disable	4	static
stm32wbxx_ll_rcc.h:1326:26:LL_RCC_HSE_IsReady	4	static
stm32wbxx_ll_rcc.h:1468:22:LL_RCC_HSI_Enable	4	static
stm32wbxx_ll_rcc.h:1478:22:LL_RCC_HSI_Disable	4	static
stm32wbxx_ll_rcc.h:1488:26:LL_RCC_HSI_IsReady	4	static
stm32wbxx_ll_rcc.h:1533:22:LL_RCC_HSI_SetCalibTrimming	16	static
stm32wbxx_ll_rcc.h:1543:26:LL_RCC_HSI_GetCalibTrimming	4	static
stm32wbxx_ll_rcc.h:1561:22:LL_RCC_HSI48_Enable	4	static
stm32wbxx_ll_rcc.h:1571:22:LL_RCC_HSI48_Disable	4	static
stm32wbxx_ll_rcc.h:1581:26:LL_RCC_HSI48_IsReady	4	static
stm32wbxx_ll_rcc.h:1609:22:LL_RCC_LSE_Enable	4	static
stm32wbxx_ll_rcc.h:1619:22:LL_RCC_LSE_Disable	4	static
stm32wbxx_ll_rcc.h:1639:22:LL_RCC_LSE_EnableBypass	4	static
stm32wbxx_ll_rcc.h:1649:22:LL_RCC_LSE_DisableBypass	4	static
stm32wbxx_ll_rcc.h:1711:26:LL_RCC_LSE_IsReady	4	static
stm32wbxx_ll_rcc.h:1739:22:LL_RCC_LSI1_Enable	4	static
stm32wbxx_ll_rcc.h:1749:22:LL_RCC_LSI1_Disable	4	static
stm32wbxx_ll_rcc.h:1759:26:LL_RCC_LSI1_IsReady	4	static
stm32wbxx_ll_rcc.h:1777:22:LL_RCC_LSI2_Enable	4	static
stm32wbxx_ll_rcc.h:1787:22:LL_RCC_LSI2_Disable	4	static
stm32wbxx_ll_rcc.h:1797:26:LL_RCC_LSI2_IsReady	4	static
stm32wbxx_ll_rcc.h:1808:22:LL_RCC_LSI2_SetTrimming	16	static
stm32wbxx_ll_rcc.h:1836:22:LL_RCC_MSI_Enable	4	static
stm32wbxx_ll_rcc.h:1846:22:LL_RCC_MSI_Disable	4	static
stm32wbxx_ll_rcc.h:1856:26:LL_RCC_MSI_IsReady	4	static
stm32wbxx_ll_rcc.h:1906:22:LL_RCC_MSI_SetRange	16	static
stm32wbxx_ll_rcc.h:1928:26:LL_RCC_MSI_GetRange	16	static
stm32wbxx_ll_rcc.h:1958:22:LL_RCC_MSI_SetCalibTrimming	16	static
stm32wbxx_ll_rcc.h:1968:26:LL_RCC_MSI_GetCalibTrimming	4	static
stm32wbxx_ll_rcc.h:2044:22:LL_RCC_SetSysClkSource	16	static
stm32wbxx_ll_rcc.h:2058:26:LL_RCC_GetSysClkSource	4	static
stm32wbxx_ll_rcc.h:2134:22:LL_RCC_SetAHBPrescaler	16	static
stm32wbxx_ll_rcc.h:2159:22:LL_C2_RCC_SetAHBPrescaler	16	static
stm32wbxx_ll_rcc.h:2184:22:LL_RCC_SetAHB4Prescaler	16	static
stm32wbxx_ll_rcc.h:2200:22:LL_RCC_SetAPB1Prescaler	16	static
stm32wbxx_ll_rcc.h:2216:22:LL_RCC_SetAPB2Prescaler	16	static
stm32wbxx_ll_rcc.h:2240:26:LL_RCC_GetAHBPrescaler	4	static
stm32wbxx_ll_rcc.h:2264:26:LL_C2_RCC_GetAHBPrescaler	4	static
stm32wbxx_ll_rcc.h:2288:26:LL_RCC_GetAHB4Prescaler	4	static
stm32wbxx_ll_rcc.h:2303:26:LL_RCC_GetAPB1Prescaler	4	static
stm32wbxx_ll_rcc.h:2318:26:LL_RCC_GetAPB2Prescaler	4	static
stm32wbxx_ll_rcc.h:2465:22:LL_RCC_ConfigMCO	16	static
stm32wbxx_ll_rcc.h:2910:22:LL_RCC_PLL_Enable	4	static
stm32wbxx_ll_rcc.h:2921:22:LL_RCC_PLL_Disable	4	static
stm32wbxx_ll_rcc.h:2931:26:LL_RCC_PLL_IsReady	4	static
stm32wbxx_ll_rcc.h:3149:26:LL_RCC_PLL_GetN	4	static
stm32wbxx_ll_rcc.h:3191:26:LL_RCC_PLL_GetP	4	static
stm32wbxx_ll_rcc.h:3209:26:LL_RCC_PLL_GetQ	4	static
stm32wbxx_ll_rcc.h:3227:26:LL_RCC_PLL_GetR	4	static
stm32wbxx_ll_rcc.h:3245:26:LL_RCC_PLL_GetDivider	4	static
stm32wbxx_ll_rcc.h:3376:26:LL_RCC_PLLSAI1_IsReady	4	static
stm32wbxx_ll_rcc.h:3778:26:LL_RCC_PLL_GetMainSource	4	static
stm32wbxx_ll_rcc.h:3952:26:LL_RCC_IsActiveFlag_HPRE	4	static
stm32wbxx_ll_rcc.h:3962:26:LL_RCC_IsActiveFlag_C2HPRE	4	static
stm32wbxx_ll_rcc.h:3972:26:LL_RCC_IsActiveFlag_SHDHPRE	4	static
stm32wbxx_ll_rcc.h:3983:26:LL_RCC_IsActiveFlag_PPRE1	4	static
stm32wbxx_ll_rcc.h:3993:26:LL_RCC_IsActiveFlag_PPRE2	4	static
stm32wbxx_ll_bus.h:508:22:LL_AHB2_GRP1_EnableClock	24	static
stm32wbxx_hal_rcc.c:268:19:HAL_RCC_DeInit	16	static
stm32wbxx_hal_rcc.c:383:19:HAL_RCC_OscConfig	56	static
stm32wbxx_hal_rcc.c:1010:19:HAL_RCC_ClockConfig	24	static
stm32wbxx_hal_rcc.c:1270:6:HAL_RCC_MCOConfig	48	static
stm32wbxx_hal_rcc.c:1350:10:HAL_RCC_GetSysClockFreq	32	static
stm32wbxx_hal_rcc.c:1413:10:HAL_RCC_GetHCLKFreq	16	static
stm32wbxx_hal_rcc.c:1423:10:HAL_RCC_GetHCLK2Freq	16	static
stm32wbxx_hal_rcc.c:1433:10:HAL_RCC_GetHCLK4Freq	16	static
stm32wbxx_hal_rcc.c:1445:10:HAL_RCC_GetPCLK1Freq	16	static
stm32wbxx_hal_rcc.c:1457:10:HAL_RCC_GetPCLK2Freq	16	static
stm32wbxx_hal_rcc.c:1470:6:HAL_RCC_GetOscConfig	24	static
stm32wbxx_hal_rcc.c:1580:6:HAL_RCC_GetClockConfig	16	static
stm32wbxx_hal_rcc.c:1622:6:HAL_RCC_EnableCSS	8	static
stm32wbxx_hal_rcc.c:1632:6:HAL_RCC_NMI_IRQHandler	8	static
stm32wbxx_hal_rcc.c:1649:13:HAL_RCC_CSSCallback	4	static
stm32wbxx_hal_rcc.c:1676:26:RCC_SetFlashLatencyFromMSIRange	32	static
stm32wbxx_hal_rcc.c:1709:26:RCC_SetFlashLatency	88	static
