stm32wbxx_ll_exti.h:280:22:LL_EXTI_EnableIT_0_31	16	static
stm32wbxx_ll_exti.h:987:22:LL_EXTI_EnableRisingTrig_0_31	16	static
stm32wbxx_ll_rcc.h:1266:26:LL_RCC_HSE_IsEnabledDiv2	4	static
stm32wbxx_ll_rcc.h:1326:26:LL_RCC_HSE_IsReady	4	static
stm32wbxx_ll_rcc.h:1488:26:LL_RCC_HSI_IsReady	4	static
stm32wbxx_ll_rcc.h:1581:26:LL_RCC_HSI48_IsReady	4	static
stm32wbxx_ll_rcc.h:1629:26:LL_RCC_LSE_IsEnabled	4	static
stm32wbxx_ll_rcc.h:1689:22:LL_RCC_LSE_EnableCSS	4	static
stm32wbxx_ll_rcc.h:1701:22:LL_RCC_LSE_DisableCSS	4	static
stm32wbxx_ll_rcc.h:1711:26:LL_RCC_LSE_IsReady	4	static
stm32wbxx_ll_rcc.h:1759:26:LL_RCC_LSI1_IsReady	4	static
stm32wbxx_ll_rcc.h:1797:26:LL_RCC_LSI2_IsReady	4	static
stm32wbxx_ll_rcc.h:1808:22:LL_RCC_LSI2_SetTrimming	16	static
stm32wbxx_ll_rcc.h:1856:26:LL_RCC_MSI_IsReady	4	static
stm32wbxx_ll_rcc.h:1870:22:LL_RCC_MSI_EnablePLLMode	4	static
stm32wbxx_ll_rcc.h:1882:22:LL_RCC_MSI_DisablePLLMode	4	static
stm32wbxx_ll_rcc.h:1928:26:LL_RCC_MSI_GetRange	16	static
stm32wbxx_ll_rcc.h:1996:22:LL_RCC_LSCO_Disable	4	static
stm32wbxx_ll_rcc.h:2085:22:LL_RCC_SetRFWKPClockSource	16	static
stm32wbxx_ll_rcc.h:2099:26:LL_RCC_GetRFWKPClockSource	4	static
stm32wbxx_ll_rcc.h:2240:26:LL_RCC_GetAHBPrescaler	4	static
stm32wbxx_ll_rcc.h:2303:26:LL_RCC_GetAPB1Prescaler	4	static
stm32wbxx_ll_rcc.h:2318:26:LL_RCC_GetAPB2Prescaler	4	static
stm32wbxx_ll_rcc.h:2331:22:LL_RCC_SetClkAfterWakeFromStop	16	static
stm32wbxx_ll_rcc.h:2370:22:LL_RCC_SetSMPSClockSource	16	static
stm32wbxx_ll_rcc.h:2383:26:LL_RCC_GetSMPSClockSelection	4	static
stm32wbxx_ll_rcc.h:2398:26:LL_RCC_GetSMPSClockSource	4	static
stm32wbxx_ll_rcc.h:2413:22:LL_RCC_SetSMPSPrescaler	16	static
stm32wbxx_ll_rcc.h:2427:26:LL_RCC_GetSMPSPrescaler	4	static
stm32wbxx_ll_rcc.h:2488:22:LL_RCC_SetUSARTClockSource	16	static
stm32wbxx_ll_rcc.h:2504:22:LL_RCC_SetLPUARTClockSource	16	static
stm32wbxx_ll_rcc.h:2522:22:LL_RCC_SetI2CClockSource	16	static
stm32wbxx_ll_rcc.h:2541:22:LL_RCC_SetLPTIMClockSource	16	static
stm32wbxx_ll_rcc.h:2557:22:LL_RCC_SetSAIClockSource	16	static
stm32wbxx_ll_rcc.h:2573:22:LL_RCC_SetRNGClockSource	16	static
stm32wbxx_ll_rcc.h:2588:22:LL_RCC_SetCLK48ClockSource	16	static
stm32wbxx_ll_rcc.h:2603:22:LL_RCC_SetUSBClockSource	16	static
stm32wbxx_ll_rcc.h:2646:22:LL_RCC_SetADCClockSource	16	static
stm32wbxx_ll_rcc.h:2662:26:LL_RCC_GetUSARTClockSource	16	static
stm32wbxx_ll_rcc.h:2679:26:LL_RCC_GetLPUARTClockSource	16	static
stm32wbxx_ll_rcc.h:2699:26:LL_RCC_GetI2CClockSource	16	static
stm32wbxx_ll_rcc.h:2720:26:LL_RCC_GetLPTIMClockSource	16	static
stm32wbxx_ll_rcc.h:2737:26:LL_RCC_GetSAIClockSource	16	static
stm32wbxx_ll_rcc.h:2753:26:LL_RCC_GetRNGClockSource	16	static
stm32wbxx_ll_rcc.h:2769:26:LL_RCC_GetCLK48ClockSource	16	static
stm32wbxx_ll_rcc.h:2785:26:LL_RCC_GetUSBClockSource	16	static
stm32wbxx_ll_rcc.h:2801:26:LL_RCC_GetADCClockSource	16	static
stm32wbxx_ll_rcc.h:2827:22:LL_RCC_SetRTCClockSource	16	static
stm32wbxx_ll_rcc.h:2841:26:LL_RCC_GetRTCClockSource	4	static
stm32wbxx_ll_rcc.h:2881:22:LL_RCC_ForceBackupDomainReset	4	static
stm32wbxx_ll_rcc.h:2891:22:LL_RCC_ReleaseBackupDomainReset	4	static
stm32wbxx_ll_rcc.h:2931:26:LL_RCC_PLL_IsReady	4	static
stm32wbxx_ll_rcc.h:3149:26:LL_RCC_PLL_GetN	4	static
stm32wbxx_ll_rcc.h:3191:26:LL_RCC_PLL_GetP	4	static
stm32wbxx_ll_rcc.h:3209:26:LL_RCC_PLL_GetQ	4	static
stm32wbxx_ll_rcc.h:3245:26:LL_RCC_PLL_GetDivider	4	static
stm32wbxx_ll_rcc.h:3356:22:LL_RCC_PLLSAI1_Enable	4	static
stm32wbxx_ll_rcc.h:3366:22:LL_RCC_PLLSAI1_Disable	4	static
stm32wbxx_ll_rcc.h:3376:26:LL_RCC_PLLSAI1_IsReady	4	static
stm32wbxx_ll_rcc.h:3534:26:LL_RCC_PLLSAI1_GetN	4	static
stm32wbxx_ll_rcc.h:3576:26:LL_RCC_PLLSAI1_GetP	4	static
stm32wbxx_ll_rcc.h:3594:26:LL_RCC_PLLSAI1_GetQ	4	static
stm32wbxx_ll_rcc.h:3612:26:LL_RCC_PLLSAI1_GetR	4	static
stm32wbxx_ll_rcc.h:3778:26:LL_RCC_PLL_GetMainSource	4	static
stm32wbxx_ll_bus.h:508:22:LL_AHB2_GRP1_EnableClock	24	static
stm32wbxx_ll_bus.h:1030:22:LL_APB1_GRP1_ForceReset	16	static
stm32wbxx_ll_bus.h:1072:22:LL_APB1_GRP1_ReleaseReset	16	static
stm32wbxx_ll_crs.h:309:26:LL_CRS_GetHSI48SmoothTrimming	4	static
stm32wbxx_ll_crs.h:332:26:LL_CRS_GetReloadCounter	4	static
stm32wbxx_ll_crs.h:487:22:LL_CRS_GenerateEvent_SWSYNC	4	static
stm32wbxx_ll_crs.h:500:26:LL_CRS_GetFreqErrorDirection	4	static
stm32wbxx_ll_crs.h:510:26:LL_CRS_GetFreqErrorCapture	4	static
stm32wbxx_ll_crs.h:598:22:LL_CRS_ClearFlag_SYNCOK	4	static
stm32wbxx_ll_crs.h:608:22:LL_CRS_ClearFlag_SYNCWARN	4	static
stm32wbxx_ll_crs.h:619:22:LL_CRS_ClearFlag_ERR	4	static
stm32wbxx_ll_crs.h:629:22:LL_CRS_ClearFlag_ESYNC	4	static
stm32wbxx_hal_rcc_ex.c:148:19:HAL_RCCEx_PeriphCLKConfig	40	static
stm32wbxx_hal_rcc_ex.c:440:6:HAL_RCCEx_GetPeriphCLKConfig	16	static
stm32wbxx_hal_rcc_ex.c:546:10:HAL_RCCEx_GetPeriphCLKFreq	96	static
stm32wbxx_hal_rcc_ex.c:1111:10:HAL_RCCEx_GetRngCLKSource	16	static
stm32wbxx_hal_rcc_ex.c:1152:19:HAL_RCCEx_EnablePLLSAI1	24	static
stm32wbxx_hal_rcc_ex.c:1212:19:HAL_RCCEx_DisablePLLSAI1	16	static
stm32wbxx_hal_rcc_ex.c:1252:6:HAL_RCCEx_WakeUpStopCLKConfig	16	static
stm32wbxx_hal_rcc_ex.c:1266:6:HAL_RCCEx_EnableLSECSS	8	static
stm32wbxx_hal_rcc_ex.c:1276:6:HAL_RCCEx_DisableLSECSS	8	static
stm32wbxx_hal_rcc_ex.c:1289:6:HAL_RCCEx_EnableLSECSS_IT	8	static
stm32wbxx_hal_rcc_ex.c:1308:6:HAL_RCCEx_LSECSS_IRQHandler	8	static
stm32wbxx_hal_rcc_ex.c:1325:13:HAL_RCCEx_LSECSS_Callback	4	static
stm32wbxx_hal_rcc_ex.c:1346:6:HAL_RCCEx_LSCOConfig	40	static
stm32wbxx_hal_rcc_ex.c:1421:6:HAL_RCCEx_EnableLSCO	40	static
stm32wbxx_hal_rcc_ex.c:1463:6:HAL_RCCEx_DisableLSCO	16	static
stm32wbxx_hal_rcc_ex.c:1494:6:HAL_RCCEx_EnableMSIPLLMode	8	static
stm32wbxx_hal_rcc_ex.c:1504:6:HAL_RCCEx_DisableMSIPLLMode	8	static
stm32wbxx_hal_rcc_ex.c:1520:19:HAL_RCCEx_TrimOsc	24	static
stm32wbxx_hal_rcc_ex.c:1622:6:HAL_RCCEx_CRSConfig	24	static
stm32wbxx_hal_rcc_ex.c:1664:6:HAL_RCCEx_CRSSoftwareSynchronizationGenerate	8	static
stm32wbxx_hal_rcc_ex.c:1674:6:HAL_RCCEx_CRSGetSynchronizationInfo	16	static
stm32wbxx_hal_rcc_ex.c:1707:10:HAL_RCCEx_CRSWaitSynchronization	24	static
stm32wbxx_hal_rcc_ex.c:1791:6:HAL_RCCEx_CRS_IRQHandler	24	static
stm32wbxx_hal_rcc_ex.c:1856:13:HAL_RCCEx_CRS_SyncOkCallback	4	static
stm32wbxx_hal_rcc_ex.c:1867:13:HAL_RCCEx_CRS_SyncWarnCallback	4	static
stm32wbxx_hal_rcc_ex.c:1878:13:HAL_RCCEx_CRS_ExpectedSyncCallback	4	static
stm32wbxx_hal_rcc_ex.c:1894:13:HAL_RCCEx_CRS_ErrorCallback	16	static
stm32wbxx_hal_rcc_ex.c:1927:26:RCCEx_PLLSAI1_ConfigNP	24	static
stm32wbxx_hal_rcc_ex.c:1996:26:RCCEx_PLLSAI1_ConfigNQ	24	static
stm32wbxx_hal_rcc_ex.c:2064:26:RCCEx_PLLSAI1_ConfigNR	24	static
stm32wbxx_hal_rcc_ex.c:2128:17:RCC_PLL_GetFreqDomain_P	24	static
stm32wbxx_hal_rcc_ex.c:2171:17:RCC_PLL_GetFreqDomain_Q	24	static
stm32wbxx_hal_rcc_ex.c:2215:17:RCC_PLLSAI1_GetFreqDomain_R	24	static
stm32wbxx_hal_rcc_ex.c:2256:17:RCC_PLLSAI1_GetFreqDomain_P	24	static
stm32wbxx_hal_rcc_ex.c:2297:17:RCC_PLLSAI1_GetFreqDomain_Q	24	static
