stm32wbxx_ll_bus.h:405:22:LL_AHB1_GRP1_ForceReset	16	static
stm32wbxx_ll_bus.h:426:22:LL_AHB1_GRP1_ReleaseReset	16	static
stm32wbxx_ll_bus.h:591:22:LL_AHB2_GRP1_ForceReset	16	static
stm32wbxx_ll_bus.h:618:22:LL_AHB2_GRP1_ReleaseReset	16	static
stm32wbxx_ll_bus.h:783:22:LL_AHB3_GRP1_ForceReset	16	static
stm32wbxx_ll_bus.h:808:22:LL_AHB3_GRP1_ReleaseReset	16	static
stm32wbxx_ll_bus.h:1030:22:LL_APB1_GRP1_ForceReset	16	static
stm32wbxx_ll_bus.h:1045:22:LL_APB1_GRP2_ForceReset	16	static
stm32wbxx_ll_bus.h:1072:22:LL_APB1_GRP1_ReleaseReset	16	static
stm32wbxx_ll_bus.h:1087:22:LL_APB1_GRP2_ReleaseReset	16	static
stm32wbxx_ll_bus.h:1284:22:LL_APB2_GRP1_ForceReset	16	static
stm32wbxx_ll_bus.h:1307:22:LL_APB2_GRP1_ReleaseReset	16	static
stm32wbxx_ll_bus.h:1375:22:LL_APB3_GRP1_ForceReset	16	static
stm32wbxx_ll_bus.h:1387:22:LL_APB3_GRP1_ReleaseReset	16	static
stm32wbxx_ll_system.h:493:22:LL_SYSCFG_EnableAnalogBooster	4	static
stm32wbxx_ll_system.h:512:22:LL_SYSCFG_DisableAnalogBooster	4	static
stm32wbxx_ll_system.h:524:22:LL_SYSCFG_EnableAnalogGpioSwitch	4	static
stm32wbxx_ll_system.h:536:22:LL_SYSCFG_DisableAnalogGpioSwitch	4	static
stm32wbxx_ll_system.h:839:22:LL_SYSCFG_EnableSRAM2Erase	4	static
stm32wbxx_ll_system.h:861:22:LL_SYSCFG_DisableSRAMFetch	4	static
stm32wbxx_ll_system.h:871:26:LL_SYSCFG_IsEnabledSRAMFetch	4	static
stm32wbxx_ll_system.h:1037:22:LL_SYSCFG_UnlockSRAM2WRP	4	static
stm32wbxx_ll_system.h:1441:22:LL_SYSCFG_EnableSecurityAccess	16	static
stm32wbxx_ll_system.h:1459:22:LL_SYSCFG_DisableSecurityAccess	16	static
stm32wbxx_ll_system.h:1477:26:LL_SYSCFG_IsEnabledSecurityAccess	16	static
stm32wbxx_ll_system.h:1499:26:LL_DBGMCU_GetDeviceID	4	static
stm32wbxx_ll_system.h:1510:26:LL_DBGMCU_GetRevisionID	4	static
stm32wbxx_ll_system.h:1520:22:LL_DBGMCU_EnableDBGSleepMode	4	static
stm32wbxx_ll_system.h:1530:22:LL_DBGMCU_DisableDBGSleepMode	4	static
stm32wbxx_ll_system.h:1540:22:LL_DBGMCU_EnableDBGStopMode	4	static
stm32wbxx_ll_system.h:1550:22:LL_DBGMCU_DisableDBGStopMode	4	static
stm32wbxx_ll_system.h:1560:22:LL_DBGMCU_EnableDBGStandbyMode	4	static
stm32wbxx_ll_system.h:1570:22:LL_DBGMCU_DisableDBGStandbyMode	4	static
stm32wbxx_ll_system.h:1829:22:LL_VREFBUF_Enable	4	static
stm32wbxx_ll_system.h:1839:22:LL_VREFBUF_Disable	4	static
stm32wbxx_ll_system.h:1872:22:LL_VREFBUF_SetVoltageScaling	16	static
stm32wbxx_ll_system.h:1938:22:LL_VREFBUF_SetTrimming	16	static
stm32wbxx_hal.c:143:19:HAL_Init	16	static
stm32wbxx_hal.c:186:19:HAL_DeInit	8	static
stm32wbxx_hal.c:218:13:HAL_MspInit	4	static
stm32wbxx_hal.c:229:13:HAL_MspDeInit	4	static
stm32wbxx_hal.c:252:26:HAL_InitTick	24	static
stm32wbxx_hal.c:320:13:HAL_IncTick	4	static
stm32wbxx_hal.c:331:17:HAL_GetTick	4	static
stm32wbxx_hal.c:340:10:HAL_GetTickPrio	4	static
stm32wbxx_hal.c:349:19:HAL_SetTickFreq	24	static
stm32wbxx_hal.c:381:21:HAL_GetTickFreq	4	static
stm32wbxx_hal.c:397:15:HAL_Delay	24	static
stm32wbxx_hal.c:424:13:HAL_SuspendTick	4	static
stm32wbxx_hal.c:440:13:HAL_ResumeTick	4	static
stm32wbxx_hal.c:450:10:HAL_GetHalVersion	4	static
stm32wbxx_hal.c:459:10:HAL_GetREVID	8	static
stm32wbxx_hal.c:468:10:HAL_GetDEVID	8	static
stm32wbxx_hal.c:477:10:HAL_GetUIDw0	4	static
stm32wbxx_hal.c:486:10:HAL_GetUIDw1	4	static
stm32wbxx_hal.c:495:10:HAL_GetUIDw2	4	static
stm32wbxx_hal.c:524:6:HAL_DBGMCU_EnableDBGSleepMode	8	static
stm32wbxx_hal.c:533:6:HAL_DBGMCU_DisableDBGSleepMode	8	static
stm32wbxx_hal.c:542:6:HAL_DBGMCU_EnableDBGStopMode	8	static
stm32wbxx_hal.c:551:6:HAL_DBGMCU_DisableDBGStopMode	8	static
stm32wbxx_hal.c:560:6:HAL_DBGMCU_EnableDBGStandbyMode	8	static
stm32wbxx_hal.c:569:6:HAL_DBGMCU_DisableDBGStandbyMode	8	static
stm32wbxx_hal.c:604:6:HAL_SYSCFG_SRAM2Erase	8	static
stm32wbxx_hal.c:618:6:HAL_SYSCFG_DisableSRAMFetch	8	static
stm32wbxx_hal.c:627:10:HAL_SYSCFG_IsEnabledSRAMFetch	8	static
stm32wbxx_hal.c:645:6:HAL_SYSCFG_VREFBUF_VoltageScalingConfig	24	static
stm32wbxx_hal.c:676:6:HAL_SYSCFG_VREFBUF_HighImpedanceConfig	16	static
stm32wbxx_hal.c:697:6:HAL_SYSCFG_VREFBUF_TrimmingConfig	16	static
stm32wbxx_hal.c:710:19:HAL_SYSCFG_EnableVREFBUF	16	static
stm32wbxx_hal.c:736:6:HAL_SYSCFG_DisableVREFBUF	8	static
stm32wbxx_hal.c:747:6:HAL_SYSCFG_EnableIOBooster	8	static
stm32wbxx_hal.c:757:6:HAL_SYSCFG_DisableIOBooster	8	static
stm32wbxx_hal.c:767:6:HAL_SYSCFG_EnableIOVdd	8	static
stm32wbxx_hal.c:777:6:HAL_SYSCFG_DisableIOVdd	8	static
stm32wbxx_hal.c:794:6:HAL_SYSCFG_EnableSecurityAccess	16	static
stm32wbxx_hal.c:814:6:HAL_SYSCFG_DisableSecurityAccess	16	static
stm32wbxx_hal.c:831:10:HAL_SYSCFG_IsEnabledSecurityAccess	16	static
