stm32wbxx_ll_bus.h:405:22:LL_AHB1_GRP1_ForceReset	16	static
stm32wbxx_ll_bus.h:426:22:LL_AHB1_GRP1_ReleaseReset	16	static
stm32wbxx_ll_bus.h:591:22:LL_AHB2_GRP1_ForceReset	16	static
stm32wbxx_ll_bus.h:618:22:LL_AHB2_GRP1_ReleaseReset	16	static
stm32wbxx_ll_bus.h:783:22:LL_AHB3_GRP1_ForceReset	16	static
stm32wbxx_ll_bus.h:808:22:LL_AHB3_GRP1_ReleaseReset	16	static
stm32wbxx_ll_bus.h:1030:22:LL_APB1_GRP1_ForceReset	16	static
stm32wbxx_ll_bus.h:1045:22:LL_APB1_GRP2_ForceReset	16	static
stm32wbxx_ll_bus.h:1072:22:LL_APB1_GRP1_ReleaseReset	16	static
stm32wbxx_ll_bus.h:1087:22:LL_APB1_GRP2_ReleaseReset	16	static
stm32wbxx_ll_bus.h:1284:22:LL_APB2_GRP1_ForceReset	16	static
stm32wbxx_ll_bus.h:1307:22:LL_APB2_GRP1_ReleaseReset	16	static
stm32wbxx_ll_bus.h:1375:22:LL_APB3_GRP1_ForceReset	16	static
stm32wbxx_ll_bus.h:1387:22:LL_APB3_GRP1_ReleaseReset	16	static
stm32wbxx_ll_system.h:483:22:LL_SYSCFG_EnableAnalogBooster	4	static
stm32wbxx_ll_system.h:502:22:LL_SYSCFG_DisableAnalogBooster	4	static
stm32wbxx_ll_system.h:514:22:LL_SYSCFG_EnableAnalogGpioSwitch	4	static
stm32wbxx_ll_system.h:526:22:LL_SYSCFG_DisableAnalogGpioSwitch	4	static
stm32wbxx_ll_system.h:829:22:LL_SYSCFG_EnableSRAM2Erase	4	static
stm32wbxx_ll_system.h:851:22:LL_SYSCFG_DisableSRAMFetch	4	static
stm32wbxx_ll_system.h:861:26:LL_SYSCFG_IsEnabledSRAMFetch	4	static
stm32wbxx_ll_system.h:1027:22:LL_SYSCFG_UnlockSRAM2WRP	4	static
stm32wbxx_ll_system.h:1431:22:LL_SYSCFG_EnableSecurityAccess	16	static
stm32wbxx_ll_system.h:1449:22:LL_SYSCFG_DisableSecurityAccess	16	static
stm32wbxx_ll_system.h:1467:26:LL_SYSCFG_IsEnabledSecurityAccess	16	static
stm32wbxx_ll_system.h:1489:26:LL_DBGMCU_GetDeviceID	4	static
stm32wbxx_ll_system.h:1500:26:LL_DBGMCU_GetRevisionID	4	static
stm32wbxx_ll_system.h:1510:22:LL_DBGMCU_EnableDBGSleepMode	4	static
stm32wbxx_ll_system.h:1520:22:LL_DBGMCU_DisableDBGSleepMode	4	static
stm32wbxx_ll_system.h:1530:22:LL_DBGMCU_EnableDBGStopMode	4	static
stm32wbxx_ll_system.h:1540:22:LL_DBGMCU_DisableDBGStopMode	4	static
stm32wbxx_ll_system.h:1550:22:LL_DBGMCU_EnableDBGStandbyMode	4	static
stm32wbxx_ll_system.h:1560:22:LL_DBGMCU_DisableDBGStandbyMode	4	static
stm32wbxx_ll_system.h:1819:22:LL_VREFBUF_Enable	4	static
stm32wbxx_ll_system.h:1829:22:LL_VREFBUF_Disable	4	static
stm32wbxx_ll_system.h:1862:22:LL_VREFBUF_SetVoltageScaling	16	static
stm32wbxx_ll_system.h:1905:22:LL_VREFBUF_SetTrimming	16	static
stm32wbxx_hal.c:143:19:HAL_Init	16	static
stm32wbxx_hal.c:186:19:HAL_DeInit	8	static
stm32wbxx_hal.c:218:13:HAL_MspInit	4	static
stm32wbxx_hal.c:229:13:HAL_MspDeInit	4	static
stm32wbxx_hal.c:252:26:HAL_InitTick	24	static
stm32wbxx_hal.c:320:13:HAL_IncTick	4	static
stm32wbxx_hal.c:331:17:HAL_GetTick	4	static
stm32wbxx_hal.c:340:10:HAL_GetTickPrio	4	static
stm32wbxx_hal.c:349:19:HAL_SetTickFreq	24	static
stm32wbxx_hal.c:369:10:HAL_GetTickFreq	4	static
stm32wbxx_hal.c:385:15:HAL_Delay	24	static
stm32wbxx_hal.c:412:13:HAL_SuspendTick	4	static
stm32wbxx_hal.c:428:13:HAL_ResumeTick	4	static
stm32wbxx_hal.c:438:10:HAL_GetHalVersion	4	static
stm32wbxx_hal.c:447:10:HAL_GetREVID	8	static
stm32wbxx_hal.c:456:10:HAL_GetDEVID	8	static
stm32wbxx_hal.c:465:10:HAL_GetUIDw0	4	static
stm32wbxx_hal.c:474:10:HAL_GetUIDw1	4	static
stm32wbxx_hal.c:483:10:HAL_GetUIDw2	4	static
stm32wbxx_hal.c:512:6:HAL_DBGMCU_EnableDBGSleepMode	8	static
stm32wbxx_hal.c:521:6:HAL_DBGMCU_DisableDBGSleepMode	8	static
stm32wbxx_hal.c:530:6:HAL_DBGMCU_EnableDBGStopMode	8	static
stm32wbxx_hal.c:539:6:HAL_DBGMCU_DisableDBGStopMode	8	static
stm32wbxx_hal.c:548:6:HAL_DBGMCU_EnableDBGStandbyMode	8	static
stm32wbxx_hal.c:557:6:HAL_DBGMCU_DisableDBGStandbyMode	8	static
stm32wbxx_hal.c:592:6:HAL_SYSCFG_SRAM2Erase	8	static
stm32wbxx_hal.c:606:6:HAL_SYSCFG_DisableSRAMFetch	8	static
stm32wbxx_hal.c:615:10:HAL_SYSCFG_IsEnabledSRAMFetch	8	static
stm32wbxx_hal.c:631:6:HAL_SYSCFG_VREFBUF_VoltageScalingConfig	16	static
stm32wbxx_hal.c:647:6:HAL_SYSCFG_VREFBUF_HighImpedanceConfig	16	static
stm32wbxx_hal.c:662:6:HAL_SYSCFG_VREFBUF_TrimmingConfig	16	static
stm32wbxx_hal.c:675:19:HAL_SYSCFG_EnableVREFBUF	16	static
stm32wbxx_hal.c:701:6:HAL_SYSCFG_DisableVREFBUF	8	static
stm32wbxx_hal.c:712:6:HAL_SYSCFG_EnableIOBooster	8	static
stm32wbxx_hal.c:722:6:HAL_SYSCFG_DisableIOBooster	8	static
stm32wbxx_hal.c:732:6:HAL_SYSCFG_EnableIOVdd	8	static
stm32wbxx_hal.c:742:6:HAL_SYSCFG_DisableIOVdd	8	static
stm32wbxx_hal.c:759:6:HAL_SYSCFG_EnableSecurityAccess	16	static
stm32wbxx_hal.c:779:6:HAL_SYSCFG_DisableSecurityAccess	16	static
stm32wbxx_hal.c:796:10:HAL_SYSCFG_IsEnabledSecurityAccess	16	static
