stm32wbxx_ll_exti.h:301:22:LL_EXTI_EnableIT_0_31	16	static
stm32wbxx_ll_exti.h:1008:22:LL_EXTI_EnableRisingTrig_0_31	16	static
stm32wbxx_ll_rcc.h:1352:26:LL_RCC_HSE_IsEnabledDiv2	4	static
stm32wbxx_ll_rcc.h:1412:26:LL_RCC_HSE_IsReady	4	static
stm32wbxx_ll_rcc.h:1574:26:LL_RCC_HSI_IsReady	4	static
stm32wbxx_ll_rcc.h:1667:26:LL_RCC_HSI48_IsReady	4	static
stm32wbxx_ll_rcc.h:1715:26:LL_RCC_LSE_IsEnabled	4	static
stm32wbxx_ll_rcc.h:1775:22:LL_RCC_LSE_EnableCSS	4	static
stm32wbxx_ll_rcc.h:1787:22:LL_RCC_LSE_DisableCSS	4	static
stm32wbxx_ll_rcc.h:1797:26:LL_RCC_LSE_IsReady	4	static
stm32wbxx_ll_rcc.h:1845:26:LL_RCC_LSI1_IsReady	4	static
stm32wbxx_ll_rcc.h:1883:26:LL_RCC_LSI2_IsReady	4	static
stm32wbxx_ll_rcc.h:1894:22:LL_RCC_LSI2_SetTrimming	16	static
stm32wbxx_ll_rcc.h:1942:26:LL_RCC_MSI_IsReady	4	static
stm32wbxx_ll_rcc.h:1956:22:LL_RCC_MSI_EnablePLLMode	4	static
stm32wbxx_ll_rcc.h:1968:22:LL_RCC_MSI_DisablePLLMode	4	static
stm32wbxx_ll_rcc.h:2014:26:LL_RCC_MSI_GetRange	16	static
stm32wbxx_ll_rcc.h:2082:22:LL_RCC_LSCO_Disable	4	static
stm32wbxx_ll_rcc.h:2171:22:LL_RCC_SetRFWKPClockSource	16	static
stm32wbxx_ll_rcc.h:2185:26:LL_RCC_GetRFWKPClockSource	4	static
stm32wbxx_ll_rcc.h:2326:26:LL_RCC_GetAHBPrescaler	4	static
stm32wbxx_ll_rcc.h:2389:26:LL_RCC_GetAPB1Prescaler	4	static
stm32wbxx_ll_rcc.h:2404:26:LL_RCC_GetAPB2Prescaler	4	static
stm32wbxx_ll_rcc.h:2417:22:LL_RCC_SetClkAfterWakeFromStop	16	static
stm32wbxx_ll_rcc.h:2456:22:LL_RCC_SetSMPSClockSource	16	static
stm32wbxx_ll_rcc.h:2469:26:LL_RCC_GetSMPSClockSelection	4	static
stm32wbxx_ll_rcc.h:2484:26:LL_RCC_GetSMPSClockSource	4	static
stm32wbxx_ll_rcc.h:2499:22:LL_RCC_SetSMPSPrescaler	16	static
stm32wbxx_ll_rcc.h:2513:26:LL_RCC_GetSMPSPrescaler	4	static
stm32wbxx_ll_rcc.h:2574:22:LL_RCC_SetUSARTClockSource	16	static
stm32wbxx_ll_rcc.h:2590:22:LL_RCC_SetLPUARTClockSource	16	static
stm32wbxx_ll_rcc.h:2608:22:LL_RCC_SetI2CClockSource	16	static
stm32wbxx_ll_rcc.h:2627:22:LL_RCC_SetLPTIMClockSource	16	static
stm32wbxx_ll_rcc.h:2643:22:LL_RCC_SetSAIClockSource	16	static
stm32wbxx_ll_rcc.h:2659:22:LL_RCC_SetRNGClockSource	16	static
stm32wbxx_ll_rcc.h:2675:22:LL_RCC_SetCLK48ClockSource	16	static
stm32wbxx_ll_rcc.h:2691:22:LL_RCC_SetUSBClockSource	16	static
stm32wbxx_ll_rcc.h:2737:22:LL_RCC_SetADCClockSource	16	static
stm32wbxx_ll_rcc.h:2770:26:LL_RCC_GetUSARTClockSource	16	static
stm32wbxx_ll_rcc.h:2787:26:LL_RCC_GetLPUARTClockSource	16	static
stm32wbxx_ll_rcc.h:2807:26:LL_RCC_GetI2CClockSource	16	static
stm32wbxx_ll_rcc.h:2828:26:LL_RCC_GetLPTIMClockSource	16	static
stm32wbxx_ll_rcc.h:2845:26:LL_RCC_GetSAIClockSource	16	static
stm32wbxx_ll_rcc.h:2861:26:LL_RCC_GetRNGClockSource	16	static
stm32wbxx_ll_rcc.h:2878:26:LL_RCC_GetCLK48ClockSource	16	static
stm32wbxx_ll_rcc.h:2895:26:LL_RCC_GetUSBClockSource	16	static
stm32wbxx_ll_rcc.h:2914:26:LL_RCC_GetADCClockSource	16	static
stm32wbxx_ll_rcc.h:2957:22:LL_RCC_SetRTCClockSource	16	static
stm32wbxx_ll_rcc.h:2971:26:LL_RCC_GetRTCClockSource	4	static
stm32wbxx_ll_rcc.h:3011:22:LL_RCC_ForceBackupDomainReset	4	static
stm32wbxx_ll_rcc.h:3021:22:LL_RCC_ReleaseBackupDomainReset	4	static
stm32wbxx_ll_rcc.h:3061:26:LL_RCC_PLL_IsReady	4	static
stm32wbxx_ll_rcc.h:3279:26:LL_RCC_PLL_GetN	4	static
stm32wbxx_ll_rcc.h:3321:26:LL_RCC_PLL_GetP	4	static
stm32wbxx_ll_rcc.h:3339:26:LL_RCC_PLL_GetQ	4	static
stm32wbxx_ll_rcc.h:3375:26:LL_RCC_PLL_GetDivider	4	static
stm32wbxx_ll_rcc.h:3486:22:LL_RCC_PLLSAI1_Enable	4	static
stm32wbxx_ll_rcc.h:3496:22:LL_RCC_PLLSAI1_Disable	4	static
stm32wbxx_ll_rcc.h:3506:26:LL_RCC_PLLSAI1_IsReady	4	static
stm32wbxx_ll_rcc.h:3664:26:LL_RCC_PLLSAI1_GetN	4	static
stm32wbxx_ll_rcc.h:3706:26:LL_RCC_PLLSAI1_GetP	4	static
stm32wbxx_ll_rcc.h:3724:26:LL_RCC_PLLSAI1_GetQ	4	static
stm32wbxx_ll_rcc.h:3742:26:LL_RCC_PLLSAI1_GetR	4	static
stm32wbxx_ll_rcc.h:3908:26:LL_RCC_PLL_GetMainSource	4	static
stm32wbxx_ll_bus.h:508:22:LL_AHB2_GRP1_EnableClock	24	static
stm32wbxx_ll_bus.h:1030:22:LL_APB1_GRP1_ForceReset	16	static
stm32wbxx_ll_bus.h:1072:22:LL_APB1_GRP1_ReleaseReset	16	static
stm32wbxx_ll_crs.h:309:26:LL_CRS_GetHSI48SmoothTrimming	4	static
stm32wbxx_ll_crs.h:332:26:LL_CRS_GetReloadCounter	4	static
stm32wbxx_ll_crs.h:487:22:LL_CRS_GenerateEvent_SWSYNC	4	static
stm32wbxx_ll_crs.h:500:26:LL_CRS_GetFreqErrorDirection	4	static
stm32wbxx_ll_crs.h:510:26:LL_CRS_GetFreqErrorCapture	4	static
stm32wbxx_ll_crs.h:598:22:LL_CRS_ClearFlag_SYNCOK	4	static
stm32wbxx_ll_crs.h:608:22:LL_CRS_ClearFlag_SYNCWARN	4	static
stm32wbxx_ll_crs.h:619:22:LL_CRS_ClearFlag_ERR	4	static
stm32wbxx_ll_crs.h:629:22:LL_CRS_ClearFlag_ESYNC	4	static
stm32wbxx_hal_rcc_ex.c:150:19:HAL_RCCEx_PeriphCLKConfig	40	static
stm32wbxx_hal_rcc_ex.c:462:6:HAL_RCCEx_GetPeriphCLKConfig	16	static
stm32wbxx_hal_rcc_ex.c:581:10:HAL_RCCEx_GetPeriphCLKFreq	96	static
stm32wbxx_hal_rcc_ex.c:1181:10:HAL_RCCEx_GetRngCLKSource	16	static
stm32wbxx_hal_rcc_ex.c:1222:19:HAL_RCCEx_EnablePLLSAI1	24	static
stm32wbxx_hal_rcc_ex.c:1282:19:HAL_RCCEx_DisablePLLSAI1	16	static
stm32wbxx_hal_rcc_ex.c:1322:6:HAL_RCCEx_WakeUpStopCLKConfig	16	static
stm32wbxx_hal_rcc_ex.c:1336:6:HAL_RCCEx_EnableLSECSS	8	static
stm32wbxx_hal_rcc_ex.c:1346:6:HAL_RCCEx_DisableLSECSS	8	static
stm32wbxx_hal_rcc_ex.c:1359:6:HAL_RCCEx_EnableLSECSS_IT	8	static
stm32wbxx_hal_rcc_ex.c:1378:6:HAL_RCCEx_LSECSS_IRQHandler	8	static
stm32wbxx_hal_rcc_ex.c:1395:13:HAL_RCCEx_LSECSS_Callback	4	static
stm32wbxx_hal_rcc_ex.c:1416:6:HAL_RCCEx_LSCOConfig	40	static
stm32wbxx_hal_rcc_ex.c:1497:6:HAL_RCCEx_EnableLSCO	40	static
stm32wbxx_hal_rcc_ex.c:1539:6:HAL_RCCEx_DisableLSCO	16	static
stm32wbxx_hal_rcc_ex.c:1570:6:HAL_RCCEx_EnableMSIPLLMode	8	static
stm32wbxx_hal_rcc_ex.c:1580:6:HAL_RCCEx_DisableMSIPLLMode	8	static
stm32wbxx_hal_rcc_ex.c:1596:19:HAL_RCCEx_TrimOsc	24	static
stm32wbxx_hal_rcc_ex.c:1698:6:HAL_RCCEx_CRSConfig	24	static
stm32wbxx_hal_rcc_ex.c:1740:6:HAL_RCCEx_CRSSoftwareSynchronizationGenerate	8	static
stm32wbxx_hal_rcc_ex.c:1750:6:HAL_RCCEx_CRSGetSynchronizationInfo	16	static
stm32wbxx_hal_rcc_ex.c:1783:10:HAL_RCCEx_CRSWaitSynchronization	24	static
stm32wbxx_hal_rcc_ex.c:1867:6:HAL_RCCEx_CRS_IRQHandler	24	static
stm32wbxx_hal_rcc_ex.c:1932:13:HAL_RCCEx_CRS_SyncOkCallback	4	static
stm32wbxx_hal_rcc_ex.c:1943:13:HAL_RCCEx_CRS_SyncWarnCallback	4	static
stm32wbxx_hal_rcc_ex.c:1954:13:HAL_RCCEx_CRS_ExpectedSyncCallback	4	static
stm32wbxx_hal_rcc_ex.c:1970:13:HAL_RCCEx_CRS_ErrorCallback	16	static
stm32wbxx_hal_rcc_ex.c:2003:26:RCCEx_PLLSAI1_ConfigNP	24	static
stm32wbxx_hal_rcc_ex.c:2072:26:RCCEx_PLLSAI1_ConfigNQ	24	static
stm32wbxx_hal_rcc_ex.c:2140:26:RCCEx_PLLSAI1_ConfigNR	24	static
stm32wbxx_hal_rcc_ex.c:2204:17:RCC_PLL_GetFreqDomain_P	24	static
stm32wbxx_hal_rcc_ex.c:2247:17:RCC_PLL_GetFreqDomain_Q	24	static
stm32wbxx_hal_rcc_ex.c:2291:17:RCC_PLLSAI1_GetFreqDomain_R	24	static
stm32wbxx_hal_rcc_ex.c:2332:17:RCC_PLLSAI1_GetFreqDomain_P	24	static
stm32wbxx_hal_rcc_ex.c:2373:17:RCC_PLLSAI1_GetFreqDomain_Q	24	static
