stm32wbxx_ll_exti.h:280:22:LL_EXTI_EnableIT_0_31	16	static
stm32wbxx_ll_exti.h:348:22:LL_EXTI_EnableIT_32_63	16	static
stm32wbxx_ll_exti.h:416:22:LL_EXTI_DisableIT_0_31	16	static
stm32wbxx_ll_exti.h:484:22:LL_EXTI_DisableIT_32_63	16	static
stm32wbxx_ll_exti.h:687:22:LL_EXTI_EnableEvent_0_31	16	static
stm32wbxx_ll_exti.h:734:22:LL_EXTI_EnableEvent_32_63	16	static
stm32wbxx_ll_exti.h:781:22:LL_EXTI_DisableEvent_0_31	16	static
stm32wbxx_ll_exti.h:828:22:LL_EXTI_DisableEvent_32_63	16	static
stm32wbxx_ll_exti.h:987:22:LL_EXTI_EnableRisingTrig_0_31	16	static
stm32wbxx_ll_exti.h:1008:22:LL_EXTI_EnableRisingTrig_32_63	16	static
stm32wbxx_ll_exti.h:1049:22:LL_EXTI_DisableRisingTrig_0_31	16	static
stm32wbxx_ll_exti.h:1071:22:LL_EXTI_DisableRisingTrig_32_63	16	static
stm32wbxx_ll_exti.h:1169:22:LL_EXTI_EnableFallingTrig_0_31	16	static
stm32wbxx_ll_exti.h:1190:22:LL_EXTI_EnableFallingTrig_32_63	16	static
stm32wbxx_ll_exti.h:1231:22:LL_EXTI_DisableFallingTrig_0_31	16	static
stm32wbxx_ll_exti.h:1251:22:LL_EXTI_DisableFallingTrig_32_63	16	static
stm32wbxx_ll_exti.h:1463:26:LL_EXTI_ReadFlag_0_31	16	static
stm32wbxx_ll_exti.h:1479:26:LL_EXTI_ReadFlag_32_63	16	static
stm32wbxx_ll_exti.h:1515:22:LL_EXTI_ClearFlag_0_31	16	static
stm32wbxx_ll_exti.h:1531:22:LL_EXTI_ClearFlag_32_63	16	static
stm32wbxx_ll_pwr.h:815:22:LL_PWR_EnableSRAM2Retention	4	static
stm32wbxx_ll_pwr.h:825:22:LL_PWR_DisableSRAM2Retention	4	static
stm32wbxx_ll_pwr.h:1277:22:LL_PWR_SetBORConfig	16	static
stm32wbxx_ll_pwr.h:1289:26:LL_PWR_GetBORConfig	4	static
stm32wbxx_ll_pwr.h:1599:22:LL_PWR_EnableBootC2	4	static
stm32wbxx_ll_pwr.h:1610:22:LL_PWR_DisableBootC2	4	static
stm32wbxx_hal_pwr_ex.c:87:10:HAL_PWREx_GetVoltageRange	4	static
stm32wbxx_hal_pwr_ex.c:112:19:HAL_PWREx_ControlVoltageScaling	24	static
stm32wbxx_hal_pwr_ex.c:163:6:HAL_PWREx_EnableBatteryCharging	16	static
stm32wbxx_hal_pwr_ex.c:178:6:HAL_PWREx_DisableBatteryCharging	4	static
stm32wbxx_hal_pwr_ex.c:190:6:HAL_PWREx_EnableVddUSB	4	static
stm32wbxx_hal_pwr_ex.c:199:6:HAL_PWREx_DisableVddUSB	4	static
stm32wbxx_hal_pwr_ex.c:211:6:HAL_PWREx_EnableInternalWakeUpLine	4	static
stm32wbxx_hal_pwr_ex.c:220:6:HAL_PWREx_DisableInternalWakeUpLine	4	static
stm32wbxx_hal_pwr_ex.c:231:6:HAL_PWREx_EnableBORH_SMPSBypassIT	4	static
stm32wbxx_hal_pwr_ex.c:241:6:HAL_PWREx_DisableBORH_SMPSBypassIT	4	static
stm32wbxx_hal_pwr_ex.c:251:6:HAL_PWREx_EnableRFPhaseIT	4	static
stm32wbxx_hal_pwr_ex.c:260:6:HAL_PWREx_DisableRFPhaseIT	4	static
stm32wbxx_hal_pwr_ex.c:270:6:HAL_PWREx_EnableBLEActivityIT	4	static
stm32wbxx_hal_pwr_ex.c:279:6:HAL_PWREx_DisableBLEActivityIT	4	static
stm32wbxx_hal_pwr_ex.c:289:6:HAL_PWREx_Enable802ActivityIT	4	static
stm32wbxx_hal_pwr_ex.c:298:6:HAL_PWREx_Disable802ActivityIT	4	static
stm32wbxx_hal_pwr_ex.c:307:6:HAL_PWREx_EnableHOLDC2IT	4	static
stm32wbxx_hal_pwr_ex.c:316:6:HAL_PWREx_DisableHOLDC2IT	4	static
stm32wbxx_hal_pwr_ex.c:344:19:HAL_PWREx_EnableGPIOPullUp	24	static
stm32wbxx_hal_pwr_ex.c:402:19:HAL_PWREx_DisableGPIOPullUp	24	static
stm32wbxx_hal_pwr_ex.c:462:19:HAL_PWREx_EnableGPIOPullDown	24	static
stm32wbxx_hal_pwr_ex.c:520:19:HAL_PWREx_DisableGPIOPullDown	24	static
stm32wbxx_hal_pwr_ex.c:567:6:HAL_PWREx_EnablePullUpPullDownConfig	4	static
stm32wbxx_hal_pwr_ex.c:578:6:HAL_PWREx_DisablePullUpPullDownConfig	4	static
stm32wbxx_hal_pwr_ex.c:592:6:HAL_PWREx_SetBORConfig	16	static
stm32wbxx_hal_pwr_ex.c:603:10:HAL_PWREx_GetBORConfig	8	static
stm32wbxx_hal_pwr_ex.c:618:6:HAL_PWREx_HoldCore	16	static
stm32wbxx_hal_pwr_ex.c:633:6:HAL_PWREx_ReleaseCore	16	static
stm32wbxx_hal_pwr_ex.c:648:6:HAL_PWREx_EnableSRAMRetention	8	static
stm32wbxx_hal_pwr_ex.c:659:6:HAL_PWREx_DisableSRAMRetention	8	static
stm32wbxx_hal_pwr_ex.c:674:6:HAL_PWREx_EnableFlashPowerDown	16	static
stm32wbxx_hal_pwr_ex.c:697:6:HAL_PWREx_DisableFlashPowerDown	16	static
stm32wbxx_hal_pwr_ex.c:711:6:HAL_PWREx_EnablePVM1	4	static
stm32wbxx_hal_pwr_ex.c:720:6:HAL_PWREx_DisablePVM1	4	static
stm32wbxx_hal_pwr_ex.c:730:6:HAL_PWREx_EnablePVM3	4	static
stm32wbxx_hal_pwr_ex.c:739:6:HAL_PWREx_DisablePVM3	4	static
stm32wbxx_hal_pwr_ex.c:759:19:HAL_PWREx_ConfigPVM	24	static
stm32wbxx_hal_pwr_ex.c:857:19:HAL_PWREx_ConfigSMPS	32	static
stm32wbxx_hal_pwr_ex.c:916:6:HAL_PWREx_SMPS_SetMode	16	static
stm32wbxx_hal_pwr_ex.c:941:10:HAL_PWREx_SMPS_GetEffectiveMode	4	static
stm32wbxx_hal_pwr_ex.c:969:6:HAL_PWREx_EnableWakeUpPin	16	static
stm32wbxx_hal_pwr_ex.c:999:11:HAL_PWREx_GetWakeupFlag	16	static
stm32wbxx_hal_pwr_ex.c:1015:19:HAL_PWREx_ClearWakeupFlag	16	static
stm32wbxx_hal_pwr_ex.c:1038:6:HAL_PWREx_EnableLowPowerRunMode	4	static
stm32wbxx_hal_pwr_ex.c:1053:19:HAL_PWREx_DisableLowPowerRunMode	16	static
stm32wbxx_hal_pwr_ex.c:1102:6:HAL_PWREx_EnterSTOP0Mode	16	static,ignoring_inline_asm
stm32wbxx_hal_pwr_ex.c:1156:6:HAL_PWREx_EnterSTOP1Mode	16	static,ignoring_inline_asm
stm32wbxx_hal_pwr_ex.c:1219:6:HAL_PWREx_EnterSTOP2Mode	16	static,ignoring_inline_asm
stm32wbxx_hal_pwr_ex.c:1263:6:HAL_PWREx_EnterSHUTDOWNMode	4	static,ignoring_inline_asm
stm32wbxx_hal_pwr_ex.c:1292:6:HAL_PWREx_PVD_PVM_IRQHandler	8	static
stm32wbxx_hal_pwr_ex.c:1331:13:HAL_PWREx_PVM1Callback	4	static
stm32wbxx_hal_pwr_ex.c:1343:13:HAL_PWREx_PVM3Callback	4	static
