stm32wbxx_hal.c:218:13:HAL_MspInit	0	static
stm32wbxx_hal.c:229:13:HAL_MspDeInit	0	static
stm32wbxx_hal.c:186:19:HAL_DeInit	8	static
stm32wbxx_hal.c:252:26:HAL_InitTick	8	static
stm32wbxx_hal.c:143:19:HAL_Init	8	static
stm32wbxx_hal.c:320:13:HAL_IncTick	0	static
stm32wbxx_hal.c:331:17:HAL_GetTick	0	static
stm32wbxx_hal.c:340:10:HAL_GetTickPrio	0	static
stm32wbxx_hal.c:349:19:HAL_SetTickFreq	8	static
stm32wbxx_hal.c:369:10:HAL_GetTickFreq	0	static
stm32wbxx_hal.c:385:15:HAL_Delay	16	static
stm32wbxx_hal.c:412:13:HAL_SuspendTick	0	static
stm32wbxx_hal.c:428:13:HAL_ResumeTick	0	static
stm32wbxx_hal.c:438:10:HAL_GetHalVersion	0	static
stm32wbxx_hal.c:447:10:HAL_GetREVID	0	static
stm32wbxx_hal.c:456:10:HAL_GetDEVID	0	static
stm32wbxx_hal.c:465:10:HAL_GetUIDw0	0	static
stm32wbxx_hal.c:474:10:HAL_GetUIDw1	0	static
stm32wbxx_hal.c:483:10:HAL_GetUIDw2	0	static
stm32wbxx_hal.c:512:6:HAL_DBGMCU_EnableDBGSleepMode	0	static
stm32wbxx_hal.c:521:6:HAL_DBGMCU_DisableDBGSleepMode	0	static
stm32wbxx_hal.c:530:6:HAL_DBGMCU_EnableDBGStopMode	0	static
stm32wbxx_hal.c:539:6:HAL_DBGMCU_DisableDBGStopMode	0	static
stm32wbxx_hal.c:548:6:HAL_DBGMCU_EnableDBGStandbyMode	0	static
stm32wbxx_hal.c:557:6:HAL_DBGMCU_DisableDBGStandbyMode	0	static
stm32wbxx_hal.c:592:6:HAL_SYSCFG_SRAM2Erase	0	static
stm32wbxx_hal.c:606:6:HAL_SYSCFG_DisableSRAMFetch	0	static
stm32wbxx_hal.c:615:10:HAL_SYSCFG_IsEnabledSRAMFetch	0	static
stm32wbxx_hal.c:631:6:HAL_SYSCFG_VREFBUF_VoltageScalingConfig	0	static
stm32wbxx_hal.c:647:6:HAL_SYSCFG_VREFBUF_HighImpedanceConfig	0	static
stm32wbxx_hal.c:662:6:HAL_SYSCFG_VREFBUF_TrimmingConfig	0	static
stm32wbxx_hal.c:675:19:HAL_SYSCFG_EnableVREFBUF	8	static
stm32wbxx_hal.c:701:6:HAL_SYSCFG_DisableVREFBUF	0	static
stm32wbxx_hal.c:712:6:HAL_SYSCFG_EnableIOBooster	0	static
stm32wbxx_hal.c:722:6:HAL_SYSCFG_DisableIOBooster	0	static
stm32wbxx_hal.c:732:6:HAL_SYSCFG_EnableIOVdd	0	static
stm32wbxx_hal.c:742:6:HAL_SYSCFG_DisableIOVdd	0	static
stm32wbxx_hal.c:759:6:HAL_SYSCFG_EnableSecurityAccess	0	static
stm32wbxx_hal.c:779:6:HAL_SYSCFG_DisableSecurityAccess	0	static
stm32wbxx_hal.c:796:10:HAL_SYSCFG_IsEnabledSecurityAccess	0	static
