stm32wbxx_ll_rcc.h:1352:26:LL_RCC_HSE_IsEnabledDiv2	4	static
stm32wbxx_ll_rcc.h:1362:22:LL_RCC_HSE_EnableCSS	4	static
stm32wbxx_ll_rcc.h:1372:22:LL_RCC_HSE_EnableBypass	4	static
stm32wbxx_ll_rcc.h:1382:22:LL_RCC_HSE_DisableBypass	4	static
stm32wbxx_ll_rcc.h:1392:22:LL_RCC_HSE_Enable	4	static
stm32wbxx_ll_rcc.h:1402:22:LL_RCC_HSE_Disable	4	static
stm32wbxx_ll_rcc.h:1412:26:LL_RCC_HSE_IsReady	4	static
stm32wbxx_ll_rcc.h:1554:22:LL_RCC_HSI_Enable	4	static
stm32wbxx_ll_rcc.h:1564:22:LL_RCC_HSI_Disable	4	static
stm32wbxx_ll_rcc.h:1574:26:LL_RCC_HSI_IsReady	4	static
stm32wbxx_ll_rcc.h:1619:22:LL_RCC_HSI_SetCalibTrimming	16	static
stm32wbxx_ll_rcc.h:1629:26:LL_RCC_HSI_GetCalibTrimming	4	static
stm32wbxx_ll_rcc.h:1647:22:LL_RCC_HSI48_Enable	4	static
stm32wbxx_ll_rcc.h:1657:22:LL_RCC_HSI48_Disable	4	static
stm32wbxx_ll_rcc.h:1667:26:LL_RCC_HSI48_IsReady	4	static
stm32wbxx_ll_rcc.h:1695:22:LL_RCC_LSE_Enable	4	static
stm32wbxx_ll_rcc.h:1705:22:LL_RCC_LSE_Disable	4	static
stm32wbxx_ll_rcc.h:1725:22:LL_RCC_LSE_EnableBypass	4	static
stm32wbxx_ll_rcc.h:1735:22:LL_RCC_LSE_DisableBypass	4	static
stm32wbxx_ll_rcc.h:1797:26:LL_RCC_LSE_IsReady	4	static
stm32wbxx_ll_rcc.h:1825:22:LL_RCC_LSI1_Enable	4	static
stm32wbxx_ll_rcc.h:1835:22:LL_RCC_LSI1_Disable	4	static
stm32wbxx_ll_rcc.h:1845:26:LL_RCC_LSI1_IsReady	4	static
stm32wbxx_ll_rcc.h:1863:22:LL_RCC_LSI2_Enable	4	static
stm32wbxx_ll_rcc.h:1873:22:LL_RCC_LSI2_Disable	4	static
stm32wbxx_ll_rcc.h:1883:26:LL_RCC_LSI2_IsReady	4	static
stm32wbxx_ll_rcc.h:1894:22:LL_RCC_LSI2_SetTrimming	16	static
stm32wbxx_ll_rcc.h:1922:22:LL_RCC_MSI_Enable	4	static
stm32wbxx_ll_rcc.h:1932:22:LL_RCC_MSI_Disable	4	static
stm32wbxx_ll_rcc.h:1942:26:LL_RCC_MSI_IsReady	4	static
stm32wbxx_ll_rcc.h:1968:22:LL_RCC_MSI_DisablePLLMode	4	static
stm32wbxx_ll_rcc.h:1992:22:LL_RCC_MSI_SetRange	16	static
stm32wbxx_ll_rcc.h:2014:26:LL_RCC_MSI_GetRange	16	static
stm32wbxx_ll_rcc.h:2044:22:LL_RCC_MSI_SetCalibTrimming	16	static
stm32wbxx_ll_rcc.h:2054:26:LL_RCC_MSI_GetCalibTrimming	4	static
stm32wbxx_ll_rcc.h:2130:22:LL_RCC_SetSysClkSource	16	static
stm32wbxx_ll_rcc.h:2144:26:LL_RCC_GetSysClkSource	4	static
stm32wbxx_ll_rcc.h:2220:22:LL_RCC_SetAHBPrescaler	16	static
stm32wbxx_ll_rcc.h:2245:22:LL_C2_RCC_SetAHBPrescaler	16	static
stm32wbxx_ll_rcc.h:2270:22:LL_RCC_SetAHB4Prescaler	16	static
stm32wbxx_ll_rcc.h:2286:22:LL_RCC_SetAPB1Prescaler	16	static
stm32wbxx_ll_rcc.h:2302:22:LL_RCC_SetAPB2Prescaler	16	static
stm32wbxx_ll_rcc.h:2326:26:LL_RCC_GetAHBPrescaler	4	static
stm32wbxx_ll_rcc.h:2350:26:LL_C2_RCC_GetAHBPrescaler	4	static
stm32wbxx_ll_rcc.h:2374:26:LL_RCC_GetAHB4Prescaler	4	static
stm32wbxx_ll_rcc.h:2389:26:LL_RCC_GetAPB1Prescaler	4	static
stm32wbxx_ll_rcc.h:2404:26:LL_RCC_GetAPB2Prescaler	4	static
stm32wbxx_ll_rcc.h:2551:22:LL_RCC_ConfigMCO	16	static
stm32wbxx_ll_rcc.h:3040:22:LL_RCC_PLL_Enable	4	static
stm32wbxx_ll_rcc.h:3051:22:LL_RCC_PLL_Disable	4	static
stm32wbxx_ll_rcc.h:3061:26:LL_RCC_PLL_IsReady	4	static
stm32wbxx_ll_rcc.h:3279:26:LL_RCC_PLL_GetN	4	static
stm32wbxx_ll_rcc.h:3321:26:LL_RCC_PLL_GetP	4	static
stm32wbxx_ll_rcc.h:3339:26:LL_RCC_PLL_GetQ	4	static
stm32wbxx_ll_rcc.h:3357:26:LL_RCC_PLL_GetR	4	static
stm32wbxx_ll_rcc.h:3375:26:LL_RCC_PLL_GetDivider	4	static
stm32wbxx_ll_rcc.h:3506:26:LL_RCC_PLLSAI1_IsReady	4	static
stm32wbxx_ll_rcc.h:3908:26:LL_RCC_PLL_GetMainSource	4	static
stm32wbxx_ll_rcc.h:4082:26:LL_RCC_IsActiveFlag_HPRE	4	static
stm32wbxx_ll_rcc.h:4092:26:LL_RCC_IsActiveFlag_C2HPRE	4	static
stm32wbxx_ll_rcc.h:4102:26:LL_RCC_IsActiveFlag_SHDHPRE	4	static
stm32wbxx_ll_rcc.h:4113:26:LL_RCC_IsActiveFlag_PPRE1	4	static
stm32wbxx_ll_rcc.h:4123:26:LL_RCC_IsActiveFlag_PPRE2	4	static
stm32wbxx_ll_bus.h:508:22:LL_AHB2_GRP1_EnableClock	24	static
stm32wbxx_hal_rcc.c:270:19:HAL_RCC_DeInit	16	static
stm32wbxx_hal_rcc.c:389:19:HAL_RCC_OscConfig	64	static
stm32wbxx_hal_rcc.c:1058:19:HAL_RCC_ClockConfig	24	static
stm32wbxx_hal_rcc.c:1318:6:HAL_RCC_MCOConfig	48	static
stm32wbxx_hal_rcc.c:1404:10:HAL_RCC_GetSysClockFreq	32	static
stm32wbxx_hal_rcc.c:1467:10:HAL_RCC_GetHCLKFreq	16	static
stm32wbxx_hal_rcc.c:1477:10:HAL_RCC_GetHCLK2Freq	16	static
stm32wbxx_hal_rcc.c:1487:10:HAL_RCC_GetHCLK4Freq	16	static
stm32wbxx_hal_rcc.c:1499:10:HAL_RCC_GetPCLK1Freq	16	static
stm32wbxx_hal_rcc.c:1511:10:HAL_RCC_GetPCLK2Freq	16	static
stm32wbxx_hal_rcc.c:1524:6:HAL_RCC_GetOscConfig	24	static
stm32wbxx_hal_rcc.c:1634:6:HAL_RCC_GetClockConfig	16	static
stm32wbxx_hal_rcc.c:1676:6:HAL_RCC_EnableCSS	8	static
stm32wbxx_hal_rcc.c:1686:6:HAL_RCC_NMI_IRQHandler	8	static
stm32wbxx_hal_rcc.c:1703:13:HAL_RCC_CSSCallback	4	static
stm32wbxx_hal_rcc.c:1730:26:RCC_SetFlashLatencyFromMSIRange	32	static
stm32wbxx_hal_rcc.c:1763:26:RCC_SetFlashLatency	88	static
