stm32wbxx_hal_exti.c:142:19:HAL_EXTI_SetConfigLine	16	static
stm32wbxx_hal_exti.c:267:19:HAL_EXTI_GetConfigLine	12	static
stm32wbxx_hal_exti.c:370:19:HAL_EXTI_ClearConfigLine	12	static
stm32wbxx_hal_exti.c:436:19:HAL_EXTI_RegisterCallback	0	static
stm32wbxx_hal_exti.c:462:19:HAL_EXTI_GetHandle	0	static
stm32wbxx_hal_exti.c:503:6:HAL_EXTI_IRQHandler	8	static
stm32wbxx_hal_exti.c:541:10:HAL_EXTI_GetPending	0	static
stm32wbxx_hal_exti.c:577:6:HAL_EXTI_ClearPending	0	static
stm32wbxx_hal_exti.c:605:6:HAL_EXTI_GenerateSWI	0	static
