stm32wbxx_ll_adc.h:2411:22:LL_ADC_SetCommonClock	16	static
stm32wbxx_ll_adc.h:2491:22:LL_ADC_SetCommonPathInternalCh	16	static
stm32wbxx_ll_adc.h:2584:26:LL_ADC_GetCommonPathInternalCh	16	static
stm32wbxx_ll_adc.h:3189:22:LL_ADC_SetOffset	32	static
stm32wbxx_ll_adc.h:3256:26:LL_ADC_GetOffsetChannel	24	static
stm32wbxx_ll_adc.h:3315:22:LL_ADC_SetOffsetState	32	static
stm32wbxx_ll_adc.h:3482:26:LL_ADC_REG_IsTriggerSourceSWStart	16	static
stm32wbxx_ll_adc.h:3957:22:LL_ADC_REG_SetSequencerRanks	32	static
stm32wbxx_ll_adc.h:4563:26:LL_ADC_REG_GetDMATransfer	16	static
stm32wbxx_ll_adc.h:4716:26:LL_ADC_INJ_IsTriggerSourceSWStart	16	static
stm32wbxx_ll_adc.h:5449:22:LL_ADC_SetChannelSamplingTime	32	static
stm32wbxx_ll_adc.h:5690:22:LL_ADC_SetChannelSingleDiff	24	static
stm32wbxx_ll_adc.h:5875:22:LL_ADC_SetAnalogWDMonitChannels	32	static
stm32wbxx_ll_adc.h:6163:22:LL_ADC_ConfigAnalogWDThresholds	32	static
stm32wbxx_ll_adc.h:6577:22:LL_ADC_DisableDeepPowerDown	16	static
stm32wbxx_ll_adc.h:6591:26:LL_ADC_IsDeepPowerDownEnabled	16	static
stm32wbxx_ll_adc.h:6611:22:LL_ADC_EnableInternalRegulator	16	static
stm32wbxx_ll_adc.h:6641:26:LL_ADC_IsInternalRegulatorEnabled	16	static
stm32wbxx_ll_adc.h:6662:22:LL_ADC_Enable	16	static
stm32wbxx_ll_adc.h:6682:22:LL_ADC_Disable	16	static
stm32wbxx_ll_adc.h:6701:26:LL_ADC_IsEnabled	16	static
stm32wbxx_ll_adc.h:6712:26:LL_ADC_IsDisableOngoing	16	static
stm32wbxx_ll_adc.h:6819:22:LL_ADC_REG_StartConversion	16	static
stm32wbxx_ll_adc.h:6839:22:LL_ADC_REG_StopConversion	16	static
stm32wbxx_ll_adc.h:6855:26:LL_ADC_REG_IsConversionOngoing	16	static
stm32wbxx_ll_adc.h:6994:22:LL_ADC_INJ_StopConversion	16	static
stm32wbxx_ll_adc.h:7010:26:LL_ADC_INJ_IsConversionOngoing	16	static
stm32wbxx_ll_adc.h:7442:22:LL_ADC_ClearFlag_AWD1	16	static
stm32wbxx_ll_adc.h:7453:22:LL_ADC_ClearFlag_AWD2	16	static
stm32wbxx_ll_adc.h:7464:22:LL_ADC_ClearFlag_AWD3	16	static
stm32wbxx_ll_adc.h:7602:22:LL_ADC_EnableIT_AWD1	16	static
stm32wbxx_ll_adc.h:7613:22:LL_ADC_EnableIT_AWD2	16	static
stm32wbxx_ll_adc.h:7624:22:LL_ADC_EnableIT_AWD3	16	static
stm32wbxx_ll_adc.h:7754:22:LL_ADC_DisableIT_AWD1	16	static
stm32wbxx_ll_adc.h:7765:22:LL_ADC_DisableIT_AWD2	16	static
stm32wbxx_ll_adc.h:7776:22:LL_ADC_DisableIT_AWD3	16	static
stm32wbxx_hal_adc.c:399:19:HAL_ADC_Init	40	static
stm32wbxx_hal_adc.c:943:19:HAL_ADC_DeInit	24	static
stm32wbxx_hal_adc.c:1210:13:HAL_ADC_MspInit	16	static
stm32wbxx_hal_adc.c:1227:13:HAL_ADC_MspDeInit	16	static
stm32wbxx_hal_adc.c:1517:19:HAL_ADC_Start	24	static
stm32wbxx_hal_adc.c:1601:19:HAL_ADC_Stop	24	static
stm32wbxx_hal_adc.c:1666:19:HAL_ADC_PollForConversion	24	static
stm32wbxx_hal_adc.c:1795:19:HAL_ADC_PollForEvent	32	static
stm32wbxx_hal_adc.c:1939:19:HAL_ADC_Start_IT	24	static
stm32wbxx_hal_adc.c:2046:19:HAL_ADC_Stop_IT	24	static
stm32wbxx_hal_adc.c:2107:19:HAL_ADC_Start_DMA	32	static
stm32wbxx_hal_adc.c:2220:19:HAL_ADC_Stop_DMA	24	static
stm32wbxx_hal_adc.c:2319:10:HAL_ADC_GetValue	16	static
stm32wbxx_hal_adc.c:2336:6:HAL_ADC_IRQHandler	40	static
stm32wbxx_hal_adc.c:2661:13:HAL_ADC_ConvCpltCallback	16	static
stm32wbxx_hal_adc.c:2676:13:HAL_ADC_ConvHalfCpltCallback	16	static
stm32wbxx_hal_adc.c:2691:13:HAL_ADC_LevelOutOfWindowCallback	16	static
stm32wbxx_hal_adc.c:2713:13:HAL_ADC_ErrorCallback	16	static
stm32wbxx_hal_adc.c:2759:19:HAL_ADC_ConfigChannel	224	static,ignoring_inline_asm
stm32wbxx_hal_adc.c:3157:19:HAL_ADC_AnalogWDGConfig	64	static,ignoring_inline_asm
stm32wbxx_hal_adc.c:3445:10:HAL_ADC_GetState	16	static
stm32wbxx_hal_adc.c:3459:10:HAL_ADC_GetError	16	static
stm32wbxx_hal_adc.c:3491:19:ADC_ConversionStop	40	static
stm32wbxx_hal_adc.c:3662:19:ADC_Enable	24	static
stm32wbxx_hal_adc.c:3755:19:ADC_Disable	24	static
stm32wbxx_hal_adc.c:3817:6:ADC_DMAConvCplt	24	static
stm32wbxx_hal_adc.c:3931:6:ADC_DMAHalfConvCplt	24	static
stm32wbxx_hal_adc.c:3949:6:ADC_DMAError	24	static
