stm32wbxx_hal_pcd.c:120:19:HAL_PCD_Init	64	static
stm32wbxx_hal_pcd.c:216:19:HAL_PCD_DeInit	16	static
stm32wbxx_hal_pcd.c:252:13:HAL_PCD_MspInit	16	static
stm32wbxx_hal_pcd.c:267:13:HAL_PCD_MspDeInit	16	static
stm32wbxx_hal_pcd.c:962:19:HAL_PCD_Start	16	static
stm32wbxx_hal_pcd.c:976:19:HAL_PCD_Stop	16	static
stm32wbxx_hal_pcd.c:994:6:HAL_PCD_IRQHandler	16	static
stm32wbxx_hal_pcd.c:1120:13:HAL_PCD_DataOutStageCallback	16	static
stm32wbxx_hal_pcd.c:1137:13:HAL_PCD_DataInStageCallback	16	static
stm32wbxx_hal_pcd.c:1152:13:HAL_PCD_SetupStageCallback	16	static
stm32wbxx_hal_pcd.c:1167:13:HAL_PCD_SOFCallback	16	static
stm32wbxx_hal_pcd.c:1182:13:HAL_PCD_ResetCallback	16	static
stm32wbxx_hal_pcd.c:1197:13:HAL_PCD_SuspendCallback	16	static
stm32wbxx_hal_pcd.c:1212:13:HAL_PCD_ResumeCallback	16	static
stm32wbxx_hal_pcd.c:1228:13:HAL_PCD_ISOOUTIncompleteCallback	16	static
stm32wbxx_hal_pcd.c:1245:13:HAL_PCD_ISOINIncompleteCallback	16	static
stm32wbxx_hal_pcd.c:1261:13:HAL_PCD_ConnectCallback	16	static
stm32wbxx_hal_pcd.c:1276:13:HAL_PCD_DisconnectCallback	16	static
stm32wbxx_hal_pcd.c:1310:19:HAL_PCD_DevConnect	16	static
stm32wbxx_hal_pcd.c:1323:19:HAL_PCD_DevDisconnect	16	static
stm32wbxx_hal_pcd.c:1337:19:HAL_PCD_SetAddress	16	static
stm32wbxx_hal_pcd.c:1353:19:HAL_PCD_EP_Open	24	static
stm32wbxx_hal_pcd.c:1397:19:HAL_PCD_EP_Close	24	static
stm32wbxx_hal_pcd.c:1428:19:HAL_PCD_EP_Receive	32	static
stm32wbxx_hal_pcd.c:1459:10:HAL_PCD_EP_GetRxCount	16	static
stm32wbxx_hal_pcd.c:1471:19:HAL_PCD_EP_Transmit	32	static
stm32wbxx_hal_pcd.c:1502:19:HAL_PCD_EP_SetStall	24	static
stm32wbxx_hal_pcd.c:1543:19:HAL_PCD_EP_ClrStall	24	static
stm32wbxx_hal_pcd.c:1579:19:HAL_PCD_EP_Flush	16	static
stm32wbxx_hal_pcd.c:1593:19:HAL_PCD_ActivateRemoteWakeup	16	static
stm32wbxx_hal_pcd.c:1603:19:HAL_PCD_DeActivateRemoteWakeup	16	static
stm32wbxx_hal_pcd.c:1632:18:HAL_PCD_GetState	16	static
stm32wbxx_hal_pcd.c:1656:26:PCD_EP_ISR_Handler	64	static
