app_freertos.c:266:13:configureTimerForRunTimeStats	4	static
app_freertos.c:271:22:getRunTimeCounterValue	8	static
app_freertos.c:278:13:vApplicationTickHook	4	static
app_freertos.c:290:13:vApplicationStackOverflowHook	16	static
app_freertos.c:301:13:vApplicationMallocFailedHook	4	static
app_freertos.c:319:13:vPortSuppressTicksAndSleep	16	static
app_freertos.c:332:6:MX_FREERTOS_Init	8	static
app_freertos.c:460:13:DefaultTask	16	static
app_freertos.c:478:13:msgPassingUSB	48	static
app_freertos.c:510:6:watchDogReset	16	static
