stm32wbxx_ll_pwr.h:1664:22:LL_C2_PWR_SetPowerMode	16	static
stm32wbxx_ll_rcc.h:2329:22:LL_RCC_SetClkAfterWakeFromStop	16	static
stm32wbxx_ll_bus.h:540:22:LL_AHB2_GRP1_EnableClock	24	static
stm32wbxx_ll_bus.h:598:22:LL_AHB2_GRP1_DisableClock	16	static
app_entry.c:114:6:APPE_Init	8	static
app_entry.c:144:13:Init_Debug	32	static
app_entry.c:194:13:SystemPower_Config	8	static
app_entry.c:216:13:appe_Tl_Init	40	static
app_entry.c:246:13:APPE_SysStatusNot	16	static
app_entry.c:273:13:APPE_SysUserEvtRx	24	static
app_entry.c:298:13:APPE_SysEvtError	16	static
app_entry.c:315:13:APPE_SysEvtReadyProcessing	8	static
app_entry.c:330:13:ShciUserEvtProcess	16	static
app_entry.c:356:6:shci_notify_asynch_evt	16	static
app_entry.c:363:6:shci_cmd_resp_release	16	static
app_entry.c:370:6:shci_cmd_resp_wait	16	static
app_entry.c:378:6:TL_TRACES_EvtReceived	16	static
