stm32wbxx_ll_rcc.h:2417:22:LL_RCC_SetClkAfterWakeFromStop	16	static
stm32wbxx_ll_bus.h:508:22:LL_AHB2_GRP1_EnableClock	24	static
stm32wbxx_ll_bus.h:564:22:LL_AHB2_GRP1_DisableClock	16	static
app_entry.c:112:6:APPE_Init	8	static
app_entry.c:142:13:Init_Debug	32	static
app_entry.c:192:13:SystemPower_Config	8	static
app_entry.c:213:13:appe_Tl_Init	40	static
app_entry.c:243:13:APPE_SysStatusNot	16	static
app_entry.c:270:13:APPE_SysUserEvtRx	24	static
app_entry.c:295:13:APPE_SysEvtError	16	static
app_entry.c:312:13:APPE_SysEvtReadyProcessing	8	static
app_entry.c:327:13:ShciUserEvtProcess	16	static
app_entry.c:353:6:shci_notify_asynch_evt	16	static
app_entry.c:360:6:shci_cmd_resp_release	16	static
app_entry.c:367:6:shci_cmd_resp_wait	16	static
app_entry.c:375:6:TL_TRACES_EvtReceived	16	static
