driver_BNO080.c:110:6:IMU_begin	16	static
driver_BNO080.c:221:6:IMU_dataAvailable	8	static
driver_BNO080.c:272:6:IMU_parseCommandReport	16	static
driver_BNO080.c:308:6:IMU_parseInputReport	32	static
driver_BNO080.c:463:7:IMU_getQuatI	16	static
driver_BNO080.c:470:7:IMU_getQuatJ	16	static
driver_BNO080.c:477:7:IMU_getQuatK	16	static
driver_BNO080.c:484:7:IMU_getQuatReal	16	static
driver_BNO080.c:491:7:IMU_getQuatRadianAccuracy	16	static
driver_BNO080.c:498:9:IMU_getQuatAccuracy	4	static
driver_BNO080.c:504:7:IMU_getAccelX	16	static
driver_BNO080.c:511:7:IMU_getAccelY	16	static
driver_BNO080.c:518:7:IMU_getAccelZ	16	static
driver_BNO080.c:525:9:IMU_getAccelAccuracy	4	static
driver_BNO080.c:533:7:IMU_getLinAccelX	16	static
driver_BNO080.c:540:7:IMU_getLinAccelY	16	static
driver_BNO080.c:547:7:IMU_getLinAccelZ	16	static
driver_BNO080.c:554:9:IMU_getLinAccelAccuracy	4	static
driver_BNO080.c:560:7:IMU_getGyroX	16	static
driver_BNO080.c:567:7:IMU_getGyroY	16	static
driver_BNO080.c:574:7:IMU_getGyroZ	16	static
driver_BNO080.c:581:9:IMU_getGyroAccuracy	4	static
driver_BNO080.c:587:7:IMU_getMagX	16	static
driver_BNO080.c:594:7:IMU_getMagY	16	static
driver_BNO080.c:601:7:IMU_getMagZ	16	static
driver_BNO080.c:608:9:IMU_getMagAccuracy	4	static
driver_BNO080.c:614:10:IMU_getStepCount	4	static
driver_BNO080.c:620:9:IMU_getStabilityClassifier	4	static
driver_BNO080.c:626:9:IMU_getActivityClassifier	4	static
driver_BNO080.c:632:10:IMU_getTimeStamp	4	static
driver_BNO080.c:638:9:IMU_getRawAccelX	4	static
driver_BNO080.c:643:9:IMU_getRawAccelY	4	static
driver_BNO080.c:648:9:IMU_getRawAccelZ	4	static
driver_BNO080.c:654:9:IMU_getRawGyroX	4	static
driver_BNO080.c:658:9:IMU_getRawGyroY	4	static
driver_BNO080.c:662:9:IMU_getRawGyroZ	4	static
driver_BNO080.c:668:9:IMU_getRawMagX	4	static
driver_BNO080.c:672:9:IMU_getRawMagY	4	static
driver_BNO080.c:676:9:IMU_getRawMagZ	4	static
driver_BNO080.c:683:9:IMU_getQ1	24	static
driver_BNO080.c:692:9:IMU_getQ2	24	static
driver_BNO080.c:701:9:IMU_getQ3	24	static
driver_BNO080.c:709:7:IMU_getResolution	32	static
driver_BNO080.c:724:7:IMU_getRange	32	static
driver_BNO080.c:741:10:IMU_readFRSword	16	static
driver_BNO080.c:751:6:IMU_frsReadRequest	16	static
driver_BNO080.c:769:6:IMU_readFRSdata	32	static
driver_BNO080.c:831:6:IMU_softReset	8	static
driver_BNO080.c:849:9:IMU_resetReason	8	static
driver_BNO080.c:871:7:IMU_qToFloat	40	static
driver_BNO080.c:879:6:IMU_enableRotationVector	16	static
driver_BNO080.c:885:6:IMU_enableGameRotationVector	16	static
driver_BNO080.c:891:6:IMU_enableAccelerometer	16	static
driver_BNO080.c:897:6:IMU_enableLinearAccelerometer	16	static
driver_BNO080.c:903:6:IMU_enableGyro	16	static
driver_BNO080.c:909:6:IMU_enableMagnetometer	16	static
driver_BNO080.c:915:6:IMU_enableStepCounter	16	static
driver_BNO080.c:921:6:IMU_enableStabilityClassifier	16	static
driver_BNO080.c:928:6:IMU_enableRawAccelerometer	16	static
driver_BNO080.c:935:6:IMU_enableRawGyro	16	static
driver_BNO080.c:942:6:IMU_enableRawMagnetometer	16	static
driver_BNO080.c:948:6:IMU_enableActivityClassifier	24	static
driver_BNO080.c:956:6:IMU_calibrateAccelerometer	8	static
driver_BNO080.c:962:6:IMU_calibrateGyro	8	static
driver_BNO080.c:968:6:IMU_calibrateMagnetometer	8	static
driver_BNO080.c:974:6:IMU_calibratePlanarAccelerometer	8	static
driver_BNO080.c:980:6:IMU_calibrateAll	8	static
driver_BNO080.c:985:6:IMU_endCalibration	8	static
driver_BNO080.c:992:6:IMU_calibrationComplete	4	static
driver_BNO080.c:1000:6:IMU_setFeatureCommand_2	16	static
driver_BNO080.c:1007:6:IMU_setFeatureCommand_3	24	static
driver_BNO080.c:1036:6:IMU_sendCommand	16	static
driver_BNO080.c:1059:6:IMU_sendCalibrateCommand	24	static
driver_BNO080.c:1100:6:IMU_requestCalibrationStatus	16	static
driver_BNO080.c:1123:6:IMU_saveCalibration	16	static
driver_BNO080.c:1179:6:IMU_receivePacket	24	static
driver_BNO080.c:1217:6:IMU_getData	32	static
driver_BNO080.c:1269:6:IMU_sendPacket	32	static
