driver_BNO080.c:271:6:IMU_parseCommandReport	0	static
driver_BNO080.c:497:9:IMU_getQuatAccuracy	0	static
driver_BNO080.c:524:9:IMU_getAccelAccuracy	0	static
driver_BNO080.c:553:9:IMU_getLinAccelAccuracy	0	static
driver_BNO080.c:580:9:IMU_getGyroAccuracy	0	static
driver_BNO080.c:607:9:IMU_getMagAccuracy	0	static
driver_BNO080.c:613:10:IMU_getStepCount	0	static
driver_BNO080.c:619:9:IMU_getStabilityClassifier	0	static
driver_BNO080.c:625:9:IMU_getActivityClassifier	0	static
driver_BNO080.c:631:10:IMU_getTimeStamp	0	static
driver_BNO080.c:637:9:IMU_getRawAccelX	0	static
driver_BNO080.c:642:9:IMU_getRawAccelY	0	static
driver_BNO080.c:647:9:IMU_getRawAccelZ	0	static
driver_BNO080.c:653:9:IMU_getRawGyroX	0	static
driver_BNO080.c:657:9:IMU_getRawGyroY	0	static
driver_BNO080.c:661:9:IMU_getRawGyroZ	0	static
driver_BNO080.c:667:9:IMU_getRawMagX	0	static
driver_BNO080.c:671:9:IMU_getRawMagY	0	static
driver_BNO080.c:675:9:IMU_getRawMagZ	0	static
driver_BNO080.c:870:7:IMU_qToFloat	24	static
driver_BNO080.c:307:6:IMU_parseInputReport	48	static
driver_BNO080.c:462:7:IMU_getQuatI	8	static
driver_BNO080.c:469:7:IMU_getQuatJ	8	static
driver_BNO080.c:476:7:IMU_getQuatK	8	static
driver_BNO080.c:483:7:IMU_getQuatReal	8	static
driver_BNO080.c:490:7:IMU_getQuatRadianAccuracy	8	static
driver_BNO080.c:503:7:IMU_getAccelX	8	static
driver_BNO080.c:510:7:IMU_getAccelY	8	static
driver_BNO080.c:517:7:IMU_getAccelZ	8	static
driver_BNO080.c:532:7:IMU_getLinAccelX	8	static
driver_BNO080.c:539:7:IMU_getLinAccelY	8	static
driver_BNO080.c:546:7:IMU_getLinAccelZ	8	static
driver_BNO080.c:559:7:IMU_getGyroX	8	static
driver_BNO080.c:566:7:IMU_getGyroY	8	static
driver_BNO080.c:573:7:IMU_getGyroZ	8	static
driver_BNO080.c:586:7:IMU_getMagX	8	static
driver_BNO080.c:593:7:IMU_getMagY	8	static
driver_BNO080.c:600:7:IMU_getMagZ	8	static
driver_BNO080.c:991:6:IMU_calibrationComplete	0	static
driver_BNO080.c:1216:6:IMU_getData	32	static
driver_BNO080.c:1178:6:IMU_receivePacket	24	static
driver_BNO080.c:220:6:IMU_dataAvailable	8	static
driver_BNO080.c:1268:6:IMU_sendPacket	24	static
driver_BNO080.c:750:6:IMU_frsReadRequest	8	static
driver_BNO080.c:768:6:IMU_readFRSdata	24	static
driver_BNO080.c:740:10:IMU_readFRSword	8	static
driver_BNO080.c:682:9:IMU_getQ1	8	static
driver_BNO080.c:691:9:IMU_getQ2	8	static
driver_BNO080.c:700:9:IMU_getQ3	8	static
driver_BNO080.c:708:7:IMU_getResolution	16	static
driver_BNO080.c:723:7:IMU_getRange	16	static
driver_BNO080.c:830:6:IMU_softReset	8	static
driver_BNO080.c:109:6:IMU_begin	8	static
driver_BNO080.c:848:9:IMU_resetReason	8	static
driver_BNO080.c:1006:6:IMU_setFeatureCommand_3	8	static
driver_BNO080.c:947:6:IMU_enableActivityClassifier	8	static
driver_BNO080.c:999:6:IMU_setFeatureCommand_2	8	static
driver_BNO080.c:878:6:IMU_enableRotationVector	8	static
driver_BNO080.c:884:6:IMU_enableGameRotationVector	8	static
driver_BNO080.c:890:6:IMU_enableAccelerometer	8	static
driver_BNO080.c:896:6:IMU_enableLinearAccelerometer	8	static
driver_BNO080.c:902:6:IMU_enableGyro	8	static
driver_BNO080.c:908:6:IMU_enableMagnetometer	8	static
driver_BNO080.c:914:6:IMU_enableStepCounter	8	static
driver_BNO080.c:920:6:IMU_enableStabilityClassifier	8	static
driver_BNO080.c:927:6:IMU_enableRawAccelerometer	8	static
driver_BNO080.c:934:6:IMU_enableRawGyro	8	static
driver_BNO080.c:941:6:IMU_enableRawMagnetometer	8	static
driver_BNO080.c:1035:6:IMU_sendCommand	8	static
driver_BNO080.c:1058:6:IMU_sendCalibrateCommand	8	static
driver_BNO080.c:955:6:IMU_calibrateAccelerometer	8	static
driver_BNO080.c:961:6:IMU_calibrateGyro	8	static
driver_BNO080.c:967:6:IMU_calibrateMagnetometer	8	static
driver_BNO080.c:973:6:IMU_calibratePlanarAccelerometer	8	static
driver_BNO080.c:979:6:IMU_calibrateAll	8	static
driver_BNO080.c:984:6:IMU_endCalibration	8	static
driver_BNO080.c:1099:6:IMU_requestCalibrationStatus	8	static
driver_BNO080.c:1122:6:IMU_saveCalibration	8	static
