driver_BNO080.c:272:6:IMU_parseCommandReport	0	static
driver_BNO080.c:498:9:IMU_getQuatAccuracy	0	static
driver_BNO080.c:525:9:IMU_getAccelAccuracy	0	static
driver_BNO080.c:554:9:IMU_getLinAccelAccuracy	0	static
driver_BNO080.c:581:9:IMU_getGyroAccuracy	0	static
driver_BNO080.c:608:9:IMU_getMagAccuracy	0	static
driver_BNO080.c:614:10:IMU_getStepCount	0	static
driver_BNO080.c:620:9:IMU_getStabilityClassifier	0	static
driver_BNO080.c:626:9:IMU_getActivityClassifier	0	static
driver_BNO080.c:632:10:IMU_getTimeStamp	0	static
driver_BNO080.c:638:9:IMU_getRawAccelX	0	static
driver_BNO080.c:643:9:IMU_getRawAccelY	0	static
driver_BNO080.c:648:9:IMU_getRawAccelZ	0	static
driver_BNO080.c:654:9:IMU_getRawGyroX	0	static
driver_BNO080.c:658:9:IMU_getRawGyroY	0	static
driver_BNO080.c:662:9:IMU_getRawGyroZ	0	static
driver_BNO080.c:668:9:IMU_getRawMagX	0	static
driver_BNO080.c:672:9:IMU_getRawMagY	0	static
driver_BNO080.c:676:9:IMU_getRawMagZ	0	static
driver_BNO080.c:871:7:IMU_qToFloat	24	static
driver_BNO080.c:308:6:IMU_parseInputReport	48	static
driver_BNO080.c:463:7:IMU_getQuatI	8	static
driver_BNO080.c:470:7:IMU_getQuatJ	8	static
driver_BNO080.c:477:7:IMU_getQuatK	8	static
driver_BNO080.c:484:7:IMU_getQuatReal	8	static
driver_BNO080.c:491:7:IMU_getQuatRadianAccuracy	8	static
driver_BNO080.c:504:7:IMU_getAccelX	8	static
driver_BNO080.c:511:7:IMU_getAccelY	8	static
driver_BNO080.c:518:7:IMU_getAccelZ	8	static
driver_BNO080.c:533:7:IMU_getLinAccelX	8	static
driver_BNO080.c:540:7:IMU_getLinAccelY	8	static
driver_BNO080.c:547:7:IMU_getLinAccelZ	8	static
driver_BNO080.c:560:7:IMU_getGyroX	8	static
driver_BNO080.c:567:7:IMU_getGyroY	8	static
driver_BNO080.c:574:7:IMU_getGyroZ	8	static
driver_BNO080.c:587:7:IMU_getMagX	8	static
driver_BNO080.c:594:7:IMU_getMagY	8	static
driver_BNO080.c:601:7:IMU_getMagZ	8	static
driver_BNO080.c:992:6:IMU_calibrationComplete	0	static
driver_BNO080.c:1217:6:IMU_getData	32	static
driver_BNO080.c:1179:6:IMU_receivePacket	24	static
driver_BNO080.c:221:6:IMU_dataAvailable	8	static
driver_BNO080.c:1269:6:IMU_sendPacket	24	static
driver_BNO080.c:751:6:IMU_frsReadRequest	8	static
driver_BNO080.c:769:6:IMU_readFRSdata	24	static
driver_BNO080.c:741:10:IMU_readFRSword	8	static
driver_BNO080.c:683:9:IMU_getQ1	8	static
driver_BNO080.c:692:9:IMU_getQ2	8	static
driver_BNO080.c:701:9:IMU_getQ3	8	static
driver_BNO080.c:709:7:IMU_getResolution	16	static
driver_BNO080.c:724:7:IMU_getRange	16	static
driver_BNO080.c:831:6:IMU_softReset	8	static
driver_BNO080.c:110:6:IMU_begin	8	static
driver_BNO080.c:849:9:IMU_resetReason	8	static
driver_BNO080.c:1007:6:IMU_setFeatureCommand_3	8	static
driver_BNO080.c:948:6:IMU_enableActivityClassifier	8	static
driver_BNO080.c:1000:6:IMU_setFeatureCommand_2	8	static
driver_BNO080.c:879:6:IMU_enableRotationVector	8	static
driver_BNO080.c:885:6:IMU_enableGameRotationVector	8	static
driver_BNO080.c:891:6:IMU_enableAccelerometer	8	static
driver_BNO080.c:897:6:IMU_enableLinearAccelerometer	8	static
driver_BNO080.c:903:6:IMU_enableGyro	8	static
driver_BNO080.c:909:6:IMU_enableMagnetometer	8	static
driver_BNO080.c:915:6:IMU_enableStepCounter	8	static
driver_BNO080.c:921:6:IMU_enableStabilityClassifier	8	static
driver_BNO080.c:928:6:IMU_enableRawAccelerometer	8	static
driver_BNO080.c:935:6:IMU_enableRawGyro	8	static
driver_BNO080.c:942:6:IMU_enableRawMagnetometer	8	static
driver_BNO080.c:1036:6:IMU_sendCommand	8	static
driver_BNO080.c:1059:6:IMU_sendCalibrateCommand	8	static
driver_BNO080.c:956:6:IMU_calibrateAccelerometer	8	static
driver_BNO080.c:962:6:IMU_calibrateGyro	8	static
driver_BNO080.c:968:6:IMU_calibrateMagnetometer	8	static
driver_BNO080.c:974:6:IMU_calibratePlanarAccelerometer	8	static
driver_BNO080.c:980:6:IMU_calibrateAll	8	static
driver_BNO080.c:985:6:IMU_endCalibration	8	static
driver_BNO080.c:1100:6:IMU_requestCalibrationStatus	8	static
driver_BNO080.c:1123:6:IMU_saveCalibration	8	static
