stm32wbxx_it.c:83:6:NMI_Handler	4	static
stm32wbxx_it.c:96:6:HardFault_Handler	4	static
stm32wbxx_it.c:111:6:MemManage_Handler	4	static
stm32wbxx_it.c:126:6:BusFault_Handler	4	static
stm32wbxx_it.c:141:6:UsageFault_Handler	4	static
stm32wbxx_it.c:156:6:DebugMon_Handler	4	static
stm32wbxx_it.c:176:6:EXTI2_IRQHandler	8	static
stm32wbxx_it.c:193:6:DMA1_Channel1_IRQHandler	8	static
stm32wbxx_it.c:207:6:COMP_IRQHandler	8	static
stm32wbxx_it.c:221:6:EXTI9_5_IRQHandler	8	static
stm32wbxx_it.c:235:6:TIM1_UP_TIM16_IRQHandler	8	static
stm32wbxx_it.c:250:6:I2C1_EV_IRQHandler	8	static
stm32wbxx_it.c:262:6:IPCC_C1_TX_IRQHandler	8	static
stm32wbxx_it.c:268:6:IPCC_C1_RX_IRQHandler	8	static
stm32wbxx_it.c:277:6:TSC_IRQHandler	8	static
