stm32wbxx_it.c:86:6:NMI_Handler	4	static
stm32wbxx_it.c:99:6:HardFault_Handler	4	static
stm32wbxx_it.c:114:6:MemManage_Handler	4	static
stm32wbxx_it.c:129:6:BusFault_Handler	4	static
stm32wbxx_it.c:144:6:UsageFault_Handler	4	static
stm32wbxx_it.c:159:6:DebugMon_Handler	4	static
stm32wbxx_it.c:179:6:EXTI2_IRQHandler	8	static
stm32wbxx_it.c:196:6:DMA1_Channel1_IRQHandler	8	static
stm32wbxx_it.c:210:6:USB_LP_IRQHandler	8	static
stm32wbxx_it.c:224:6:COMP_IRQHandler	8	static
stm32wbxx_it.c:238:6:EXTI9_5_IRQHandler	8	static
stm32wbxx_it.c:252:6:TIM1_UP_TIM16_IRQHandler	8	static
stm32wbxx_it.c:267:6:I2C1_EV_IRQHandler	8	static
stm32wbxx_it.c:279:6:IPCC_C1_TX_IRQHandler	8	static
stm32wbxx_it.c:285:6:IPCC_C1_RX_IRQHandler	8	static
stm32wbxx_it.c:294:6:TSC_IRQHandler	8	static
