driver_BNO080.c:267:6:IMU_parseCommandReport	0	static
driver_BNO080.c:303:6:IMU_parseInputReport	32	static
driver_BNO080.c:493:9:IMU_getQuatAccuracy	0	static
driver_BNO080.c:520:9:IMU_getAccelAccuracy	0	static
driver_BNO080.c:549:9:IMU_getLinAccelAccuracy	0	static
driver_BNO080.c:576:9:IMU_getGyroAccuracy	0	static
driver_BNO080.c:603:9:IMU_getMagAccuracy	0	static
driver_BNO080.c:609:10:IMU_getStepCount	0	static
driver_BNO080.c:615:9:IMU_getStabilityClassifier	0	static
driver_BNO080.c:621:9:IMU_getActivityClassifier	0	static
driver_BNO080.c:627:10:IMU_getTimeStamp	0	static
driver_BNO080.c:633:9:IMU_getRawAccelX	0	static
driver_BNO080.c:638:9:IMU_getRawAccelY	0	static
driver_BNO080.c:643:9:IMU_getRawAccelZ	0	static
driver_BNO080.c:649:9:IMU_getRawGyroX	0	static
driver_BNO080.c:653:9:IMU_getRawGyroY	0	static
driver_BNO080.c:657:9:IMU_getRawGyroZ	0	static
driver_BNO080.c:663:9:IMU_getRawMagX	0	static
driver_BNO080.c:667:9:IMU_getRawMagY	0	static
driver_BNO080.c:671:9:IMU_getRawMagZ	0	static
driver_BNO080.c:866:7:IMU_qToFloat	24	static
driver_BNO080.c:458:7:IMU_getQuatI	8	static
driver_BNO080.c:465:7:IMU_getQuatJ	8	static
driver_BNO080.c:472:7:IMU_getQuatK	8	static
driver_BNO080.c:479:7:IMU_getQuatReal	8	static
driver_BNO080.c:486:7:IMU_getQuatRadianAccuracy	8	static
driver_BNO080.c:499:7:IMU_getAccelX	8	static
driver_BNO080.c:506:7:IMU_getAccelY	8	static
driver_BNO080.c:513:7:IMU_getAccelZ	8	static
driver_BNO080.c:528:7:IMU_getLinAccelX	8	static
driver_BNO080.c:535:7:IMU_getLinAccelY	8	static
driver_BNO080.c:542:7:IMU_getLinAccelZ	8	static
driver_BNO080.c:555:7:IMU_getGyroX	8	static
driver_BNO080.c:562:7:IMU_getGyroY	8	static
driver_BNO080.c:569:7:IMU_getGyroZ	8	static
driver_BNO080.c:582:7:IMU_getMagX	8	static
driver_BNO080.c:589:7:IMU_getMagY	8	static
driver_BNO080.c:596:7:IMU_getMagZ	8	static
driver_BNO080.c:987:6:IMU_calibrationComplete	0	static
driver_BNO080.c:1207:6:IMU_getData	24	static
driver_BNO080.c:1174:6:IMU_receivePacket	16	static
driver_BNO080.c:216:6:IMU_dataAvailable	8	static
driver_BNO080.c:1254:6:IMU_sendPacket	24	static
driver_BNO080.c:746:6:IMU_frsReadRequest	8	static
driver_BNO080.c:764:6:IMU_readFRSdata	24	static
driver_BNO080.c:736:10:IMU_readFRSword	8	static
driver_BNO080.c:678:9:IMU_getQ1	8	static
driver_BNO080.c:687:9:IMU_getQ2	8	static
driver_BNO080.c:696:9:IMU_getQ3	8	static
driver_BNO080.c:704:7:IMU_getResolution	16	static
driver_BNO080.c:719:7:IMU_getRange	16	static
driver_BNO080.c:826:6:IMU_softReset	8	static
driver_BNO080.c:107:6:IMU_begin	8	static
driver_BNO080.c:844:9:IMU_resetReason	8	static
driver_BNO080.c:1002:6:IMU_setFeatureCommand_3	8	static
driver_BNO080.c:943:6:IMU_enableActivityClassifier	8	static
driver_BNO080.c:995:6:IMU_setFeatureCommand_2	8	static
driver_BNO080.c:874:6:IMU_enableRotationVector	8	static
driver_BNO080.c:880:6:IMU_enableGameRotationVector	8	static
driver_BNO080.c:886:6:IMU_enableAccelerometer	8	static
driver_BNO080.c:892:6:IMU_enableLinearAccelerometer	8	static
driver_BNO080.c:898:6:IMU_enableGyro	8	static
driver_BNO080.c:904:6:IMU_enableMagnetometer	8	static
driver_BNO080.c:910:6:IMU_enableStepCounter	8	static
driver_BNO080.c:916:6:IMU_enableStabilityClassifier	8	static
driver_BNO080.c:923:6:IMU_enableRawAccelerometer	8	static
driver_BNO080.c:930:6:IMU_enableRawGyro	8	static
driver_BNO080.c:937:6:IMU_enableRawMagnetometer	8	static
driver_BNO080.c:1031:6:IMU_sendCommand	8	static
driver_BNO080.c:1054:6:IMU_sendCalibrateCommand	8	static
driver_BNO080.c:951:6:IMU_calibrateAccelerometer	8	static
driver_BNO080.c:957:6:IMU_calibrateGyro	8	static
driver_BNO080.c:963:6:IMU_calibrateMagnetometer	8	static
driver_BNO080.c:969:6:IMU_calibratePlanarAccelerometer	8	static
driver_BNO080.c:975:6:IMU_calibrateAll	8	static
driver_BNO080.c:980:6:IMU_endCalibration	8	static
driver_BNO080.c:1095:6:IMU_requestCalibrationStatus	8	static
driver_BNO080.c:1118:6:IMU_saveCalibration	8	static
