stm32wbxx_ll_rcc.h:1306:26:LL_RCC_HSE_IsReady	0	static
stm32wbxx_ll_rcc.h:1468:26:LL_RCC_HSI_IsReady	0	static
stm32wbxx_ll_rcc.h:1739:26:LL_RCC_LSI1_IsReady	0	static
stm32wbxx_ll_rcc.h:1836:26:LL_RCC_MSI_IsReady	0	static
stm32wbxx_ll_rcc.h:1886:22:LL_RCC_MSI_SetRange	0	static
stm32wbxx_ll_rcc.h:1908:26:LL_RCC_MSI_GetRange	0	static
stm32wbxx_ll_rcc.h:1938:22:LL_RCC_MSI_SetCalibTrimming	0	static
stm32wbxx_ll_rcc.h:2904:26:LL_RCC_PLL_IsReady	0	static
stm32wbxx_ll_bus.h:466:22:LL_AHB2_GRP1_EnableClock	8	static
stm32wbxx_hal_rcc.c:1659:26:RCC_SetFlashLatencyFromMSIRange	72	static
stm32wbxx_hal_rcc.c:267:19:HAL_RCC_DeInit	16	static
stm32wbxx_hal_rcc.c:377:19:HAL_RCC_OscConfig	24	static
stm32wbxx_hal_rcc.c:993:19:HAL_RCC_ClockConfig	24	static
stm32wbxx_hal_rcc.c:1253:6:HAL_RCC_MCOConfig	40	static
stm32wbxx_hal_rcc.c:1333:10:HAL_RCC_GetSysClockFreq	8	static
stm32wbxx_hal_rcc.c:1396:10:HAL_RCC_GetHCLKFreq	8	static
stm32wbxx_hal_rcc.c:1406:10:HAL_RCC_GetHCLK2Freq	8	static
stm32wbxx_hal_rcc.c:1416:10:HAL_RCC_GetHCLK4Freq	8	static
stm32wbxx_hal_rcc.c:1428:10:HAL_RCC_GetPCLK1Freq	8	static
stm32wbxx_hal_rcc.c:1440:10:HAL_RCC_GetPCLK2Freq	8	static
stm32wbxx_hal_rcc.c:1453:6:HAL_RCC_GetOscConfig	8	static
stm32wbxx_hal_rcc.c:1563:6:HAL_RCC_GetClockConfig	0	static
stm32wbxx_hal_rcc.c:1605:6:HAL_RCC_EnableCSS	0	static
stm32wbxx_hal_rcc.c:1632:13:HAL_RCC_CSSCallback	0	static
stm32wbxx_hal_rcc.c:1615:6:HAL_RCC_NMI_IRQHandler	8	static
