stm32wbxx_hal_tsc.c:1090:17:TSC_extract_groups	12	static
stm32wbxx_hal_tsc.c:388:13:HAL_TSC_MspInit	0	static
stm32wbxx_hal_tsc.c:240:19:HAL_TSC_Init	16	static
stm32wbxx_hal_tsc.c:404:13:HAL_TSC_MspDeInit	0	static
stm32wbxx_hal_tsc.c:345:19:HAL_TSC_DeInit	8	static
stm32wbxx_hal_tsc.c:623:19:HAL_TSC_Start	0	static
stm32wbxx_hal_tsc.c:666:19:HAL_TSC_Start_IT	0	static
stm32wbxx_hal_tsc.c:720:19:HAL_TSC_Stop	0	static
stm32wbxx_hal_tsc.c:753:19:HAL_TSC_Stop_IT	0	static
stm32wbxx_hal_tsc.c:818:24:HAL_TSC_GroupGetStatus	0	static
stm32wbxx_hal_tsc.c:835:10:HAL_TSC_GroupGetValue	0	static
stm32wbxx_hal_tsc.c:870:19:HAL_TSC_IOConfig	16	static
stm32wbxx_hal_tsc.c:910:19:HAL_TSC_IODischarge	0	static
stm32wbxx_hal_tsc.c:959:22:HAL_TSC_GetState	0	static
stm32wbxx_hal_tsc.c:791:19:HAL_TSC_PollForAcquisition	8	static
stm32wbxx_hal_tsc.c:1046:13:HAL_TSC_ConvCpltCallback	0	static
stm32wbxx_hal_tsc.c:1062:13:HAL_TSC_ErrorCallback	0	static
stm32wbxx_hal_tsc.c:1001:6:HAL_TSC_IRQHandler	8	static
