stm32wbxx_hal_pwr_ex.c:86:10:HAL_PWREx_GetVoltageRange	0	static
stm32wbxx_hal_pwr_ex.c:111:19:HAL_PWREx_ControlVoltageScaling	0	static
stm32wbxx_hal_pwr_ex.c:161:6:HAL_PWREx_EnableBatteryCharging	0	static
stm32wbxx_hal_pwr_ex.c:176:6:HAL_PWREx_DisableBatteryCharging	0	static
stm32wbxx_hal_pwr_ex.c:188:6:HAL_PWREx_EnableVddUSB	0	static
stm32wbxx_hal_pwr_ex.c:197:6:HAL_PWREx_DisableVddUSB	0	static
stm32wbxx_hal_pwr_ex.c:208:6:HAL_PWREx_EnableInternalWakeUpLine	0	static
stm32wbxx_hal_pwr_ex.c:217:6:HAL_PWREx_DisableInternalWakeUpLine	0	static
stm32wbxx_hal_pwr_ex.c:228:6:HAL_PWREx_EnableBORH_SMPSBypassIT	0	static
stm32wbxx_hal_pwr_ex.c:238:6:HAL_PWREx_DisableBORH_SMPSBypassIT	0	static
stm32wbxx_hal_pwr_ex.c:248:6:HAL_PWREx_EnableRFPhaseIT	0	static
stm32wbxx_hal_pwr_ex.c:257:6:HAL_PWREx_DisableRFPhaseIT	0	static
stm32wbxx_hal_pwr_ex.c:267:6:HAL_PWREx_EnableBLEActivityIT	0	static
stm32wbxx_hal_pwr_ex.c:276:6:HAL_PWREx_DisableBLEActivityIT	0	static
stm32wbxx_hal_pwr_ex.c:286:6:HAL_PWREx_Enable802ActivityIT	0	static
stm32wbxx_hal_pwr_ex.c:295:6:HAL_PWREx_Disable802ActivityIT	0	static
stm32wbxx_hal_pwr_ex.c:304:6:HAL_PWREx_EnableHOLDC2IT	0	static
stm32wbxx_hal_pwr_ex.c:313:6:HAL_PWREx_DisableHOLDC2IT	0	static
stm32wbxx_hal_pwr_ex.c:341:19:HAL_PWREx_EnableGPIOPullUp	0	static
stm32wbxx_hal_pwr_ex.c:397:19:HAL_PWREx_DisableGPIOPullUp	0	static
stm32wbxx_hal_pwr_ex.c:455:19:HAL_PWREx_EnableGPIOPullDown	0	static
stm32wbxx_hal_pwr_ex.c:511:19:HAL_PWREx_DisableGPIOPullDown	0	static
stm32wbxx_hal_pwr_ex.c:556:6:HAL_PWREx_EnablePullUpPullDownConfig	0	static
stm32wbxx_hal_pwr_ex.c:567:6:HAL_PWREx_DisablePullUpPullDownConfig	0	static
stm32wbxx_hal_pwr_ex.c:580:6:HAL_PWREx_SetBORConfig	0	static
stm32wbxx_hal_pwr_ex.c:591:10:HAL_PWREx_GetBORConfig	0	static
stm32wbxx_hal_pwr_ex.c:605:6:HAL_PWREx_HoldCore	0	static
stm32wbxx_hal_pwr_ex.c:620:6:HAL_PWREx_ReleaseCore	0	static
stm32wbxx_hal_pwr_ex.c:635:6:HAL_PWREx_EnableSRAMRetention	0	static
stm32wbxx_hal_pwr_ex.c:646:6:HAL_PWREx_DisableSRAMRetention	0	static
stm32wbxx_hal_pwr_ex.c:661:6:HAL_PWREx_EnableFlashPowerDown	0	static
stm32wbxx_hal_pwr_ex.c:684:6:HAL_PWREx_DisableFlashPowerDown	0	static
stm32wbxx_hal_pwr_ex.c:697:6:HAL_PWREx_EnablePVM1	0	static
stm32wbxx_hal_pwr_ex.c:706:6:HAL_PWREx_DisablePVM1	0	static
stm32wbxx_hal_pwr_ex.c:714:6:HAL_PWREx_EnablePVM3	0	static
stm32wbxx_hal_pwr_ex.c:723:6:HAL_PWREx_DisablePVM3	0	static
stm32wbxx_hal_pwr_ex.c:743:19:HAL_PWREx_ConfigPVM	0	static
stm32wbxx_hal_pwr_ex.c:838:19:HAL_PWREx_ConfigSMPS	16	static
stm32wbxx_hal_pwr_ex.c:897:6:HAL_PWREx_SMPS_SetMode	0	static
stm32wbxx_hal_pwr_ex.c:922:10:HAL_PWREx_SMPS_GetEffectiveMode	0	static
stm32wbxx_hal_pwr_ex.c:949:6:HAL_PWREx_EnableWakeUpPin	8	static
stm32wbxx_hal_pwr_ex.c:979:11:HAL_PWREx_GetWakeupFlag	0	static
stm32wbxx_hal_pwr_ex.c:995:19:HAL_PWREx_ClearWakeupFlag	0	static
stm32wbxx_hal_pwr_ex.c:1018:6:HAL_PWREx_EnableLowPowerRunMode	0	static
stm32wbxx_hal_pwr_ex.c:1033:19:HAL_PWREx_DisableLowPowerRunMode	0	static
stm32wbxx_hal_pwr_ex.c:1080:6:HAL_PWREx_EnterSTOP0Mode	0	static
stm32wbxx_hal_pwr_ex.c:1134:6:HAL_PWREx_EnterSTOP1Mode	0	static
stm32wbxx_hal_pwr_ex.c:1188:6:HAL_PWREx_EnterSTOP2Mode	0	static
stm32wbxx_hal_pwr_ex.c:1232:6:HAL_PWREx_EnterSHUTDOWNMode	0	static
stm32wbxx_hal_pwr_ex.c:1299:13:HAL_PWREx_PVM1Callback	0	static
stm32wbxx_hal_pwr_ex.c:1310:13:HAL_PWREx_PVM3Callback	0	static
stm32wbxx_hal_pwr_ex.c:1261:6:HAL_PWREx_PVD_PVM_IRQHandler	8	static
