stm32wbxx_ll_rcc.h:1246:26:LL_RCC_HSE_IsEnabledDiv2	0	static
stm32wbxx_ll_rcc.h:1468:26:LL_RCC_HSI_IsReady	0	static
stm32wbxx_ll_rcc.h:1691:26:LL_RCC_LSE_IsReady	0	static
stm32wbxx_ll_rcc.h:1739:26:LL_RCC_LSI1_IsReady	0	static
stm32wbxx_ll_rcc.h:1777:26:LL_RCC_LSI2_IsReady	0	static
stm32wbxx_ll_rcc.h:1908:26:LL_RCC_MSI_GetRange	0	static
stm32wbxx_ll_rcc.h:2499:22:LL_RCC_SetI2CClockSource	0	static
stm32wbxx_ll_rcc.h:2904:26:LL_RCC_PLL_IsReady	0	static
stm32wbxx_ll_rcc.h:3324:22:LL_RCC_PLLSAI1_Enable	0	static
stm32wbxx_ll_rcc.h:3334:22:LL_RCC_PLLSAI1_Disable	0	static
stm32wbxx_ll_rcc.h:3344:26:LL_RCC_PLLSAI1_IsReady	0	static
stm32wbxx_ll_bus.h:466:22:LL_AHB2_GRP1_EnableClock	8	static
stm32wbxx_hal_rcc_ex.c:2097:17:RCC_PLL_GetFreqDomain_Q	8	static
stm32wbxx_hal_rcc_ex.c:2054:17:RCC_PLL_GetFreqDomain_P	8	static
stm32wbxx_hal_rcc_ex.c:2222:17:RCC_PLLSAI1_GetFreqDomain_Q	8	static
stm32wbxx_hal_rcc_ex.c:145:19:HAL_RCCEx_PeriphCLKConfig	24	static
stm32wbxx_hal_rcc_ex.c:420:6:HAL_RCCEx_GetPeriphCLKConfig	0	static
stm32wbxx_hal_rcc_ex.c:498:10:HAL_RCCEx_GetPeriphCLKFreq	8	static
stm32wbxx_hal_rcc_ex.c:1082:19:HAL_RCCEx_EnablePLLSAI1	16	static
stm32wbxx_hal_rcc_ex.c:1142:19:HAL_RCCEx_DisablePLLSAI1	8	static
stm32wbxx_hal_rcc_ex.c:1181:6:HAL_RCCEx_WakeUpStopCLKConfig	0	static
stm32wbxx_hal_rcc_ex.c:1195:6:HAL_RCCEx_EnableLSECSS	0	static
stm32wbxx_hal_rcc_ex.c:1205:6:HAL_RCCEx_DisableLSECSS	0	static
stm32wbxx_hal_rcc_ex.c:1218:6:HAL_RCCEx_EnableLSECSS_IT	0	static
stm32wbxx_hal_rcc_ex.c:1254:13:HAL_RCCEx_LSECSS_Callback	0	static
stm32wbxx_hal_rcc_ex.c:1237:6:HAL_RCCEx_LSECSS_IRQHandler	8	static
stm32wbxx_hal_rcc_ex.c:1275:6:HAL_RCCEx_LSCOConfig	40	static
stm32wbxx_hal_rcc_ex.c:1350:6:HAL_RCCEx_EnableLSCO	40	static
stm32wbxx_hal_rcc_ex.c:1392:6:HAL_RCCEx_DisableLSCO	8	static
stm32wbxx_hal_rcc_ex.c:1423:6:HAL_RCCEx_EnableMSIPLLMode	0	static
stm32wbxx_hal_rcc_ex.c:1433:6:HAL_RCCEx_DisableMSIPLLMode	0	static
stm32wbxx_hal_rcc_ex.c:1449:19:HAL_RCCEx_TrimOsc	8	static
stm32wbxx_hal_rcc_ex.c:1551:6:HAL_RCCEx_CRSConfig	0	static
stm32wbxx_hal_rcc_ex.c:1593:6:HAL_RCCEx_CRSSoftwareSynchronizationGenerate	0	static
stm32wbxx_hal_rcc_ex.c:1603:6:HAL_RCCEx_CRSGetSynchronizationInfo	0	static
stm32wbxx_hal_rcc_ex.c:1636:10:HAL_RCCEx_CRSWaitSynchronization	24	static
stm32wbxx_hal_rcc_ex.c:1785:13:HAL_RCCEx_CRS_SyncOkCallback	0	static
stm32wbxx_hal_rcc_ex.c:1796:13:HAL_RCCEx_CRS_SyncWarnCallback	0	static
stm32wbxx_hal_rcc_ex.c:1807:13:HAL_RCCEx_CRS_ExpectedSyncCallback	0	static
stm32wbxx_hal_rcc_ex.c:1823:13:HAL_RCCEx_CRS_ErrorCallback	0	static
stm32wbxx_hal_rcc_ex.c:1720:6:HAL_RCCEx_CRS_IRQHandler	8	static
