stm32wbxx_ll_adc.h:3962:22:LL_ADC_SetChannelSamplingTime	12	static
stm32wbxx_ll_adc.h:4283:22:LL_ADC_SetAnalogWDMonitChannels	12	static
stm32wbxx_ll_adc.h:5003:26:LL_ADC_IsEnabled	0	static
stm32wbxx_ll_adc.h:5125:26:LL_ADC_REG_IsConversionOngoing	0	static
stm32wbxx_hal_adc.c:898:13:HAL_ADC_MspInit	0	static
stm32wbxx_hal_adc.c:394:19:HAL_ADC_Init	24	static
stm32wbxx_hal_adc.c:915:13:HAL_ADC_MspDeInit	0	static
stm32wbxx_hal_adc.c:1334:19:HAL_ADC_PollForConversion	24	static
stm32wbxx_hal_adc.c:1453:19:HAL_ADC_PollForEvent	24	static
stm32wbxx_hal_adc.c:1934:10:HAL_ADC_GetValue	0	static
stm32wbxx_hal_adc.c:2260:13:HAL_ADC_ConvCpltCallback	0	static
stm32wbxx_hal_adc.c:2275:13:HAL_ADC_ConvHalfCpltCallback	0	static
stm32wbxx_hal_adc.c:3197:6:ADC_DMAHalfConvCplt	8	static
stm32wbxx_hal_adc.c:2290:13:HAL_ADC_LevelOutOfWindowCallback	0	static
stm32wbxx_hal_adc.c:2312:13:HAL_ADC_ErrorCallback	0	static
stm32wbxx_hal_adc.c:1951:6:HAL_ADC_IRQHandler	16	static
stm32wbxx_hal_adc.c:3119:6:ADC_DMAConvCplt	8	static
stm32wbxx_hal_adc.c:3215:6:ADC_DMAError	8	static
stm32wbxx_hal_adc.c:2358:19:HAL_ADC_ConfigChannel	32	static
stm32wbxx_hal_adc.c:2571:19:HAL_ADC_AnalogWDGConfig	24	static
stm32wbxx_hal_adc.c:2820:10:HAL_ADC_GetState	0	static
stm32wbxx_hal_adc.c:2834:10:HAL_ADC_GetError	0	static
stm32wbxx_hal_adc.c:2864:19:ADC_ConversionStop	16	static
stm32wbxx_hal_adc.c:2994:19:ADC_Enable	16	static
stm32wbxx_hal_adc.c:1201:19:HAL_ADC_Start	16	static
stm32wbxx_hal_adc.c:1593:19:HAL_ADC_Start_IT	16	static
stm32wbxx_hal_adc.c:1745:19:HAL_ADC_Start_DMA	24	static
stm32wbxx_hal_adc.c:3061:19:ADC_Disable	16	static
stm32wbxx_hal_adc.c:696:19:HAL_ADC_DeInit	16	static
stm32wbxx_hal_adc.c:1280:19:HAL_ADC_Stop	8	static
stm32wbxx_hal_adc.c:1695:19:HAL_ADC_Stop_IT	8	static
stm32wbxx_hal_adc.c:1849:19:HAL_ADC_Stop_DMA	16	static
