stm32wbxx_hal_tim.c:6017:13:TIM_OC1_SetConfig	16	static
stm32wbxx_hal_tim.c:6168:13:TIM_OC3_SetConfig	16	static
stm32wbxx_hal_tim.c:6242:13:TIM_OC4_SetConfig	12	static
stm32wbxx_hal_tim.c:6302:13:TIM_OC5_SetConfig	12	static
stm32wbxx_hal_tim.c:6355:13:TIM_OC6_SetConfig	12	static
stm32wbxx_hal_tim.c:364:13:HAL_TIM_Base_MspInit	0	static
stm32wbxx_hal_tim.c:379:13:HAL_TIM_Base_MspDeInit	0	static
stm32wbxx_hal_tim.c:328:19:HAL_TIM_Base_DeInit	8	static
stm32wbxx_hal_tim.c:395:19:HAL_TIM_Base_Start	0	static
stm32wbxx_hal_tim.c:424:19:HAL_TIM_Base_Stop	0	static
stm32wbxx_hal_tim.c:447:19:HAL_TIM_Base_Start_IT	0	static
stm32wbxx_hal_tim.c:473:19:HAL_TIM_Base_Stop_IT	0	static
stm32wbxx_hal_tim.c:494:19:HAL_TIM_Base_Start_DMA	8	static
stm32wbxx_hal_tim.c:553:19:HAL_TIM_Base_Stop_DMA	8	static
stm32wbxx_hal_tim.c:696:13:HAL_TIM_OC_MspInit	0	static
stm32wbxx_hal_tim.c:711:13:HAL_TIM_OC_MspDeInit	0	static
stm32wbxx_hal_tim.c:660:19:HAL_TIM_OC_DeInit	8	static
stm32wbxx_hal_tim.c:1273:13:HAL_TIM_PWM_MspInit	0	static
stm32wbxx_hal_tim.c:1288:13:HAL_TIM_PWM_MspDeInit	0	static
stm32wbxx_hal_tim.c:1237:19:HAL_TIM_PWM_DeInit	8	static
stm32wbxx_hal_tim.c:1851:13:HAL_TIM_IC_MspInit	0	static
stm32wbxx_hal_tim.c:1866:13:HAL_TIM_IC_MspDeInit	0	static
stm32wbxx_hal_tim.c:1815:19:HAL_TIM_IC_DeInit	8	static
stm32wbxx_hal_tim.c:2397:13:HAL_TIM_OnePulse_MspInit	0	static
stm32wbxx_hal_tim.c:2412:13:HAL_TIM_OnePulse_MspDeInit	0	static
stm32wbxx_hal_tim.c:2361:19:HAL_TIM_OnePulse_DeInit	8	static
stm32wbxx_hal_tim.c:2431:19:HAL_TIM_OnePulse_Start	0	static
stm32wbxx_hal_tim.c:2467:19:HAL_TIM_OnePulse_Stop	0	static
stm32wbxx_hal_tim.c:2503:19:HAL_TIM_OnePulse_Start_IT	0	static
stm32wbxx_hal_tim.c:2545:19:HAL_TIM_OnePulse_Stop_IT	0	static
stm32wbxx_hal_tim.c:2756:13:HAL_TIM_Encoder_MspInit	0	static
stm32wbxx_hal_tim.c:2771:13:HAL_TIM_Encoder_MspDeInit	0	static
stm32wbxx_hal_tim.c:2720:19:HAL_TIM_Encoder_DeInit	8	static
stm32wbxx_hal_tim.c:2791:19:HAL_TIM_Encoder_Start	0	static
stm32wbxx_hal_tim.c:2835:19:HAL_TIM_Encoder_Stop	0	static
stm32wbxx_hal_tim.c:2881:19:HAL_TIM_Encoder_Start_IT	0	static
stm32wbxx_hal_tim.c:2931:19:HAL_TIM_Encoder_Stop_IT	0	static
stm32wbxx_hal_tim.c:2985:19:HAL_TIM_Encoder_Start_DMA	32	static
stm32wbxx_hal_tim.c:3120:19:HAL_TIM_Encoder_Stop_DMA	8	static
stm32wbxx_hal_tim.c:3905:19:HAL_TIM_DMABurst_WriteStart	24	static
stm32wbxx_hal_tim.c:4176:19:HAL_TIM_DMABurst_ReadStart	24	static
stm32wbxx_hal_tim.c:4340:19:HAL_TIM_DMABurst_ReadStop	16	static
stm32wbxx_hal_tim.c:4074:19:HAL_TIM_DMABurst_WriteStop	0	static
stm32wbxx_hal_tim.c:4419:19:HAL_TIM_GenerateEvent	0	static
stm32wbxx_hal_tim.c:4781:19:HAL_TIM_ConfigTI1Input	0	static
stm32wbxx_hal_tim.c:4896:10:HAL_TIM_ReadCapturedValue	0	static
stm32wbxx_hal_tim.c:4980:13:HAL_TIM_PeriodElapsedCallback	0	static
stm32wbxx_hal_tim.c:5896:13:TIM_DMAPeriodElapsedCplt	8	static
stm32wbxx_hal_tim.c:4995:13:HAL_TIM_PeriodElapsedHalfCpltCallback	0	static
stm32wbxx_hal_tim.c:5914:13:TIM_DMAPeriodElapsedHalfCplt	8	static
stm32wbxx_hal_tim.c:5010:13:HAL_TIM_OC_DelayElapsedCallback	0	static
stm32wbxx_hal_tim.c:5025:13:HAL_TIM_IC_CaptureCallback	0	static
stm32wbxx_hal_tim.c:5814:6:TIM_DMACaptureCplt	8	static
stm32wbxx_hal_tim.c:5040:13:HAL_TIM_IC_CaptureHalfCpltCallback	0	static
stm32wbxx_hal_tim.c:5855:6:TIM_DMACaptureHalfCplt	8	static
stm32wbxx_hal_tim.c:5055:13:HAL_TIM_PWM_PulseFinishedCallback	0	static
stm32wbxx_hal_tim.c:5732:6:TIM_DMADelayPulseCplt	8	static
stm32wbxx_hal_tim.c:5070:13:HAL_TIM_PWM_PulseFinishedHalfCpltCallback	0	static
stm32wbxx_hal_tim.c:5773:6:TIM_DMADelayPulseHalfCplt	8	static
stm32wbxx_hal_tim.c:5085:13:HAL_TIM_TriggerCallback	0	static
stm32wbxx_hal_tim.c:3186:6:HAL_TIM_IRQHandler	8	static
stm32wbxx_hal_tim.c:5932:13:TIM_DMATriggerCplt	8	static
stm32wbxx_hal_tim.c:5100:13:HAL_TIM_TriggerHalfCpltCallback	0	static
stm32wbxx_hal_tim.c:5950:13:TIM_DMATriggerHalfCplt	8	static
stm32wbxx_hal_tim.c:5115:13:HAL_TIM_ErrorCallback	0	static
stm32wbxx_hal_tim.c:5714:6:TIM_DMAError	8	static
stm32wbxx_hal_tim.c:5642:22:HAL_TIM_Base_GetState	0	static
stm32wbxx_hal_tim.c:5652:22:HAL_TIM_OC_GetState	0	static
stm32wbxx_hal_tim.c:5662:22:HAL_TIM_PWM_GetState	0	static
stm32wbxx_hal_tim.c:5672:22:HAL_TIM_IC_GetState	0	static
stm32wbxx_hal_tim.c:5682:22:HAL_TIM_OnePulse_GetState	0	static
stm32wbxx_hal_tim.c:5692:22:HAL_TIM_Encoder_GetState	0	static
stm32wbxx_hal_tim.c:5969:6:TIM_Base_SetConfig	8	static
stm32wbxx_hal_tim.c:276:19:HAL_TIM_Base_Init	8	static
stm32wbxx_hal_tim.c:608:19:HAL_TIM_OC_Init	8	static
stm32wbxx_hal_tim.c:1185:19:HAL_TIM_PWM_Init	8	static
stm32wbxx_hal_tim.c:1763:19:HAL_TIM_IC_Init	8	static
stm32wbxx_hal_tim.c:2302:19:HAL_TIM_OnePulse_Init	16	static
stm32wbxx_hal_tim.c:2615:19:HAL_TIM_Encoder_Init	24	static
stm32wbxx_hal_tim.c:6092:6:TIM_OC2_SetConfig	16	static
stm32wbxx_hal_tim.c:3416:19:HAL_TIM_OC_ConfigChannel	8	static
stm32wbxx_hal_tim.c:3615:19:HAL_TIM_PWM_ConfigChannel	16	static
stm32wbxx_hal_tim.c:6540:6:TIM_TI1_SetConfig	16	static
stm32wbxx_hal_tim.c:3516:19:HAL_TIM_IC_ConfigChannel	24	static
stm32wbxx_hal_tim.c:3760:19:HAL_TIM_OnePulse_ConfigChannel	48	static
stm32wbxx_hal_tim.c:6834:6:TIM_ETR_SetConfig	8	static
stm32wbxx_hal_tim.c:4458:19:HAL_TIM_ConfigOCrefClear	16	static
stm32wbxx_hal_tim.c:4629:19:HAL_TIM_ConfigClockSource	16	static
stm32wbxx_hal_tim.c:6409:26:TIM_SlaveTimer_SetConfig	16	static
stm32wbxx_hal_tim.c:4813:19:HAL_TIM_SlaveConfigSynchro	16	static
stm32wbxx_hal_tim.c:4853:19:HAL_TIM_SlaveConfigSynchro_IT	16	static
stm32wbxx_hal_tim.c:6866:6:TIM_CCxChannelCmd	8	static
stm32wbxx_hal_tim.c:774:19:HAL_TIM_OC_Stop	8	static
stm32wbxx_hal_tim.c:1311:19:HAL_TIM_PWM_Start	8	static
stm32wbxx_hal_tim.c:734:19:HAL_TIM_OC_Start	0	static
stm32wbxx_hal_tim.c:1351:19:HAL_TIM_PWM_Stop	8	static
stm32wbxx_hal_tim.c:1386:19:HAL_TIM_PWM_Start_IT	8	static
stm32wbxx_hal_tim.c:806:19:HAL_TIM_OC_Start_IT	0	static
stm32wbxx_hal_tim.c:1457:19:HAL_TIM_PWM_Stop_IT	8	static
stm32wbxx_hal_tim.c:878:19:HAL_TIM_OC_Stop_IT	0	static
stm32wbxx_hal_tim.c:1525:19:HAL_TIM_PWM_Start_DMA	16	static
stm32wbxx_hal_tim.c:946:19:HAL_TIM_OC_Start_DMA	0	static
stm32wbxx_hal_tim.c:1666:19:HAL_TIM_PWM_Stop_DMA	16	static
stm32wbxx_hal_tim.c:1088:19:HAL_TIM_OC_Stop_DMA	0	static
stm32wbxx_hal_tim.c:1887:19:HAL_TIM_IC_Start	8	static
stm32wbxx_hal_tim.c:1919:19:HAL_TIM_IC_Stop	8	static
stm32wbxx_hal_tim.c:1945:19:HAL_TIM_IC_Start_IT	8	static
stm32wbxx_hal_tim.c:2010:19:HAL_TIM_IC_Stop_IT	8	static
stm32wbxx_hal_tim.c:2072:19:HAL_TIM_IC_Start_DMA	16	static
stm32wbxx_hal_tim.c:2207:19:HAL_TIM_IC_Stop_DMA	16	static
