stm32wbxx_hal_dma.c:1002:13:DMA_SetConfig	16	static
stm32wbxx_hal_dma.c:1045:13:DMA_CalcDMAMUXChannelBaseAndMask	0	static
stm32wbxx_hal_dma.c:153:19:HAL_DMA_Init	8	static
stm32wbxx_hal_dma.c:264:19:HAL_DMA_DeInit	16	static
stm32wbxx_hal_dma.c:378:19:HAL_DMA_Start	24	static
stm32wbxx_hal_dma.c:421:19:HAL_DMA_Start_IT	16	static
stm32wbxx_hal_dma.c:490:19:HAL_DMA_Abort	0	static
stm32wbxx_hal_dma.c:552:19:HAL_DMA_Abort_IT	8	static
stm32wbxx_hal_dma.c:613:19:HAL_DMA_PollForTransfer	32	static
stm32wbxx_hal_dma.c:741:6:HAL_DMA_IRQHandler	12	static
stm32wbxx_hal_dma.c:835:19:HAL_DMA_RegisterCallback	8	static
stm32wbxx_hal_dma.c:886:19:HAL_DMA_UnRegisterCallback	0	static
stm32wbxx_hal_dma.c:964:22:HAL_DMA_GetState	0	static
stm32wbxx_hal_dma.c:976:10:HAL_DMA_GetError	0	static
