stm32wbxx_hal_smbus.c:2384:13:SMBUS_Disable_IRQ	12	static
stm32wbxx_hal_smbus.c:2606:13:SMBUS_TransferConfig	12	static
stm32wbxx_hal_smbus.c:2623:13:SMBUS_ConvertOtherXferOptions	0	static
stm32wbxx_hal_smbus.c:2557:26:SMBUS_WaitOnFlagUntilTimeout.constprop	16	static
stm32wbxx_hal_smbus.c:439:13:HAL_SMBUS_MspInit	0	static
stm32wbxx_hal_smbus.c:274:19:HAL_SMBUS_Init	16	static
stm32wbxx_hal_smbus.c:455:13:HAL_SMBUS_MspDeInit	0	static
stm32wbxx_hal_smbus.c:394:19:HAL_SMBUS_DeInit	8	static
stm32wbxx_hal_smbus.c:474:19:HAL_SMBUS_ConfigAnalogFilter	8	static
stm32wbxx_hal_smbus.c:518:19:HAL_SMBUS_ConfigDigitalFilter	8	static
stm32wbxx_hal_smbus.c:914:19:HAL_SMBUS_Master_Transmit_IT	24	static
stm32wbxx_hal_smbus.c:1013:19:HAL_SMBUS_Master_Receive_IT	24	static
stm32wbxx_hal_smbus.c:1103:19:HAL_SMBUS_Master_Abort_IT	24	static
stm32wbxx_hal_smbus.c:1168:19:HAL_SMBUS_Slave_Transmit_IT	32	static
stm32wbxx_hal_smbus.c:1262:19:HAL_SMBUS_Slave_Receive_IT	32	static
stm32wbxx_hal_smbus.c:1340:19:HAL_SMBUS_EnableListen_IT	0	static
stm32wbxx_hal_smbus.c:1356:19:HAL_SMBUS_DisableListen_IT	8	static
stm32wbxx_hal_smbus.c:1380:19:HAL_SMBUS_EnableAlert_IT	0	static
stm32wbxx_hal_smbus.c:1399:19:HAL_SMBUS_DisableAlert_IT	8	static
stm32wbxx_hal_smbus.c:1420:19:HAL_SMBUS_IsDeviceReady	40	static
stm32wbxx_hal_smbus.c:1633:13:HAL_SMBUS_MasterTxCpltCallback	0	static
stm32wbxx_hal_smbus.c:1649:13:HAL_SMBUS_MasterRxCpltCallback	0	static
stm32wbxx_hal_smbus.c:1664:13:HAL_SMBUS_SlaveTxCpltCallback	0	static
stm32wbxx_hal_smbus.c:1680:13:HAL_SMBUS_SlaveRxCpltCallback	0	static
stm32wbxx_hal_smbus.c:1698:13:HAL_SMBUS_AddrCallback	0	static
stm32wbxx_hal_smbus.c:1716:13:HAL_SMBUS_ListenCpltCallback	0	static
stm32wbxx_hal_smbus.c:1732:13:HAL_SMBUS_ErrorCallback	0	static
stm32wbxx_hal_smbus.c:2456:13:SMBUS_ITErrorHandler	8	static
stm32wbxx_hal_smbus.c:1622:6:HAL_SMBUS_ER_IRQHandler	0	static
stm32wbxx_hal_smbus.c:1804:26:SMBUS_Master_ISR.part.2	32	static
stm32wbxx_hal_smbus.c:2088:26:SMBUS_Slave_ISR	32	static
stm32wbxx_hal_smbus.c:1561:6:HAL_SMBUS_EV_IRQHandler	16	static
stm32wbxx_hal_smbus.c:1767:10:HAL_SMBUS_GetState	0	static
stm32wbxx_hal_smbus.c:1779:10:HAL_SMBUS_GetError	0	static
