tasks.c:1725:20:prvTaskIsTaskSuspended	0	static,ignoring_inline_asm
tasks.c:2038:20:prvGetExpectedIdleTime	0	static
tasks.c:3623:18:prvTaskCheckFreeStackSpace	0	static
tasks.c:3725:13:prvResetNextTaskUnblockTime	0	static
tasks.c:817:13:prvInitialiseNewTask	32	static
tasks.c:3431:13:prvInitialiseTaskLists	16	static
tasks.c:1021:13:prvAddNewTaskToReadyList	8	static,ignoring_inline_asm
tasks.c:3671:14:prvDeleteTCB	8	static,ignoring_inline_asm
tasks.c:3463:13:prvCheckTasksWaitingTermination	8	static
tasks.c:4907:13:prvAddCurrentTaskToDelayedList	16	static
tasks.c:575:15:xTaskCreateStatic	40	static,ignoring_inline_asm
tasks.c:726:13:xTaskCreate	48	static
tasks.c:1106:7:vTaskDelete	16	static,ignoring_inline_asm
tasks.c:1327:13:eTaskGetState	16	static,ignoring_inline_asm
tasks.c:1398:14:uxTaskPriorityGet	8	static
tasks.c:1420:14:uxTaskPriorityGetFromISR	8	static,ignoring_inline_asm
tasks.c:1460:7:vTaskPrioritySet	16	static,ignoring_inline_asm
tasks.c:1771:7:vTaskResume	16	static,ignoring_inline_asm
tasks.c:1825:13:xTaskResumeFromISR	24	static,ignoring_inline_asm
tasks.c:1895:6:vTaskStartScheduler	40	static,ignoring_inline_asm
tasks.c:2015:6:vTaskEndScheduler	8	static,ignoring_inline_asm
tasks.c:2026:6:vTaskSuspendAll	0	static
tasks.c:2210:12:xTaskGetTickCount	0	static
tasks.c:2225:12:xTaskGetTickCountFromISR	8	static
tasks.c:2256:13:uxTaskGetNumberOfTasks	0	static
tasks.c:2264:7:pcTaskGetName	0	static,ignoring_inline_asm
tasks.c:2495:7:vTaskStepTick	0	static,ignoring_inline_asm
tasks.c:2584:12:xTaskIncrementTick	24	static,ignoring_inline_asm
tasks.c:2100:12:xTaskResumeAll	16	static,ignoring_inline_asm
tasks.c:1198:7:vTaskDelayUntil	16	static,ignoring_inline_asm
tasks.c:1282:7:vTaskDelay	8	static,ignoring_inline_asm
tasks.c:3219:8:prvIdleTask	8	static,ignoring_inline_asm
tasks.c:2846:6:vTaskSwitchContext	8	static,ignoring_inline_asm
tasks.c:1624:7:vTaskSuspend	16	static,ignoring_inline_asm
tasks.c:2905:6:vTaskPlaceOnEventList	8	static,ignoring_inline_asm
tasks.c:2922:6:vTaskPlaceOnUnorderedEventList	8	static,ignoring_inline_asm
tasks.c:2948:7:vTaskPlaceOnEventListRestricted	16	static,ignoring_inline_asm
tasks.c:2979:12:xTaskRemoveFromEventList	16	static,ignoring_inline_asm
tasks.c:3047:6:vTaskRemoveFromUnorderedEventList	16	static,ignoring_inline_asm
tasks.c:3081:6:vTaskSetTimeOutState	8	static,ignoring_inline_asm
tasks.c:3093:6:vTaskInternalSetTimeOutState	0	static
tasks.c:3101:12:xTaskCheckForTimeOut	24	static,ignoring_inline_asm
tasks.c:3164:6:vTaskMissedYield	0	static
tasks.c:3172:14:uxTaskGetTaskNumber	0	static
tasks.c:3195:7:vTaskSetTaskNumber	0	static
tasks.c:3338:19:eTaskConfirmSleepModeStatus	0	static
tasks.c:3494:7:vTaskGetInfo	16	static
tasks.c:3590:21:prvListTasksWithinSingleList	32	static
tasks.c:2404:14:uxTaskGetSystemState	24	static
tasks.c:3643:14:uxTaskGetStackHighWaterMark	8	static
tasks.c:3751:15:xTaskGetCurrentTaskHandle	0	static
tasks.c:3768:13:xTaskGetSchedulerState	0	static
tasks.c:3796:13:xTaskPriorityInherit	16	static
tasks.c:3883:13:xTaskPriorityDisinherit	16	static,ignoring_inline_asm
tasks.c:3963:7:vTaskPriorityDisinheritAfterTimeout	16	static,ignoring_inline_asm
tasks.c:4377:12:uxTaskResetEventItemValue	0	static
tasks.c:4393:8:pvTaskIncrementMutexHeldCount	0	static
tasks.c:4410:11:ulTaskNotifyTake	16	static,ignoring_inline_asm
tasks.c:4478:13:xTaskNotifyWait	24	static,ignoring_inline_asm
tasks.c:4558:13:xTaskGenericNotify	24	static,ignoring_inline_asm
tasks.c:4664:13:xTaskGenericNotifyFromISR	32	static,ignoring_inline_asm
tasks.c:4788:7:vTaskNotifyGiveFromISR	24	static,ignoring_inline_asm
tasks.c:4877:13:xTaskNotifyStateClear	8	static
