stm32wbxx_hal_rcc_ex.c:148:19:HAL_RCCEx_PeriphCLKConfig	24	static
stm32wbxx_hal_rcc_ex.c:440:6:HAL_RCCEx_GetPeriphCLKConfig	0	static
stm32wbxx_hal_rcc_ex.c:546:10:HAL_RCCEx_GetPeriphCLKFreq	8	static
stm32wbxx_hal_rcc_ex.c:1111:10:HAL_RCCEx_GetRngCLKSource	0	static
stm32wbxx_hal_rcc_ex.c:1152:19:HAL_RCCEx_EnablePLLSAI1	16	static
stm32wbxx_hal_rcc_ex.c:1212:19:HAL_RCCEx_DisablePLLSAI1	16	static
stm32wbxx_hal_rcc_ex.c:1252:6:HAL_RCCEx_WakeUpStopCLKConfig	0	static
stm32wbxx_hal_rcc_ex.c:1266:6:HAL_RCCEx_EnableLSECSS	0	static
stm32wbxx_hal_rcc_ex.c:1276:6:HAL_RCCEx_DisableLSECSS	0	static
stm32wbxx_hal_rcc_ex.c:1289:6:HAL_RCCEx_EnableLSECSS_IT	0	static
stm32wbxx_hal_rcc_ex.c:1325:13:HAL_RCCEx_LSECSS_Callback	0	static
stm32wbxx_hal_rcc_ex.c:1308:6:HAL_RCCEx_LSECSS_IRQHandler	8	static
stm32wbxx_hal_rcc_ex.c:1346:6:HAL_RCCEx_LSCOConfig	48	static
stm32wbxx_hal_rcc_ex.c:1421:6:HAL_RCCEx_EnableLSCO	40	static
stm32wbxx_hal_rcc_ex.c:1463:6:HAL_RCCEx_DisableLSCO	8	static
stm32wbxx_hal_rcc_ex.c:1494:6:HAL_RCCEx_EnableMSIPLLMode	0	static
stm32wbxx_hal_rcc_ex.c:1504:6:HAL_RCCEx_DisableMSIPLLMode	0	static
stm32wbxx_hal_rcc_ex.c:1520:19:HAL_RCCEx_TrimOsc	0	static
stm32wbxx_hal_rcc_ex.c:1622:6:HAL_RCCEx_CRSConfig	8	static
stm32wbxx_hal_rcc_ex.c:1664:6:HAL_RCCEx_CRSSoftwareSynchronizationGenerate	0	static
stm32wbxx_hal_rcc_ex.c:1674:6:HAL_RCCEx_CRSGetSynchronizationInfo	0	static
stm32wbxx_hal_rcc_ex.c:1707:10:HAL_RCCEx_CRSWaitSynchronization	24	static
stm32wbxx_hal_rcc_ex.c:1856:13:HAL_RCCEx_CRS_SyncOkCallback	0	static
stm32wbxx_hal_rcc_ex.c:1867:13:HAL_RCCEx_CRS_SyncWarnCallback	0	static
stm32wbxx_hal_rcc_ex.c:1878:13:HAL_RCCEx_CRS_ExpectedSyncCallback	0	static
stm32wbxx_hal_rcc_ex.c:1894:13:HAL_RCCEx_CRS_ErrorCallback	0	static
stm32wbxx_hal_rcc_ex.c:1791:6:HAL_RCCEx_CRS_IRQHandler	16	static
