stm32wbxx_hal_adc.c:898:13:HAL_ADC_MspInit	0	static
stm32wbxx_hal_adc.c:394:19:HAL_ADC_Init	24	static
stm32wbxx_hal_adc.c:915:13:HAL_ADC_MspDeInit	0	static
stm32wbxx_hal_adc.c:1201:19:HAL_ADC_Start	16	static
stm32wbxx_hal_adc.c:1280:19:HAL_ADC_Stop	16	static
stm32wbxx_hal_adc.c:1334:19:HAL_ADC_PollForConversion	24	static
stm32wbxx_hal_adc.c:1453:19:HAL_ADC_PollForEvent	24	static
stm32wbxx_hal_adc.c:1593:19:HAL_ADC_Start_IT	16	static
stm32wbxx_hal_adc.c:1695:19:HAL_ADC_Stop_IT	16	static
stm32wbxx_hal_adc.c:1745:19:HAL_ADC_Start_DMA	32	static
stm32wbxx_hal_adc.c:1849:19:HAL_ADC_Stop_DMA	16	static
stm32wbxx_hal_adc.c:1934:10:HAL_ADC_GetValue	0	static
stm32wbxx_hal_adc.c:2260:13:HAL_ADC_ConvCpltCallback	0	static
stm32wbxx_hal_adc.c:2275:13:HAL_ADC_ConvHalfCpltCallback	0	static
stm32wbxx_hal_adc.c:3202:6:ADC_DMAHalfConvCplt	8	static
stm32wbxx_hal_adc.c:2290:13:HAL_ADC_LevelOutOfWindowCallback	0	static
stm32wbxx_hal_adc.c:2312:13:HAL_ADC_ErrorCallback	0	static
stm32wbxx_hal_adc.c:1951:6:HAL_ADC_IRQHandler	16	static
stm32wbxx_hal_adc.c:3124:6:ADC_DMAConvCplt	8	static
stm32wbxx_hal_adc.c:3220:6:ADC_DMAError	8	static
stm32wbxx_hal_adc.c:2358:19:HAL_ADC_ConfigChannel	24	static,ignoring_inline_asm
stm32wbxx_hal_adc.c:2573:19:HAL_ADC_AnalogWDGConfig	20	static,ignoring_inline_asm
stm32wbxx_hal_adc.c:2825:10:HAL_ADC_GetState	0	static
stm32wbxx_hal_adc.c:2839:10:HAL_ADC_GetError	0	static
stm32wbxx_hal_adc.c:2869:19:ADC_ConversionStop	16	static
stm32wbxx_hal_adc.c:696:19:HAL_ADC_DeInit	24	static
stm32wbxx_hal_adc.c:2999:19:ADC_Enable	16	static
stm32wbxx_hal_adc.c:3066:19:ADC_Disable	16	static
