stm32wbxx_hal_adc_ex.c:124:19:HAL_ADCEx_Calibration_Start	24	static
stm32wbxx_hal_adc_ex.c:198:10:HAL_ADCEx_Calibration_GetValue	0	static
stm32wbxx_hal_adc_ex.c:218:19:HAL_ADCEx_Calibration_SetValue	16	static
stm32wbxx_hal_adc_ex.c:269:19:HAL_ADCEx_InjectedStart	8	static
stm32wbxx_hal_adc_ex.c:370:19:HAL_ADCEx_InjectedStop	8	static
stm32wbxx_hal_adc_ex.c:425:19:HAL_ADCEx_InjectedPollForConversion	24	static
stm32wbxx_hal_adc_ex.c:534:19:HAL_ADCEx_InjectedStart_IT	8	static
stm32wbxx_hal_adc_ex.c:658:19:HAL_ADCEx_InjectedStop_IT	8	static
stm32wbxx_hal_adc_ex.c:737:10:HAL_ADCEx_InjectedGetValue	0	static
stm32wbxx_hal_adc_ex.c:772:13:HAL_ADCEx_InjectedConvCpltCallback	0	static
stm32wbxx_hal_adc_ex.c:791:13:HAL_ADCEx_InjectedQueueOverflowCallback	0	static
stm32wbxx_hal_adc_ex.c:806:13:HAL_ADCEx_LevelOutOfWindow2Callback	0	static
stm32wbxx_hal_adc_ex.c:821:13:HAL_ADCEx_LevelOutOfWindow3Callback	0	static
stm32wbxx_hal_adc_ex.c:837:13:HAL_ADCEx_EndOfSamplingCallback	0	static
stm32wbxx_hal_adc_ex.c:854:19:HAL_ADCEx_RegularStop	8	static
stm32wbxx_hal_adc_ex.c:912:19:HAL_ADCEx_RegularStop_IT	8	static
stm32wbxx_hal_adc_ex.c:969:19:HAL_ADCEx_RegularStop_DMA	16	static
stm32wbxx_hal_adc_ex.c:1097:19:HAL_ADCEx_InjectedConfigChannel	32	static,ignoring_inline_asm
stm32wbxx_hal_adc_ex.c:1519:19:HAL_ADCEx_EnableInjectedQueue	0	static
stm32wbxx_hal_adc_ex.c:1560:19:HAL_ADCEx_DisableInjectedQueue	0	static
stm32wbxx_hal_adc_ex.c:1597:19:HAL_ADCEx_DisableVoltageRegulator	0	static
stm32wbxx_hal_adc_ex.c:1634:19:HAL_ADCEx_EnterADCDeepPowerDownMode	0	static
