hw_timerserver.c:393:13:RescheduleTimerList	24	static
hw_timerserver.c:587:6:HW_TS_Init	24	static,ignoring_inline_asm
hw_timerserver.c:673:22:HW_TS_Create	16	static,ignoring_inline_asm
hw_timerserver.c:718:6:HW_TS_Delete	24	static,ignoring_inline_asm
hw_timerserver.c:727:6:HW_TS_Stop	24	static,ignoring_inline_asm
hw_timerserver.c:799:6:HW_TS_Start	32	static,ignoring_inline_asm
hw_timerserver.c:853:10:HW_TS_RTC_ReadLeftTicksToCount	8	static,ignoring_inline_asm
hw_timerserver.c:886:13:HW_TS_RTC_Int_AppNot	0	static
hw_timerserver.c:485:6:HW_TS_RTC_Wakeup_Handler	32	static,ignoring_inline_asm
