instance.c:55:13:otInstanceInitSingle	8	static
instance.c:72:6:otInstanceIsInitialized	8	static
instance.c:88:6:otInstanceFinalize	8	static
instance.c:103:22:otSetStateChangedCallback	16	static
instance.c:123:19:otRemoveStateChangeCallback	16	static
instance.c:142:19:otInstanceReset	8	static
instance.c:157:19:otInstanceFactoryReset	8	static
instance.c:172:9:otInstanceErasePersistentInfo	8	static
instance.c:188:12:otGetDynamicLogLevel	8	static
instance.c:204:9:otSetDynamicLogLevel	16	static
instance.c:221:26:otGetVersionString	8	static
