message.c:35:6:otMessageFree	8	static
message.c:51:10:otMessageGetLength	8	static
message.c:68:9:otMessageSetLength	16	static
message.c:86:10:otMessageGetOffset	8	static
message.c:103:9:otMessageSetOffset	16	static
message.c:121:6:otMessageIsLinkSecurityEnabled	8	static
message.c:138:6:otMessageSetDirectTransmission	16	static
message.c:155:8:otMessageGetRss	8	static
message.c:172:9:otMessageAppend	24	static
message.c:191:5:otMessageRead	24	static
message.c:211:5:otMessageWrite	24	static
message.c:231:6:otMessageQueueInit	8	static
message.c:247:9:otMessageQueueEnqueue	16	static
message.c:265:9:otMessageQueueEnqueueAtHead	16	static
message.c:284:9:otMessageQueueDequeue	16	static
message.c:302:12:otMessageQueueGetHead	8	static
message.c:319:12:otMessageQueueGetNext	16	static
message.c:337:19:otMessageGetBufferInfo	16	static
