tl_mbox.c:512:13:SendFreeBuf	24	static
tl_mbox.c:70:6:TL_Enable	0	static
tl_mbox.c:78:6:TL_Init	8	static
tl_mbox.c:98:9:TL_BLE_Init	16	static
tl_mbox.c:121:9:TL_BLE_SendCmd	8	static
tl_mbox.c:130:6:HW_IPCC_BLE_RxEvtNot	24	static
tl_mbox.c:144:9:TL_BLE_SendAclData	8	static
tl_mbox.c:153:6:HW_IPCC_BLE_AclDataAckNot	0	static
tl_mbox.c:163:9:TL_SYS_Init	16	static
tl_mbox.c:182:9:TL_SYS_SendCmd	8	static
tl_mbox.c:191:6:HW_IPCC_SYS_CmdEvtNot	0	static
tl_mbox.c:198:6:HW_IPCC_SYS_EvtNot	24	static
tl_mbox.c:215:6:TL_THREAD_Init	4	static
tl_mbox.c:230:6:TL_OT_SendCmd	0	static
tl_mbox.c:239:6:TL_CLI_SendCmd	0	static
tl_mbox.c:248:6:TL_THREAD_SendAck	0	static
tl_mbox.c:257:6:TL_THREAD_CliSendAck	0	static
tl_mbox.c:287:13:TL_OT_CmdEvtReceived	0	static
tl_mbox.c:266:6:HW_IPCC_OT_CmdEvtNot	8	static
tl_mbox.c:288:13:TL_THREAD_NotReceived	0	static
tl_mbox.c:273:6:HW_IPCC_THREAD_EvtNot	8	static
tl_mbox.c:289:13:TL_THREAD_CliNotReceived	0	static
tl_mbox.c:280:6:HW_IPCC_THREAD_CliEvtNot	8	static
tl_mbox.c:483:6:TL_MM_Init	24	static
tl_mbox.c:503:6:TL_MM_EvtDone	8	static
tl_mbox.c:529:6:TL_TRACES_Init	8	static
tl_mbox.c:553:13:TL_TRACES_EvtReceived	0	static
tl_mbox.c:540:6:HW_IPCC_TRACES_EvtNot	16	static
