app_thread.c:409:6:APP_THREAD_Init	16	static
app_thread.c:478:6:APP_THREAD_Error	16	static
app_thread.c:529:13:APP_THREAD_DeviceConfig	24	static
app_thread.c:650:13:APP_THREAD_StateNotif	24	static
app_thread.c:720:13:APP_THREAD_TraceError	16	static
app_thread.c:733:13:APP_THREAD_CheckWirelessFirmwareInfo	40	static
app_thread.c:774:13:APP_THREAD_FreeRTOSProcessMsgM0ToM4Task	16	static
app_thread.c:791:13:APP_THREAD_FreeRTOSSendCLIToM0Task	16	static
app_thread.c:809:6:stm32UID	24	static
app_thread.c:823:6:APP_THREAD_Init_Dyn_1	16	static
app_thread.c:869:6:APP_THREAD_Init_Dyn_2	8	static
app_thread.c:881:6:APP_THREAD_Stop	16	static
app_thread.c:892:6:APP_THREAD_CleanCallbacks	8	static
app_thread.c:948:13:APP_THREAD_DummyRespHandler	24	static
app_thread.c:959:13:APP_THREAD_CoapRespHandler_UpdateBorderRouter	32	static
app_thread.c:1403:6:APP_THREAD_UpdateBorderRouter	8	static
app_thread.c:1416:6:APP_THREAD_SyncWithBorderRouter	24	static
app_thread.c:1420:6:APP_THREAD_SendMyInfo	24	static
app_thread.c:1438:6:APP_THREAD_SendBorderMessage	40	static
app_thread.c:1443:6:APP_THREAD_SendBorderPacket	32	static
app_thread.c:1450:13:APP_THREAD_CoapLightsSimpleRequestHandler	24	static
app_thread.c:1491:13:APP_THREAD_CoapToggleLoggingRequestHandler	24	static
app_thread.c:1523:13:APP_THREAD_CoapBorderTimeRequestHandler	32	static
app_thread.c:1617:13:APP_THREAD_CoapNodeInfoRequestHandler	24	static
app_thread.c:1655:6:updateRTC	40	static
app_thread.c:1677:13:APP_THREAD_CoapLightsComplexRequestHandler	24	static
app_thread.c:1712:13:APP_THREAD_SendCoapUnicastRequest	40	static
app_thread.c:1809:6:APP_THREAD_SendCoapMsg	40	static
app_thread.c:1931:13:APP_THREAD_SendCoapMsgForBorderSync	40	static
app_thread.c:2053:13:APP_THREAD_SendDataResponse	40	static
app_thread.c:2094:6:APP_THREAD_RegisterCmdBuffer	16	static
app_thread.c:2099:26:THREAD_Get_OTCmdPayloadBuffer	4	static
app_thread.c:2104:26:THREAD_Get_OTCmdRspPayloadBuffer	4	static
app_thread.c:2109:26:THREAD_Get_NotificationPayloadBuffer	4	static
app_thread.c:2121:6:Ot_Cmd_Transfer	16	static
app_thread.c:2142:6:TL_OT_CmdEvtReceived	16	static
app_thread.c:2156:6:TL_THREAD_NotReceived	16	static
app_thread.c:2171:6:Pre_OtCmdProcessing	4	static
app_thread.c:2182:13:Wait_Getting_Ack_From_M0	4	static
app_thread.c:2197:13:Receive_Ack_From_M0	4	static
app_thread.c:2208:13:Receive_Notification_From_M0	8	static
app_thread.c:2217:13:RxCpltCallback	8	static
app_thread.c:2284:13:Send_CLI_To_M0	8	static
app_thread.c:2305:13:Send_CLI_Ack_For_OT	8	static
app_thread.c:2317:6:APP_THREAD_Init_UART_CLI	8	static
app_thread.c:2336:6:APP_THREAD_TL_THREAD_INIT	8	static
app_thread.c:2351:6:TL_THREAD_CliNotReceived	24	static
app_thread.c:2378:6:HostTxCb	8	static
app_thread.c:2388:6:APP_THREAD_ProcessMsgM0ToM4	8	static
