dt_server_app.c:149:6:DTS_App_Init	16	static
dt_server_app.c:180:6:DTS_App_KeyButtonAction	8	static
dt_server_app.c:186:6:DTS_App_KeyButton2Action	8	static
dt_server_app.c:192:6:DTS_App_KeyButton3Action	8	static
dt_server_app.c:198:6:DTS_App_TxPoolAvailableNotification	8	static
dt_server_app.c:212:6:DTS_Notification	16	static
dt_server_app.c:269:6:SendData	24	static
dt_server_app.c:312:6:Resume_Notification	4	static
dt_server_app.c:316:6:ButtonTriggerReceived	16	static
dt_server_app.c:338:6:DT_App_Button2_Trigger_Received	16	static
dt_server_app.c:350:13:Appli_UpdateButtonState	24	static
dt_server_app.c:373:6:DT_App_Button3_Trigger_Received	16	static
dt_server_app.c:383:6:BLE_App_Delay_DataThroughput	40	static
