Archive member included to satisfy reference by file (symbol)

c:/st/stm32cubeide_1.2.0/stm32cubeide/plugins/com.st.stm32cube.ide.mcu.externaltools.gnu-tools-for-stm32.7-2018-q2-update.win32_1.0.0.201904181610/tools/bin/../lib/gcc/arm-none-eabi/7.3.1/../../../../arm-none-eabi/lib/thumb/v7e-m/fpv4-sp/hard\libc_nano.a(lib_a-errno.o)
                              Core/Src/syscalls.o (__errno)
c:/st/stm32cubeide_1.2.0/stm32cubeide/plugins/com.st.stm32cube.ide.mcu.externaltools.gnu-tools-for-stm32.7-2018-q2-update.win32_1.0.0.201904181610/tools/bin/../lib/gcc/arm-none-eabi/7.3.1/../../../../arm-none-eabi/lib/thumb/v7e-m/fpv4-sp/hard\libc_nano.a(lib_a-exit.o)
                              c:/st/stm32cubeide_1.2.0/stm32cubeide/plugins/com.st.stm32cube.ide.mcu.externaltools.gnu-tools-for-stm32.7-2018-q2-update.win32_1.0.0.201904181610/tools/bin/../lib/gcc/arm-none-eabi/7.3.1/../../../../arm-none-eabi/lib/thumb/v7e-m/fpv4-sp/hard/crt0.o (exit)
c:/st/stm32cubeide_1.2.0/stm32cubeide/plugins/com.st.stm32cube.ide.mcu.externaltools.gnu-tools-for-stm32.7-2018-q2-update.win32_1.0.0.201904181610/tools/bin/../lib/gcc/arm-none-eabi/7.3.1/../../../../arm-none-eabi/lib/thumb/v7e-m/fpv4-sp/hard\libc_nano.a(lib_a-impure.o)
                              c:/st/stm32cubeide_1.2.0/stm32cubeide/plugins/com.st.stm32cube.ide.mcu.externaltools.gnu-tools-for-stm32.7-2018-q2-update.win32_1.0.0.201904181610/tools/bin/../lib/gcc/arm-none-eabi/7.3.1/../../../../arm-none-eabi/lib/thumb/v7e-m/fpv4-sp/hard\libc_nano.a(lib_a-exit.o) (_global_impure_ptr)
c:/st/stm32cubeide_1.2.0/stm32cubeide/plugins/com.st.stm32cube.ide.mcu.externaltools.gnu-tools-for-stm32.7-2018-q2-update.win32_1.0.0.201904181610/tools/bin/../lib/gcc/arm-none-eabi/7.3.1/../../../../arm-none-eabi/lib/thumb/v7e-m/fpv4-sp/hard\libc_nano.a(lib_a-init.o)
                              c:/st/stm32cubeide_1.2.0/stm32cubeide/plugins/com.st.stm32cube.ide.mcu.externaltools.gnu-tools-for-stm32.7-2018-q2-update.win32_1.0.0.201904181610/tools/bin/../lib/gcc/arm-none-eabi/7.3.1/../../../../arm-none-eabi/lib/thumb/v7e-m/fpv4-sp/hard/crt0.o (__libc_init_array)
c:/st/stm32cubeide_1.2.0/stm32cubeide/plugins/com.st.stm32cube.ide.mcu.externaltools.gnu-tools-for-stm32.7-2018-q2-update.win32_1.0.0.201904181610/tools/bin/../lib/gcc/arm-none-eabi/7.3.1/../../../../arm-none-eabi/lib/thumb/v7e-m/fpv4-sp/hard\libc_nano.a(lib_a-memcpy-stub.o)
                              Core/Src/master_thread.o (memcpy)
c:/st/stm32cubeide_1.2.0/stm32cubeide/plugins/com.st.stm32cube.ide.mcu.externaltools.gnu-tools-for-stm32.7-2018-q2-update.win32_1.0.0.201904181610/tools/bin/../lib/gcc/arm-none-eabi/7.3.1/../../../../arm-none-eabi/lib/thumb/v7e-m/fpv4-sp/hard\libc_nano.a(lib_a-memset.o)
                              c:/st/stm32cubeide_1.2.0/stm32cubeide/plugins/com.st.stm32cube.ide.mcu.externaltools.gnu-tools-for-stm32.7-2018-q2-update.win32_1.0.0.201904181610/tools/bin/../lib/gcc/arm-none-eabi/7.3.1/../../../../arm-none-eabi/lib/thumb/v7e-m/fpv4-sp/hard/crt0.o (memset)

Allocating common symbols
Common symbol       size              file

defaultTaskHandle   0x4               Core/Src/freertos.o
logMessage          0x6               Core/Src/inter_processor_comms.o
sendMsgToMainTaskHandle
                    0x4               Core/Src/freertos.o
togLogMessageReceived
                    0x6               Core/Src/master_thread.o
hi2c1               0x4c              Core/Src/i2c.o
uwTick              0x4               Drivers/STM32F3xx_HAL_Driver/Src/stm32f3xx_hal.o
xQueueRegistry      0x40              Middlewares/Third_Party/FreeRTOS/Source/queue.o
packetReceived      0x58              Core/Src/inter_processor_comms.o
pFlash              0x20              Drivers/STM32F3xx_HAL_Driver/Src/stm32f3xx_hal_flash.o
hspi3               0x64              Core/Src/spi.o
thermMsgReceived    0x50              Core/Src/master_thread.o
hadc1               0x50              Core/Src/adc.o
sendMsgToMainQueueHandle
                    0x4               Core/Src/freertos.o
sensorPacket        0x58              Core/Src/master_thread.o
hdma_adc1           0x44              Core/Src/adc.o
hrtc                0x20              Core/Src/rtc.o
thermMsgQueueHandle
                    0x4               Core/Src/freertos.o
togLoggingQueueHandle
                    0x4               Core/Src/freertos.o
masterThreadTaskHandle
                    0x4               Core/Src/freertos.o
htim6               0x40              Core/Src/tim.o
htim1               0x40              Core/Src/stm32f3xx_hal_timebase_tim.o
RTC_time            0x14              Core/Src/master_thread.o
interprocessMessageLockSem
                    0x4               Core/Src/freertos.o
prevLogMessage      0x6               Core/Src/master_thread.o
messageI2C_LockSem  0x4               Core/Src/freertos.o
thermopileTaskHandle
                    0x4               Core/Src/freertos.o
htim2               0x40              Core/Src/tim.o
[...]
Memory Configuration

Name             Origin             Length             Attributes
RAM              0x0000000020000000 0x0000000000004000 xrw
FLASH            0x0000000008000000 0x0000000000008000 xr
*default*        0x0000000000000000 0xffffffffffffffff

Linker script and memory map

LOAD c:/st/stm32cubeide_1.2.0/stm32cubeide/plugins/com.st.stm32cube.ide.mcu.externaltools.gnu-tools-for-stm32.7-2018-q2-update.win32_1.0.0.201904181610/tools/bin/../lib/gcc/arm-none-eabi/7.3.1/thumb/v7e-m/fpv4-sp/hard/crti.o
LOAD c:/st/stm32cubeide_1.2.0/stm32cubeide/plugins/com.st.stm32cube.ide.mcu.externaltools.gnu-tools-for-stm32.7-2018-q2-update.win32_1.0.0.201904181610/tools/bin/../lib/gcc/arm-none-eabi/7.3.1/thumb/v7e-m/fpv4-sp/hard/crtbegin.o
LOAD c:/st/stm32cubeide_1.2.0/stm32cubeide/plugins/com.st.stm32cube.ide.mcu.externaltools.gnu-tools-for-stm32.7-2018-q2-update.win32_1.0.0.201904181610/tools/bin/../lib/gcc/arm-none-eabi/7.3.1/../../../../arm-none-eabi/lib/thumb/v7e-m/fpv4-sp/hard/crt0.o
LOAD Core/Src/_TEMPLATE.o
LOAD Core/Src/adc.o
LOAD Core/Src/dma.o
LOAD Core/Src/freertos.o
LOAD Core/Src/gpio.o
LOAD Core/Src/i2c.o
LOAD Core/Src/inter_processor_comms.o
LOAD Core/Src/main.o
LOAD Core/Src/master_thread.o
LOAD Core/Src/rtc.o
LOAD Core/Src/spi.o
LOAD Core/Src/stm32f3xx_hal_msp.o
LOAD Core/Src/stm32f3xx_hal_timebase_tim.o
LOAD Core/Src/stm32f3xx_it.o
LOAD Core/Src/syscalls.o
LOAD Core/Src/sysmem.o
LOAD Core/Src/system_stm32f3xx.o
LOAD Core/Src/thermopile.o
LOAD Core/Src/tim.o
LOAD Core/Startup/startup_stm32f301k6ux.o
LOAD Drivers/STM32F3xx_HAL_Driver/Src/stm32f3xx_hal.o
LOAD Drivers/STM32F3xx_HAL_Driver/Src/stm32f3xx_hal_adc.o
LOAD Drivers/STM32F3xx_HAL_Driver/Src/stm32f3xx_hal_adc_ex.o
LOAD Drivers/STM32F3xx_HAL_Driver/Src/stm32f3xx_hal_cortex.o
LOAD Drivers/STM32F3xx_HAL_Driver/Src/stm32f3xx_hal_dma.o
LOAD Drivers/STM32F3xx_HAL_Driver/Src/stm32f3xx_hal_exti.o
LOAD Drivers/STM32F3xx_HAL_Driver/Src/stm32f3xx_hal_flash.o
LOAD Drivers/STM32F3xx_HAL_Driver/Src/stm32f3xx_hal_flash_ex.o
LOAD Drivers/STM32F3xx_HAL_Driver/Src/stm32f3xx_hal_gpio.o
LOAD Drivers/STM32F3xx_HAL_Driver/Src/stm32f3xx_hal_i2c.o
LOAD Drivers/STM32F3xx_HAL_Driver/Src/stm32f3xx_hal_i2c_ex.o
LOAD Drivers/STM32F3xx_HAL_Driver/Src/stm32f3xx_hal_pwr.o
LOAD Drivers/STM32F3xx_HAL_Driver/Src/stm32f3xx_hal_pwr_ex.o
LOAD Drivers/STM32F3xx_HAL_Driver/Src/stm32f3xx_hal_rcc.o
LOAD Drivers/STM32F3xx_HAL_Driver/Src/stm32f3xx_hal_rcc_ex.o
LOAD Drivers/STM32F3xx_HAL_Driver/Src/stm32f3xx_hal_rtc.o
LOAD Drivers/STM32F3xx_HAL_Driver/Src/stm32f3xx_hal_rtc_ex.o
LOAD Drivers/STM32F3xx_HAL_Driver/Src/stm32f3xx_hal_spi.o
LOAD Drivers/STM32F3xx_HAL_Driver/Src/stm32f3xx_hal_spi_ex.o
LOAD Drivers/STM32F3xx_HAL_Driver/Src/stm32f3xx_hal_tim.o
LOAD Drivers/STM32F3xx_HAL_Driver/Src/stm32f3xx_hal_tim_ex.o
LOAD Middlewares/Third_Party/FreeRTOS/Source/CMSIS_RTOS_V2/cmsis_os2.o
LOAD Middlewares/Third_Party/FreeRTOS/Source/croutine.o
LOAD Middlewares/Third_Party/FreeRTOS/Source/event_groups.o
LOAD Middlewares/Third_Party/FreeRTOS/Source/list.o
LOAD Middlewares/Third_Party/FreeRTOS/Source/queue.o
LOAD Middlewares/Third_Party/FreeRTOS/Source/stream_buffer.o
LOAD Middlewares/Third_Party/FreeRTOS/Source/tasks.o
LOAD Middlewares/Third_Party/FreeRTOS/Source/timers.o
LOAD Middlewares/Third_Party/FreeRTOS/Source/portable/GCC/ARM_CM4F/port.o
LOAD Middlewares/Third_Party/FreeRTOS/Source/portable/MemMang/heap_4.o
START GROUP
LOAD c:/st/stm32cubeide_1.2.0/stm32cubeide/plugins/com.st.stm32cube.ide.mcu.externaltools.gnu-tools-for-stm32.7-2018-q2-update.win32_1.0.0.201904181610/tools/bin/../lib/gcc/arm-none-eabi/7.3.1/../../../../arm-none-eabi/lib/thumb/v7e-m/fpv4-sp/hard\libc_nano.a
LOAD c:/st/stm32cubeide_1.2.0/stm32cubeide/plugins/com.st.stm32cube.ide.mcu.externaltools.gnu-tools-for-stm32.7-2018-q2-update.win32_1.0.0.201904181610/tools/bin/../lib/gcc/arm-none-eabi/7.3.1/../../../../arm-none-eabi/lib/thumb/v7e-m/fpv4-sp/hard\libm.a
END GROUP
START GROUP
LOAD c:/st/stm32cubeide_1.2.0/stm32cubeide/plugins/com.st.stm32cube.ide.mcu.externaltools.gnu-tools-for-stm32.7-2018-q2-update.win32_1.0.0.201904181610/tools/bin/../lib/gcc/arm-none-eabi/7.3.1/thumb/v7e-m/fpv4-sp/hard\libgcc.a
LOAD c:/st/stm32cubeide_1.2.0/stm32cubeide/plugins/com.st.stm32cube.ide.mcu.externaltools.gnu-tools-for-stm32.7-2018-q2-update.win32_1.0.0.201904181610/tools/bin/../lib/gcc/arm-none-eabi/7.3.1/../../../../arm-none-eabi/lib/thumb/v7e-m/fpv4-sp/hard\libc_nano.a
END GROUP
START GROUP
LOAD c:/st/stm32cubeide_1.2.0/stm32cubeide/plugins/com.st.stm32cube.ide.mcu.externaltools.gnu-tools-for-stm32.7-2018-q2-update.win32_1.0.0.201904181610/tools/bin/../lib/gcc/arm-none-eabi/7.3.1/thumb/v7e-m/fpv4-sp/hard\libgcc.a
LOAD c:/st/stm32cubeide_1.2.0/stm32cubeide/plugins/com.st.stm32cube.ide.mcu.externaltools.gnu-tools-for-stm32.7-2018-q2-update.win32_1.0.0.201904181610/tools/bin/../lib/gcc/arm-none-eabi/7.3.1/../../../../arm-none-eabi/lib/thumb/v7e-m/fpv4-sp/hard\libc_nano.a
LOAD c:/st/stm32cubeide_1.2.0/stm32cubeide/plugins/com.st.stm32cube.ide.mcu.externaltools.gnu-tools-for-stm32.7-2018-q2-update.win32_1.0.0.201904181610/tools/bin/../lib/gcc/arm-none-eabi/7.3.1/../../../../arm-none-eabi/lib/thumb/v7e-m/fpv4-sp/hard\libnosys.a
END GROUP
START GROUP
LOAD c:/st/stm32cubeide_1.2.0/stm32cubeide/plugins/com.st.stm32cube.ide.mcu.externaltools.gnu-tools-for-stm32.7-2018-q2-update.win32_1.0.0.201904181610/tools/bin/../lib/gcc/arm-none-eabi/7.3.1/thumb/v7e-m/fpv4-sp/hard\libgcc.a
LOAD c:/st/stm32cubeide_1.2.0/stm32cubeide/plugins/com.st.stm32cube.ide.mcu.externaltools.gnu-tools-for-stm32.7-2018-q2-update.win32_1.0.0.201904181610/tools/bin/../lib/gcc/arm-none-eabi/7.3.1/../../../../arm-none-eabi/lib/thumb/v7e-m/fpv4-sp/hard\libc_nano.a
LOAD c:/st/stm32cubeide_1.2.0/stm32cubeide/plugins/com.st.stm32cube.ide.mcu.externaltools.gnu-tools-for-stm32.7-2018-q2-update.win32_1.0.0.201904181610/tools/bin/../lib/gcc/arm-none-eabi/7.3.1/../../../../arm-none-eabi/lib/thumb/v7e-m/fpv4-sp/hard\libnosys.a
END GROUP
LOAD c:/st/stm32cubeide_1.2.0/stm32cubeide/plugins/com.st.stm32cube.ide.mcu.externaltools.gnu-tools-for-stm32.7-2018-q2-update.win32_1.0.0.201904181610/tools/bin/../lib/gcc/arm-none-eabi/7.3.1/thumb/v7e-m/fpv4-sp/hard/crtend.o
LOAD c:/st/stm32cubeide_1.2.0/stm32cubeide/plugins/com.st.stm32cube.ide.mcu.externaltools.gnu-tools-for-stm32.7-2018-q2-update.win32_1.0.0.201904181610/tools/bin/../lib/gcc/arm-none-eabi/7.3.1/thumb/v7e-m/fpv4-sp/hard/crtn.o
                0x0000000020004000                _estack = (ORIGIN (RAM) + LENGTH (RAM))
                0x0000000000000200                _Min_Heap_Size = 0x200
                0x0000000000000400                _Min_Stack_Size = 0x400

.isr_vector     0x0000000008000000      0x188
                0x0000000008000000                . = ALIGN (0x4)
 *(.isr_vector)
 .isr_vector    0x0000000008000000      0x188 Core/Startup/startup_stm32f301k6ux.o
                0x0000000008000000                g_pfnVectors
                0x0000000008000188                . = ALIGN (0x4)

.text           0x0000000008000190     0x67f4
                0x0000000008000190                . = ALIGN (0x4)
 *(.text)
 .text          0x0000000008000190       0x40 c:/st/stm32cubeide_1.2.0/stm32cubeide/plugins/com.st.stm32cube.ide.mcu.externaltools.gnu-tools-for-stm32.7-2018-q2-update.win32_1.0.0.201904181610/tools/bin/../lib/gcc/arm-none-eabi/7.3.1/thumb/v7e-m/fpv4-sp/hard/crtbegin.o
 *(.text*)
 .text.MX_ADC1_Init
                0x00000000080001d0       0xb0 Core/Src/adc.o
                0x00000000080001d0                MX_ADC1_Init
 .text.HAL_ADC_MspInit
                0x0000000008000280       0xbc Core/Src/adc.o
                0x0000000008000280                HAL_ADC_MspInit
 .text.MX_DMA_Init
                0x000000000800033c       0x34 Core/Src/dma.o
                0x000000000800033c                MX_DMA_Init
 .text.StartDefaultTask
                0x0000000008000370        0xa Core/Src/freertos.o
                0x0000000008000370                StartDefaultTask
 *fill*         0x000000000800037a        0x2 
 .text.MX_FREERTOS_Init
                0x000000000800037c       0xe8 Core/Src/freertos.o
                0x000000000800037c                MX_FREERTOS_Init
 .text.MX_GPIO_Init
                0x0000000008000464       0xc4 Core/Src/gpio.o
                0x0000000008000464                MX_GPIO_Init
 .text.MX_I2C1_Init
                0x0000000008000528       0x5c Core/Src/i2c.o
                0x0000000008000528                MX_I2C1_Init
 .text.HAL_I2C_MspInit
                0x0000000008000584       0xa4 Core/Src/i2c.o
                0x0000000008000584                HAL_I2C_MspInit
 .text.SendPacketToMainTask
                0x0000000008000628       0xe8 Core/Src/inter_processor_comms.o
                0x0000000008000628                SendPacketToMainTask
 .text.HAL_I2C_SlaveTxCpltCallback
                0x0000000008000710       0x14 Core/Src/inter_processor_comms.o
                0x0000000008000710                HAL_I2C_SlaveTxCpltCallback
 .text.HAL_I2C_SlaveRxCpltCallback
                0x0000000008000724        0x2 Core/Src/inter_processor_comms.o
                0x0000000008000724                HAL_I2C_SlaveRxCpltCallback
 *fill*         0x0000000008000726        0x2 
 .text.SystemClock_Config
                0x0000000008000728       0x6c Core/Src/main.o
                0x0000000008000728                SystemClock_Config
 .text.main     0x0000000008000794       0x38 Core/Src/main.o
                0x0000000008000794                main
 .text.HAL_TIM_PeriodElapsedCallback
                0x00000000080007cc       0x18 Core/Src/main.o
                0x00000000080007cc                HAL_TIM_PeriodElapsedCallback
 .text.Error_Handler
                0x00000000080007e4        0x2 Core/Src/main.o
                0x00000000080007e4                Error_Handler
 *fill*         0x00000000080007e6        0x2 
 .text.RTC_ToEpoch
                0x00000000080007e8       0xa8 Core/Src/master_thread.o
                0x00000000080007e8                RTC_ToEpoch
 .text.packetizeData
                0x0000000008000890       0x4c Core/Src/master_thread.o
                0x0000000008000890                packetizeData
 .text.MasterThreadTask
                0x00000000080008dc       0xcc Core/Src/master_thread.o
                0x00000000080008dc                MasterThreadTask
 .text.MX_RTC_Init
                0x00000000080009a8       0x30 Core/Src/rtc.o
                0x00000000080009a8                MX_RTC_Init
 .text.HAL_RTC_MspInit
                0x00000000080009d8       0x2c Core/Src/rtc.o
                0x00000000080009d8                HAL_RTC_MspInit
 .text.MX_SPI3_Init
                0x0000000008000a04       0x4c Core/Src/spi.o
                0x0000000008000a04                MX_SPI3_Init
 .text.HAL_SPI_MspInit
                0x0000000008000a50       0x78 Core/Src/spi.o
                0x0000000008000a50                HAL_SPI_MspInit
 .text.HAL_MspInit
                0x0000000008000ac8       0x40 Core/Src/stm32f3xx_hal_msp.o
                0x0000000008000ac8                HAL_MspInit
 .text.HAL_InitTick
                0x0000000008000b08       0x78 Core/Src/stm32f3xx_hal_timebase_tim.o
                0x0000000008000b08                HAL_InitTick
 .text.NMI_Handler
                0x0000000008000b80        0x2 Core/Src/stm32f3xx_it.o
                0x0000000008000b80                NMI_Handler
 .text.HardFault_Handler
                0x0000000008000b82        0x2 Core/Src/stm32f3xx_it.o
                0x0000000008000b82                HardFault_Handler
 .text.MemManage_Handler
                0x0000000008000b84        0x2 Core/Src/stm32f3xx_it.o
                0x0000000008000b84                MemManage_Handler
 .text.BusFault_Handler
                0x0000000008000b86        0x2 Core/Src/stm32f3xx_it.o
                0x0000000008000b86                BusFault_Handler
 .text.UsageFault_Handler
                0x0000000008000b88        0x2 Core/Src/stm32f3xx_it.o
                0x0000000008000b88                UsageFault_Handler
 .text.DebugMon_Handler
                0x0000000008000b8a        0x2 Core/Src/stm32f3xx_it.o
                0x0000000008000b8a                DebugMon_Handler
 .text.DMA1_Channel1_IRQHandler
                0x0000000008000b8c       0x10 Core/Src/stm32f3xx_it.o
                0x0000000008000b8c                DMA1_Channel1_IRQHandler
 .text.TIM1_UP_TIM16_IRQHandler
                0x0000000008000b9c       0x10 Core/Src/stm32f3xx_it.o
                0x0000000008000b9c                TIM1_UP_TIM16_IRQHandler
 .text.TIM2_IRQHandler
                0x0000000008000bac       0x10 Core/Src/stm32f3xx_it.o
                0x0000000008000bac                TIM2_IRQHandler
 .text.I2C1_EV_IRQHandler
                0x0000000008000bbc       0x10 Core/Src/stm32f3xx_it.o
                0x0000000008000bbc                I2C1_EV_IRQHandler
 .text.SPI3_IRQHandler
                0x0000000008000bcc       0x10 Core/Src/stm32f3xx_it.o
                0x0000000008000bcc                SPI3_IRQHandler
 .text.SystemInit
                0x0000000008000bdc       0x1c Core/Src/system_stm32f3xx.o
                0x0000000008000bdc                SystemInit
 .text.HAL_ADC_ConvCpltCallback
                0x0000000008000bf8       0x30 Core/Src/thermopile.o
                0x0000000008000bf8                HAL_ADC_ConvCpltCallback
 .text.HAL_ADC_ConvHalfCpltCallback
                0x0000000008000c28        0x2 Core/Src/thermopile.o
                0x0000000008000c28                HAL_ADC_ConvHalfCpltCallback
 *fill*         0x0000000008000c2a        0x2 
 .text.HAL_ADC_ErrorCallback
                0x0000000008000c2c       0x10 Core/Src/thermopile.o
                0x0000000008000c2c                HAL_ADC_ErrorCallback
 .text.SwitchTemperatureSensor
                0x0000000008000c3c       0x54 Core/Src/thermopile.o
                0x0000000008000c3c                SwitchTemperatureSensor
 .text.Setup_LMP91051
                0x0000000008000c90       0x44 Core/Src/thermopile.o
                0x0000000008000c90                Setup_LMP91051
 .text.ThermopileTask
                0x0000000008000cd4      0x108 Core/Src/thermopile.o
                0x0000000008000cd4                ThermopileTask
 .text.MX_TIM2_Init
                0x0000000008000ddc       0xb0 Core/Src/tim.o
                0x0000000008000ddc                MX_TIM2_Init
 .text.MX_TIM6_Init
                0x0000000008000e8c       0x54 Core/Src/tim.o
                0x0000000008000e8c                MX_TIM6_Init
 .text.HAL_TIM_Base_MspInit
                0x0000000008000ee0       0x60 Core/Src/tim.o
                0x0000000008000ee0                HAL_TIM_Base_MspInit
 .text.Reset_Handler
                0x0000000008000f40       0x50 Core/Startup/startup_stm32f301k6ux.o
                0x0000000008000f40                Reset_Handler
 .text.Default_Handler
                0x0000000008000f90        0x2 Core/Startup/startup_stm32f301k6ux.o
                0x0000000008000f90                RTC_Alarm_IRQHandler
                0x0000000008000f90                TIM1_CC_IRQHandler
                0x0000000008000f90                PVD_IRQHandler
                0x0000000008000f90                TAMP_STAMP_IRQHandler
                0x0000000008000f90                EXTI3_IRQHandler
                0x0000000008000f90                I2C3_ER_IRQHandler
                0x0000000008000f90                EXTI0_IRQHandler
                0x0000000008000f90                I2C2_EV_IRQHandler
                0x0000000008000f90                FPU_IRQHandler
                0x0000000008000f90                TIM6_DAC_IRQHandler
                0x0000000008000f90                DMA1_Channel4_IRQHandler
                0x0000000008000f90                ADC1_IRQHandler
                0x0000000008000f90                USART3_IRQHandler
                0x0000000008000f90                DMA1_Channel7_IRQHandler
                0x0000000008000f90                DMA1_Channel6_IRQHandler
                0x0000000008000f90                RCC_IRQHandler
                0x0000000008000f90                Default_Handler
                0x0000000008000f90                EXTI15_10_IRQHandler
                0x0000000008000f90                COMP2_IRQHandler
                0x0000000008000f90                I2C3_EV_IRQHandler
                0x0000000008000f90                EXTI9_5_IRQHandler
                0x0000000008000f90                RTC_WKUP_IRQHandler
                0x0000000008000f90                SPI2_IRQHandler
                0x0000000008000f90                DMA1_Channel5_IRQHandler
                0x0000000008000f90                EXTI4_IRQHandler
                0x0000000008000f90                TIM1_TRG_COM_TIM17_IRQHandler
                0x0000000008000f90                DMA1_Channel3_IRQHandler
                0x0000000008000f90                WWDG_IRQHandler
                0x0000000008000f90                EXTI1_IRQHandler
                0x0000000008000f90                COMP4_6_IRQHandler
                0x0000000008000f90                USART2_IRQHandler
                0x0000000008000f90                I2C2_ER_IRQHandler
                0x0000000008000f90                DMA1_Channel2_IRQHandler
                0x0000000008000f90                FLASH_IRQHandler
                0x0000000008000f90                USART1_IRQHandler
                0x0000000008000f90                I2C1_ER_IRQHandler
                0x0000000008000f90                EXTI2_TSC_IRQHandler
                0x0000000008000f90                TIM1_BRK_TIM15_IRQHandler
 *fill*         0x0000000008000f92        0x2 
 .text.HAL_Init
                0x0000000008000f94       0x24 Drivers/STM32F3xx_HAL_Driver/Src/stm32f3xx_hal.o
                0x0000000008000f94                HAL_Init
 .text.HAL_IncTick
                0x0000000008000fb8       0x18 Drivers/STM32F3xx_HAL_Driver/Src/stm32f3xx_hal.o
                0x0000000008000fb8                HAL_IncTick
 .text.HAL_GetTick
                0x0000000008000fd0        0xc Drivers/STM32F3xx_HAL_Driver/Src/stm32f3xx_hal.o
                0x0000000008000fd0                HAL_GetTick
 .text.HAL_Delay
                0x0000000008000fdc       0x28 Drivers/STM32F3xx_HAL_Driver/Src/stm32f3xx_hal.o
                0x0000000008000fdc                HAL_Delay
 .text.ADC_Disable
                0x0000000008001004       0x7e Drivers/STM32F3xx_HAL_Driver/Src/stm32f3xx_hal_adc_ex.o
 *fill*         0x0000000008001082        0x2 
 .text.ADC_ConversionStop
                0x0000000008001084       0xd8 Drivers/STM32F3xx_HAL_Driver/Src/stm32f3xx_hal_adc_ex.o
 .text.ADC_Enable
                0x000000000800115c       0x78 Drivers/STM32F3xx_HAL_Driver/Src/stm32f3xx_hal_adc_ex.o
 .text.ADC_DMAError
                0x00000000080011d4       0x1a Drivers/STM32F3xx_HAL_Driver/Src/stm32f3xx_hal_adc_ex.o
 .text.ADC_DMAHalfConvCplt
                0x00000000080011ee        0xa Drivers/STM32F3xx_HAL_Driver/Src/stm32f3xx_hal_adc_ex.o
 .text.ADC_DMAConvCplt
                0x00000000080011f8       0x4a Drivers/STM32F3xx_HAL_Driver/Src/stm32f3xx_hal_adc_ex.o
 *fill*         0x0000000008001242        0x2 
 .text.HAL_ADC_Init
                0x0000000008001244      0x1e0 Drivers/STM32F3xx_HAL_Driver/Src/stm32f3xx_hal_adc_ex.o
                0x0000000008001244                HAL_ADC_Init
 .text.HAL_ADC_Stop
                0x0000000008001424       0x4a Drivers/STM32F3xx_HAL_Driver/Src/stm32f3xx_hal_adc_ex.o
                0x0000000008001424                HAL_ADC_Stop
 *fill*         0x000000000800146e        0x2 
 .text.HAL_ADC_Start_DMA
                0x0000000008001470       0xd8 Drivers/STM32F3xx_HAL_Driver/Src/stm32f3xx_hal_adc_ex.o
                0x0000000008001470                HAL_ADC_Start_DMA
 .text.HAL_ADC_Stop_DMA
                0x0000000008001548       0x78 Drivers/STM32F3xx_HAL_Driver/Src/stm32f3xx_hal_adc_ex.o
                0x0000000008001548                HAL_ADC_Stop_DMA
 .text.HAL_ADC_ConfigChannel
                0x00000000080015c0      0x340 Drivers/STM32F3xx_HAL_Driver/Src/stm32f3xx_hal_adc_ex.o
                0x00000000080015c0                HAL_ADC_ConfigChannel
 .text.HAL_NVIC_SetPriorityGrouping
                0x0000000008001900       0x24 Drivers/STM32F3xx_HAL_Driver/Src/stm32f3xx_hal_cortex.o
                0x0000000008001900                HAL_NVIC_SetPriorityGrouping
 .text.HAL_NVIC_SetPriority
                0x0000000008001924       0x68 Drivers/STM32F3xx_HAL_Driver/Src/stm32f3xx_hal_cortex.o
                0x0000000008001924                HAL_NVIC_SetPriority
 .text.HAL_NVIC_EnableIRQ
                0x000000000800198c       0x1c Drivers/STM32F3xx_HAL_Driver/Src/stm32f3xx_hal_cortex.o
                0x000000000800198c                HAL_NVIC_EnableIRQ
 .text.DMA_SetConfig
                0x00000000080019a8       0x2c Drivers/STM32F3xx_HAL_Driver/Src/stm32f3xx_hal_dma.o
 .text.DMA_CalcBaseAndBitshift
                0x00000000080019d4       0x24 Drivers/STM32F3xx_HAL_Driver/Src/stm32f3xx_hal_dma.o
 .text.HAL_DMA_Init
                0x00000000080019f8       0x50 Drivers/STM32F3xx_HAL_Driver/Src/stm32f3xx_hal_dma.o
                0x00000000080019f8                HAL_DMA_Init
 .text.HAL_DMA_Start_IT
                0x0000000008001a48       0x74 Drivers/STM32F3xx_HAL_Driver/Src/stm32f3xx_hal_dma.o
                0x0000000008001a48                HAL_DMA_Start_IT
 .text.HAL_DMA_Abort
                0x0000000008001abc       0x44 Drivers/STM32F3xx_HAL_Driver/Src/stm32f3xx_hal_dma.o
                0x0000000008001abc                HAL_DMA_Abort
 .text.HAL_DMA_Abort_IT
                0x0000000008001b00       0x4a Drivers/STM32F3xx_HAL_Driver/Src/stm32f3xx_hal_dma.o
                0x0000000008001b00                HAL_DMA_Abort_IT
 .text.HAL_DMA_IRQHandler
                0x0000000008001b4a       0xb4 Drivers/STM32F3xx_HAL_Driver/Src/stm32f3xx_hal_dma.o
                0x0000000008001b4a                HAL_DMA_IRQHandler
 *fill*         0x0000000008001bfe        0x2 
 .text.HAL_GPIO_Init
                0x0000000008001c00      0x188 Drivers/STM32F3xx_HAL_Driver/Src/stm32f3xx_hal_gpio.o
                0x0000000008001c00                HAL_GPIO_Init
 .text.HAL_GPIO_WritePin
                0x0000000008001d88        0xa Drivers/STM32F3xx_HAL_Driver/Src/stm32f3xx_hal_gpio.o
                0x0000000008001d88                HAL_GPIO_WritePin
 .text.I2C_Flush_TXDR
                0x0000000008001d92       0x22 Drivers/STM32F3xx_HAL_Driver/Src/stm32f3xx_hal_i2c.o
 .text.I2C_TransferConfig
                0x0000000008001db4       0x36 Drivers/STM32F3xx_HAL_Driver/Src/stm32f3xx_hal_i2c.o
 *fill*         0x0000000008001dea        0x2 
 .text.I2C_Enable_IRQ
                0x0000000008001dec       0x80 Drivers/STM32F3xx_HAL_Driver/Src/stm32f3xx_hal_i2c.o
 .text.I2C_Disable_IRQ
                0x0000000008001e6c       0xb8 Drivers/STM32F3xx_HAL_Driver/Src/stm32f3xx_hal_i2c.o
 .text.HAL_I2C_Init
                0x0000000008001f24       0xbc Drivers/STM32F3xx_HAL_Driver/Src/stm32f3xx_hal_i2c.o
                0x0000000008001f24                HAL_I2C_Init
 .text.HAL_I2C_Slave_Transmit_IT
                0x0000000008001fe0       0x64 Drivers/STM32F3xx_HAL_Driver/Src/stm32f3xx_hal_i2c.o
                0x0000000008001fe0                HAL_I2C_Slave_Transmit_IT
 .text.HAL_I2C_Slave_Receive_IT
                0x0000000008002044       0x64 Drivers/STM32F3xx_HAL_Driver/Src/stm32f3xx_hal_i2c.o
                0x0000000008002044                HAL_I2C_Slave_Receive_IT
 .text.HAL_I2C_EV_IRQHandler
                0x00000000080020a8       0x10 Drivers/STM32F3xx_HAL_Driver/Src/stm32f3xx_hal_i2c.o
                0x00000000080020a8                HAL_I2C_EV_IRQHandler
 .text.HAL_I2C_MasterTxCpltCallback
                0x00000000080020b8        0x2 Drivers/STM32F3xx_HAL_Driver/Src/stm32f3xx_hal_i2c.o
                0x00000000080020b8                HAL_I2C_MasterTxCpltCallback
 .text.HAL_I2C_MasterRxCpltCallback
                0x00000000080020ba        0x2 Drivers/STM32F3xx_HAL_Driver/Src/stm32f3xx_hal_i2c.o
                0x00000000080020ba                HAL_I2C_MasterRxCpltCallback
 .text.I2C_ITMasterSeqCplt
                0x00000000080020bc       0x54 Drivers/STM32F3xx_HAL_Driver/Src/stm32f3xx_hal_i2c.o
 .text.I2C_ITSlaveSeqCplt
                0x0000000008002110       0x5c Drivers/STM32F3xx_HAL_Driver/Src/stm32f3xx_hal_i2c.o
 .text.HAL_I2C_AddrCallback
                0x000000000800216c        0x2 Drivers/STM32F3xx_HAL_Driver/Src/stm32f3xx_hal_i2c.o
                0x000000000800216c                HAL_I2C_AddrCallback
 .text.I2C_ITAddrCplt
                0x000000000800216e       0x9c Drivers/STM32F3xx_HAL_Driver/Src/stm32f3xx_hal_i2c.o
 .text.HAL_I2C_ListenCpltCallback
                0x000000000800220a        0x2 Drivers/STM32F3xx_HAL_Driver/Src/stm32f3xx_hal_i2c.o
                0x000000000800220a                HAL_I2C_ListenCpltCallback
 .text.I2C_ITListenCplt
                0x000000000800220c       0x64 Drivers/STM32F3xx_HAL_Driver/Src/stm32f3xx_hal_i2c.o
 .text.HAL_I2C_MemTxCpltCallback
                0x0000000008002270        0x2 Drivers/STM32F3xx_HAL_Driver/Src/stm32f3xx_hal_i2c.o
                0x0000000008002270                HAL_I2C_MemTxCpltCallback
 .text.HAL_I2C_MemRxCpltCallback
                0x0000000008002272        0x2 Drivers/STM32F3xx_HAL_Driver/Src/stm32f3xx_hal_i2c.o
                0x0000000008002272                HAL_I2C_MemRxCpltCallback
 .text.HAL_I2C_ErrorCallback
                0x0000000008002274        0x2 Drivers/STM32F3xx_HAL_Driver/Src/stm32f3xx_hal_i2c.o
                0x0000000008002274                HAL_I2C_ErrorCallback
 .text.HAL_I2C_AbortCpltCallback
                0x0000000008002276        0x2 Drivers/STM32F3xx_HAL_Driver/Src/stm32f3xx_hal_i2c.o
                0x0000000008002276                HAL_I2C_AbortCpltCallback
 .text.I2C_ITError
                0x0000000008002278       0xf4 Drivers/STM32F3xx_HAL_Driver/Src/stm32f3xx_hal_i2c.o
 .text.I2C_ITSlaveCplt
                0x000000000800236c      0x120 Drivers/STM32F3xx_HAL_Driver/Src/stm32f3xx_hal_i2c.o
 .text.I2C_Slave_ISR_IT
                0x000000000800248c      0x14a Drivers/STM32F3xx_HAL_Driver/Src/stm32f3xx_hal_i2c.o
 .text.I2C_ITMasterCplt
                0x00000000080025d6       0xe2 Drivers/STM32F3xx_HAL_Driver/Src/stm32f3xx_hal_i2c.o
 .text.I2C_Slave_ISR_DMA
                0x00000000080026b8       0xfe Drivers/STM32F3xx_HAL_Driver/Src/stm32f3xx_hal_i2c.o
 .text.I2C_Master_ISR_DMA
                0x00000000080027b6      0x140 Drivers/STM32F3xx_HAL_Driver/Src/stm32f3xx_hal_i2c.o
 .text.I2C_DMAAbort
                0x00000000080028f6       0x2a Drivers/STM32F3xx_HAL_Driver/Src/stm32f3xx_hal_i2c.o
 .text.HAL_I2CEx_ConfigAnalogFilter
                0x0000000008002920       0x5c Drivers/STM32F3xx_HAL_Driver/Src/stm32f3xx_hal_i2c_ex.o
                0x0000000008002920                HAL_I2CEx_ConfigAnalogFilter
 .text.HAL_I2CEx_ConfigDigitalFilter
                0x000000000800297c       0x58 Drivers/STM32F3xx_HAL_Driver/Src/stm32f3xx_hal_i2c_ex.o
                0x000000000800297c                HAL_I2CEx_ConfigDigitalFilter
 .text.HAL_RCC_OscConfig
                0x00000000080029d4      0x644 Drivers/STM32F3xx_HAL_Driver/Src/stm32f3xx_hal_rcc.o
                0x00000000080029d4                HAL_RCC_OscConfig
 .text.HAL_RCC_GetSysClockFreq
                0x0000000008003018       0x7c Drivers/STM32F3xx_HAL_Driver/Src/stm32f3xx_hal_rcc.o
                0x0000000008003018                HAL_RCC_GetSysClockFreq
 .text.HAL_RCC_ClockConfig
                0x0000000008003094      0x1a4 Drivers/STM32F3xx_HAL_Driver/Src/stm32f3xx_hal_rcc.o
                0x0000000008003094                HAL_RCC_ClockConfig
 .text.HAL_RCC_GetHCLKFreq
                0x0000000008003238        0xc Drivers/STM32F3xx_HAL_Driver/Src/stm32f3xx_hal_rcc.o
                0x0000000008003238                HAL_RCC_GetHCLKFreq
 .text.HAL_RCC_GetPCLK2Freq
                0x0000000008003244       0x2c Drivers/STM32F3xx_HAL_Driver/Src/stm32f3xx_hal_rcc.o
                0x0000000008003244                HAL_RCC_GetPCLK2Freq
 .text.HAL_RCC_GetClockConfig
                0x0000000008003270       0x3c Drivers/STM32F3xx_HAL_Driver/Src/stm32f3xx_hal_rcc.o
                0x0000000008003270                HAL_RCC_GetClockConfig
 .text.HAL_RCCEx_PeriphCLKConfig
                0x00000000080032ac      0x228 Drivers/STM32F3xx_HAL_Driver/Src/stm32f3xx_hal_rcc_ex.o
                0x00000000080032ac                HAL_RCCEx_PeriphCLKConfig
 .text.HAL_RTC_WaitForSynchro
                0x00000000080034d4       0x32 Drivers/STM32F3xx_HAL_Driver/Src/stm32f3xx_hal_rtc.o
                0x00000000080034d4                HAL_RTC_WaitForSynchro
 .text.RTC_EnterInitMode
                0x0000000008003506       0x3c Drivers/STM32F3xx_HAL_Driver/Src/stm32f3xx_hal_rtc.o
                0x0000000008003506                RTC_EnterInitMode
 .text.HAL_RTC_Init
                0x0000000008003542       0xc4 Drivers/STM32F3xx_HAL_Driver/Src/stm32f3xx_hal_rtc.o
                0x0000000008003542                HAL_RTC_Init
 .text.RTC_Bcd2ToByte
                0x0000000008003606       0x12 Drivers/STM32F3xx_HAL_Driver/Src/stm32f3xx_hal_rtc.o
                0x0000000008003606                RTC_Bcd2ToByte
 .text.HAL_RTC_GetTime
                0x0000000008003618       0x56 Drivers/STM32F3xx_HAL_Driver/Src/stm32f3xx_hal_rtc.o
                0x0000000008003618                HAL_RTC_GetTime
 .text.HAL_RTC_GetDate
                0x000000000800366e       0x42 Drivers/STM32F3xx_HAL_Driver/Src/stm32f3xx_hal_rtc.o
                0x000000000800366e                HAL_RTC_GetDate
 .text.SPI_WaitFlagStateUntilTimeout
                0x00000000080036b0       0x90 Drivers/STM32F3xx_HAL_Driver/Src/stm32f3xx_hal_spi.o
 .text.SPI_WaitFifoStateUntilTimeout
                0x0000000008003740       0x98 Drivers/STM32F3xx_HAL_Driver/Src/stm32f3xx_hal_spi.o
 .text.SPI_EndRxTxTransaction
                0x00000000080037d8       0x66 Drivers/STM32F3xx_HAL_Driver/Src/stm32f3xx_hal_spi.o
 .text.HAL_SPI_Init
                0x000000000800383e       0xba Drivers/STM32F3xx_HAL_Driver/Src/stm32f3xx_hal_spi.o
                0x000000000800383e                HAL_SPI_Init
 .text.HAL_SPI_Transmit
                0x00000000080038f8      0x1dc Drivers/STM32F3xx_HAL_Driver/Src/stm32f3xx_hal_spi.o
                0x00000000080038f8                HAL_SPI_Transmit
 .text.HAL_SPI_ErrorCallback
                0x0000000008003ad4        0x2 Drivers/STM32F3xx_HAL_Driver/Src/stm32f3xx_hal_spi.o
                0x0000000008003ad4                HAL_SPI_ErrorCallback
 *fill*         0x0000000008003ad6        0x2 
 .text.HAL_SPI_IRQHandler
                0x0000000008003ad8      0x120 Drivers/STM32F3xx_HAL_Driver/Src/stm32f3xx_hal_spi.o
                0x0000000008003ad8                HAL_SPI_IRQHandler
 .text.SPI_DMAAbortOnError
                0x0000000008003bf8       0x12 Drivers/STM32F3xx_HAL_Driver/Src/stm32f3xx_hal_spi.o
 *fill*         0x0000000008003c0a        0x2 
 .text.TIM_OC1_SetConfig
                0x0000000008003c0c       0x8c Drivers/STM32F3xx_HAL_Driver/Src/stm32f3xx_hal_tim.o
 .text.TIM_OC3_SetConfig
                0x0000000008003c98       0x7c Drivers/STM32F3xx_HAL_Driver/Src/stm32f3xx_hal_tim.o
 .text.TIM_OC4_SetConfig
                0x0000000008003d14       0x64 Drivers/STM32F3xx_HAL_Driver/Src/stm32f3xx_hal_tim.o
 .text.TIM_OC5_SetConfig
                0x0000000008003d78       0x60 Drivers/STM32F3xx_HAL_Driver/Src/stm32f3xx_hal_tim.o
 .text.TIM_OC6_SetConfig
                0x0000000008003dd8       0x64 Drivers/STM32F3xx_HAL_Driver/Src/stm32f3xx_hal_tim.o
 .text.TIM_TI1_ConfigInputStage
                0x0000000008003e3c       0x26 Drivers/STM32F3xx_HAL_Driver/Src/stm32f3xx_hal_tim.o
 .text.TIM_TI2_ConfigInputStage
                0x0000000008003e62       0x28 Drivers/STM32F3xx_HAL_Driver/Src/stm32f3xx_hal_tim.o
 .text.TIM_ITRx_SetConfig
                0x0000000008003e8a       0x10 Drivers/STM32F3xx_HAL_Driver/Src/stm32f3xx_hal_tim.o
 *fill*         0x0000000008003e9a        0x2 
 .text.HAL_TIM_Base_Start
                0x0000000008003e9c       0x30 Drivers/STM32F3xx_HAL_Driver/Src/stm32f3xx_hal_tim.o
                0x0000000008003e9c                HAL_TIM_Base_Start
 .text.HAL_TIM_Base_Stop
                0x0000000008003ecc       0x2e Drivers/STM32F3xx_HAL_Driver/Src/stm32f3xx_hal_tim.o
                0x0000000008003ecc                HAL_TIM_Base_Stop
 *fill*         0x0000000008003efa        0x2 
 .text.HAL_TIM_Base_Start_IT
                0x0000000008003efc       0x2c Drivers/STM32F3xx_HAL_Driver/Src/stm32f3xx_hal_tim.o
                0x0000000008003efc                HAL_TIM_Base_Start_IT
 .text.HAL_TIM_OC_MspInit
                0x0000000008003f28        0x2 Drivers/STM32F3xx_HAL_Driver/Src/stm32f3xx_hal_tim.o
                0x0000000008003f28                HAL_TIM_OC_MspInit
 .text.HAL_TIM_OC_DelayElapsedCallback
                0x0000000008003f2a        0x2 Drivers/STM32F3xx_HAL_Driver/Src/stm32f3xx_hal_tim.o
                0x0000000008003f2a                HAL_TIM_OC_DelayElapsedCallback
 .text.HAL_TIM_IC_CaptureCallback
                0x0000000008003f2c        0x2 Drivers/STM32F3xx_HAL_Driver/Src/stm32f3xx_hal_tim.o
                0x0000000008003f2c                HAL_TIM_IC_CaptureCallback
 .text.HAL_TIM_PWM_PulseFinishedCallback
                0x0000000008003f2e        0x2 Drivers/STM32F3xx_HAL_Driver/Src/stm32f3xx_hal_tim.o
                0x0000000008003f2e                HAL_TIM_PWM_PulseFinishedCallback
 .text.HAL_TIM_TriggerCallback
                0x0000000008003f30        0x2 Drivers/STM32F3xx_HAL_Driver/Src/stm32f3xx_hal_tim.o
                0x0000000008003f30                HAL_TIM_TriggerCallback
 .text.HAL_TIM_IRQHandler
                0x0000000008003f32      0x19a Drivers/STM32F3xx_HAL_Driver/Src/stm32f3xx_hal_tim.o
                0x0000000008003f32                HAL_TIM_IRQHandler
 .text.TIM_Base_SetConfig
                0x00000000080040cc       0x80 Drivers/STM32F3xx_HAL_Driver/Src/stm32f3xx_hal_tim.o
                0x00000000080040cc                TIM_Base_SetConfig
 .text.HAL_TIM_Base_Init
                0x000000000800414c       0x32 Drivers/STM32F3xx_HAL_Driver/Src/stm32f3xx_hal_tim.o
                0x000000000800414c                HAL_TIM_Base_Init
 .text.HAL_TIM_OC_Init
                0x000000000800417e       0x32 Drivers/STM32F3xx_HAL_Driver/Src/stm32f3xx_hal_tim.o
                0x000000000800417e                HAL_TIM_OC_Init
 .text.TIM_OC2_SetConfig
                0x00000000080041b0       0x80 Drivers/STM32F3xx_HAL_Driver/Src/stm32f3xx_hal_tim.o
                0x00000000080041b0                TIM_OC2_SetConfig
 .text.HAL_TIM_OC_ConfigChannel
                0x0000000008004230       0x76 Drivers/STM32F3xx_HAL_Driver/Src/stm32f3xx_hal_tim.o
                0x0000000008004230                HAL_TIM_OC_ConfigChannel
 .text.TIM_ETR_SetConfig
                0x00000000080042a6       0x18 Drivers/STM32F3xx_HAL_Driver/Src/stm32f3xx_hal_tim.o
                0x00000000080042a6                TIM_ETR_SetConfig
 *fill*         0x00000000080042be        0x2 
 .text.HAL_TIM_ConfigClockSource
                0x00000000080042c0       0xdc Drivers/STM32F3xx_HAL_Driver/Src/stm32f3xx_hal_tim.o
                0x00000000080042c0                HAL_TIM_ConfigClockSource
 .text.HAL_TIMEx_MasterConfigSynchronization
                0x000000000800439c       0x70 Drivers/STM32F3xx_HAL_Driver/Src/stm32f3xx_hal_tim_ex.o
                0x000000000800439c                HAL_TIMEx_MasterConfigSynchronization
 .text.HAL_TIMEx_CommutCallback
                0x000000000800440c        0x2 Drivers/STM32F3xx_HAL_Driver/Src/stm32f3xx_hal_tim_ex.o
                0x000000000800440c                HAL_TIMEx_CommutCallback
 .text.HAL_TIMEx_BreakCallback
                0x000000000800440e        0x2 Drivers/STM32F3xx_HAL_Driver/Src/stm32f3xx_hal_tim_ex.o
                0x000000000800440e                HAL_TIMEx_BreakCallback
 .text.HAL_TIMEx_Break2Callback
                0x0000000008004410        0x2 Drivers/STM32F3xx_HAL_Driver/Src/stm32f3xx_hal_tim_ex.o
                0x0000000008004410                HAL_TIMEx_Break2Callback
 *fill*         0x0000000008004412        0x2 
 .text.osKernelInitialize
                0x0000000008004414       0x44 Middlewares/Third_Party/FreeRTOS/Source/CMSIS_RTOS_V2/cmsis_os2.o
                0x0000000008004414                osKernelInitialize
 .text.osKernelStart
                0x0000000008004458       0x4c Middlewares/Third_Party/FreeRTOS/Source/CMSIS_RTOS_V2/cmsis_os2.o
                0x0000000008004458                osKernelStart
 .text.osThreadNew
                0x00000000080044a4       0xe8 Middlewares/Third_Party/FreeRTOS/Source/CMSIS_RTOS_V2/cmsis_os2.o
                0x00000000080044a4                osThreadNew
 .text.osThreadFlagsSet
                0x000000000800458c       0x90 Middlewares/Third_Party/FreeRTOS/Source/CMSIS_RTOS_V2/cmsis_os2.o
                0x000000000800458c                osThreadFlagsSet
 .text.osThreadFlagsClear
                0x000000000800461c       0x7c Middlewares/Third_Party/FreeRTOS/Source/CMSIS_RTOS_V2/cmsis_os2.o
                0x000000000800461c                osThreadFlagsClear
 .text.osThreadFlagsWait
                0x0000000008004698       0xcc Middlewares/Third_Party/FreeRTOS/Source/CMSIS_RTOS_V2/cmsis_os2.o
                0x0000000008004698                osThreadFlagsWait
 .text.osDelay  0x0000000008004764       0x44 Middlewares/Third_Party/FreeRTOS/Source/CMSIS_RTOS_V2/cmsis_os2.o
                0x0000000008004764                osDelay
 .text.osMessageQueueNew
                0x00000000080047a8       0xc0 Middlewares/Third_Party/FreeRTOS/Source/CMSIS_RTOS_V2/cmsis_os2.o
                0x00000000080047a8                osMessageQueueNew
 .text.osMessageQueuePut
                0x0000000008004868       0xa4 Middlewares/Third_Party/FreeRTOS/Source/CMSIS_RTOS_V2/cmsis_os2.o
                0x0000000008004868                osMessageQueuePut
 .text.osMessageQueueGet
                0x000000000800490c       0xa4 Middlewares/Third_Party/FreeRTOS/Source/CMSIS_RTOS_V2/cmsis_os2.o
                0x000000000800490c                osMessageQueueGet
 .text.osMessageQueueGetCount
                0x00000000080049b0       0x34 Middlewares/Third_Party/FreeRTOS/Source/CMSIS_RTOS_V2/cmsis_os2.o
                0x00000000080049b0                osMessageQueueGetCount
 .text.osMessageQueueReset
                0x00000000080049e4       0x48 Middlewares/Third_Party/FreeRTOS/Source/CMSIS_RTOS_V2/cmsis_os2.o
                0x00000000080049e4                osMessageQueueReset
 .text.vApplicationGetIdleTaskMemory
                0x0000000008004a2c       0x18 Middlewares/Third_Party/FreeRTOS/Source/CMSIS_RTOS_V2/cmsis_os2.o
                0x0000000008004a2c                vApplicationGetIdleTaskMemory
 .text.vApplicationGetTimerTaskMemory
                0x0000000008004a44       0x18 Middlewares/Third_Party/FreeRTOS/Source/CMSIS_RTOS_V2/cmsis_os2.o
                0x0000000008004a44                vApplicationGetTimerTaskMemory
 .text.vListInitialise
                0x0000000008004a5c       0x16 Middlewares/Third_Party/FreeRTOS/Source/list.o
                0x0000000008004a5c                vListInitialise
 .text.vListInitialiseItem
                0x0000000008004a72        0x6 Middlewares/Third_Party/FreeRTOS/Source/list.o
                0x0000000008004a72                vListInitialiseItem
 .text.vListInsertEnd
                0x0000000008004a78       0x18 Middlewares/Third_Party/FreeRTOS/Source/list.o
                0x0000000008004a78                vListInsertEnd
 .text.vListInsert
                0x0000000008004a90       0x34 Middlewares/Third_Party/FreeRTOS/Source/list.o
                0x0000000008004a90                vListInsert
 .text.uxListRemove
                0x0000000008004ac4       0x28 Middlewares/Third_Party/FreeRTOS/Source/list.o
                0x0000000008004ac4                uxListRemove
 .text.prvIsQueueFull
                0x0000000008004aec       0x1e Middlewares/Third_Party/FreeRTOS/Source/queue.o
 .text.prvIsQueueEmpty
                0x0000000008004b0a       0x1a Middlewares/Third_Party/FreeRTOS/Source/queue.o
 .text.prvCopyDataToQueue
                0x0000000008004b24       0x76 Middlewares/Third_Party/FreeRTOS/Source/queue.o
 .text.prvCopyDataFromQueue
                0x0000000008004b9a       0x24 Middlewares/Third_Party/FreeRTOS/Source/queue.o
 .text.prvUnlockQueue
                0x0000000008004bbe       0x6e Middlewares/Third_Party/FreeRTOS/Source/queue.o
 .text.xQueueGenericReset
                0x0000000008004c2c       0x84 Middlewares/Third_Party/FreeRTOS/Source/queue.o
                0x0000000008004c2c                xQueueGenericReset
 .text.prvInitialiseNewQueue
                0x0000000008004cb0       0x22 Middlewares/Third_Party/FreeRTOS/Source/queue.o
 .text.xQueueGenericCreateStatic
                0x0000000008004cd2       0x90 Middlewares/Third_Party/FreeRTOS/Source/queue.o
                0x0000000008004cd2                xQueueGenericCreateStatic
 .text.xQueueGenericCreate
                0x0000000008004d62       0x4e Middlewares/Third_Party/FreeRTOS/Source/queue.o
                0x0000000008004d62                xQueueGenericCreate
 .text.xQueueGenericSend
                0x0000000008004db0      0x17c Middlewares/Third_Party/FreeRTOS/Source/queue.o
                0x0000000008004db0                xQueueGenericSend
 .text.xQueueGenericSendFromISR
                0x0000000008004f2c       0xcc Middlewares/Third_Party/FreeRTOS/Source/queue.o
                0x0000000008004f2c                xQueueGenericSendFromISR
 .text.xQueueReceive
                0x0000000008004ff8      0x158 Middlewares/Third_Party/FreeRTOS/Source/queue.o
                0x0000000008004ff8                xQueueReceive
 .text.xQueueReceiveFromISR
                0x0000000008005150       0xaa Middlewares/Third_Party/FreeRTOS/Source/queue.o
                0x0000000008005150                xQueueReceiveFromISR
 .text.uxQueueMessagesWaiting
                0x00000000080051fa       0x26 Middlewares/Third_Party/FreeRTOS/Source/queue.o
                0x00000000080051fa                uxQueueMessagesWaiting
 .text.uxQueueMessagesWaitingFromISR
                0x0000000008005220       0x18 Middlewares/Third_Party/FreeRTOS/Source/queue.o
                0x0000000008005220                uxQueueMessagesWaitingFromISR
 .text.vQueueAddToRegistry
                0x0000000008005238       0x28 Middlewares/Third_Party/FreeRTOS/Source/queue.o
                0x0000000008005238                vQueueAddToRegistry
 .text.vQueueWaitForMessageRestricted
                0x0000000008005260       0x52 Middlewares/Third_Party/FreeRTOS/Source/queue.o
                0x0000000008005260                vQueueWaitForMessageRestricted
 *fill*         0x00000000080052b2        0x2 
 .text.prvResetNextTaskUnblockTime
                0x00000000080052b4       0x2c Middlewares/Third_Party/FreeRTOS/Source/tasks.o
 .text.prvInitialiseNewTask
                0x00000000080052e0       0x90 Middlewares/Third_Party/FreeRTOS/Source/tasks.o
 .text.prvInitialiseTaskLists
                0x0000000008005370       0x68 Middlewares/Third_Party/FreeRTOS/Source/tasks.o
 .text.prvAddNewTaskToReadyList
                0x00000000080053d8       0xac Middlewares/Third_Party/FreeRTOS/Source/tasks.o
 .text.prvDeleteTCB
                0x0000000008005484       0x38 Middlewares/Third_Party/FreeRTOS/Source/tasks.o
 .text.prvCheckTasksWaitingTermination
                0x00000000080054bc       0x4c Middlewares/Third_Party/FreeRTOS/Source/tasks.o
 .text.prvIdleTask
                0x0000000008005508       0x28 Middlewares/Third_Party/FreeRTOS/Source/tasks.o
 .text.prvAddCurrentTaskToDelayedList
                0x0000000008005530       0x7c Middlewares/Third_Party/FreeRTOS/Source/tasks.o
 .text.xTaskCreateStatic
                0x00000000080055ac       0x72 Middlewares/Third_Party/FreeRTOS/Source/tasks.o
                0x00000000080055ac                xTaskCreateStatic
 .text.xTaskCreate
                0x000000000800561e       0x66 Middlewares/Third_Party/FreeRTOS/Source/tasks.o
                0x000000000800561e                xTaskCreate
 .text.vTaskStartScheduler
                0x0000000008005684       0x94 Middlewares/Third_Party/FreeRTOS/Source/tasks.o
                0x0000000008005684                vTaskStartScheduler
 .text.vTaskSuspendAll
                0x0000000008005718       0x10 Middlewares/Third_Party/FreeRTOS/Source/tasks.o
                0x0000000008005718                vTaskSuspendAll
 .text.xTaskGetTickCount
                0x0000000008005728        0xc Middlewares/Third_Party/FreeRTOS/Source/tasks.o
                0x0000000008005728                xTaskGetTickCount
 .text.xTaskIncrementTick
                0x0000000008005734      0x118 Middlewares/Third_Party/FreeRTOS/Source/tasks.o
                0x0000000008005734                xTaskIncrementTick
 .text.xTaskResumeAll
                0x000000000800584c       0xf4 Middlewares/Third_Party/FreeRTOS/Source/tasks.o
                0x000000000800584c                xTaskResumeAll
 .text.vTaskDelay
                0x0000000008005940       0x4c Middlewares/Third_Party/FreeRTOS/Source/tasks.o
                0x0000000008005940                vTaskDelay
 .text.vTaskSwitchContext
                0x000000000800598c       0x98 Middlewares/Third_Party/FreeRTOS/Source/tasks.o
                0x000000000800598c                vTaskSwitchContext
 .text.vTaskPlaceOnEventList
                0x0000000008005a24       0x30 Middlewares/Third_Party/FreeRTOS/Source/tasks.o
                0x0000000008005a24                vTaskPlaceOnEventList
 .text.vTaskPlaceOnEventListRestricted
                0x0000000008005a54       0x38 Middlewares/Third_Party/FreeRTOS/Source/tasks.o
                0x0000000008005a54                vTaskPlaceOnEventListRestricted
 .text.xTaskRemoveFromEventList
                0x0000000008005a8c       0x8c Middlewares/Third_Party/FreeRTOS/Source/tasks.o
                0x0000000008005a8c                xTaskRemoveFromEventList
 .text.vTaskInternalSetTimeOutState
                0x0000000008005b18       0x18 Middlewares/Third_Party/FreeRTOS/Source/tasks.o
                0x0000000008005b18                vTaskInternalSetTimeOutState
 .text.xTaskCheckForTimeOut
                0x0000000008005b30       0x80 Middlewares/Third_Party/FreeRTOS/Source/tasks.o
                0x0000000008005b30                xTaskCheckForTimeOut
 .text.vTaskMissedYield
                0x0000000008005bb0        0xc Middlewares/Third_Party/FreeRTOS/Source/tasks.o
                0x0000000008005bb0                vTaskMissedYield
 .text.xTaskGetCurrentTaskHandle
                0x0000000008005bbc        0xc Middlewares/Third_Party/FreeRTOS/Source/tasks.o
                0x0000000008005bbc                xTaskGetCurrentTaskHandle
 .text.xTaskGetSchedulerState
                0x0000000008005bc8       0x20 Middlewares/Third_Party/FreeRTOS/Source/tasks.o
                0x0000000008005bc8                xTaskGetSchedulerState
 .text.xTaskPriorityDisinherit
                0x0000000008005be8       0x90 Middlewares/Third_Party/FreeRTOS/Source/tasks.o
                0x0000000008005be8                xTaskPriorityDisinherit
 .text.xTaskNotifyWait
                0x0000000008005c78       0x98 Middlewares/Third_Party/FreeRTOS/Source/tasks.o
                0x0000000008005c78                xTaskNotifyWait
 .text.xTaskGenericNotify
                0x0000000008005d10       0xe0 Middlewares/Third_Party/FreeRTOS/Source/tasks.o
                0x0000000008005d10                xTaskGenericNotify
 .text.xTaskGenericNotifyFromISR
                0x0000000008005df0      0x120 Middlewares/Third_Party/FreeRTOS/Source/tasks.o
                0x0000000008005df0                xTaskGenericNotifyFromISR
 .text.prvGetNextExpireTime
                0x0000000008005f10       0x20 Middlewares/Third_Party/FreeRTOS/Source/timers.o
 .text.prvInsertTimerInActiveList
                0x0000000008005f30       0x48 Middlewares/Third_Party/FreeRTOS/Source/timers.o
 .text.prvCheckForValidListAndQueue
                0x0000000008005f78       0x70 Middlewares/Third_Party/FreeRTOS/Source/timers.o
 .text.xTimerCreateTimerTask
                0x0000000008005fe8       0x64 Middlewares/Third_Party/FreeRTOS/Source/timers.o
                0x0000000008005fe8                xTimerCreateTimerTask
 .text.xTimerGenericCommand
                0x000000000800604c       0x6c Middlewares/Third_Party/FreeRTOS/Source/timers.o
                0x000000000800604c                xTimerGenericCommand
 .text.prvSwitchTimerLists
                0x00000000080060b8       0x78 Middlewares/Third_Party/FreeRTOS/Source/timers.o
 .text.prvSampleTimeNow
                0x0000000008006130       0x2c Middlewares/Third_Party/FreeRTOS/Source/timers.o
 .text.prvProcessExpiredTimer
                0x000000000800615c       0x60 Middlewares/Third_Party/FreeRTOS/Source/timers.o
 .text.prvProcessTimerOrBlockTask
                0x00000000080061bc       0x74 Middlewares/Third_Party/FreeRTOS/Source/timers.o
 .text.prvProcessReceivedCommands
                0x0000000008006230       0xfc Middlewares/Third_Party/FreeRTOS/Source/timers.o
 .text.prvTimerTask
                0x000000000800632c       0x16 Middlewares/Third_Party/FreeRTOS/Source/timers.o
 *fill*         0x0000000008006342        0x2 
 .text.prvTaskExitError
                0x0000000008006344       0x40 Middlewares/Third_Party/FreeRTOS/Source/portable/GCC/ARM_CM4F/port.o
 .text.prvPortStartFirstTask
                0x0000000008006384       0x28 Middlewares/Third_Party/FreeRTOS/Source/portable/GCC/ARM_CM4F/port.o
 .text.vPortEnableVFP
                0x00000000080063ac       0x14 Middlewares/Third_Party/FreeRTOS/Source/portable/GCC/ARM_CM4F/port.o
 .text.pxPortInitialiseStack
                0x00000000080063c0       0x2c Middlewares/Third_Party/FreeRTOS/Source/portable/GCC/ARM_CM4F/port.o
                0x00000000080063c0                pxPortInitialiseStack
 *fill*         0x00000000080063ec        0x4 
 .text.SVC_Handler
                0x00000000080063f0       0x24 Middlewares/Third_Party/FreeRTOS/Source/portable/GCC/ARM_CM4F/port.o
                0x00000000080063f0                SVC_Handler
 .text.vPortEnterCritical
                0x0000000008006414       0x44 Middlewares/Third_Party/FreeRTOS/Source/portable/GCC/ARM_CM4F/port.o
                0x0000000008006414                vPortEnterCritical
 .text.vPortExitCritical
                0x0000000008006458       0x2c Middlewares/Third_Party/FreeRTOS/Source/portable/GCC/ARM_CM4F/port.o
                0x0000000008006458                vPortExitCritical
 *fill*         0x0000000008006484        0xc 
 .text.PendSV_Handler
                0x0000000008006490       0x64 Middlewares/Third_Party/FreeRTOS/Source/portable/GCC/ARM_CM4F/port.o
                0x0000000008006490                PendSV_Handler
 .text.SysTick_Handler
                0x00000000080064f4       0x2c Middlewares/Third_Party/FreeRTOS/Source/portable/GCC/ARM_CM4F/port.o
                0x00000000080064f4                SysTick_Handler
 .text.vPortSetupTimerInterrupt
                0x0000000008006520       0x38 Middlewares/Third_Party/FreeRTOS/Source/portable/GCC/ARM_CM4F/port.o
                0x0000000008006520                vPortSetupTimerInterrupt
 .text.xPortStartScheduler
                0x0000000008006558      0x110 Middlewares/Third_Party/FreeRTOS/Source/portable/GCC/ARM_CM4F/port.o
                0x0000000008006558                xPortStartScheduler
 .text.vPortValidateInterruptPriority
                0x0000000008006668       0x5c Middlewares/Third_Party/FreeRTOS/Source/portable/GCC/ARM_CM4F/port.o
                0x0000000008006668                vPortValidateInterruptPriority
 .text.prvHeapInit
                0x00000000080066c4       0x68 Middlewares/Third_Party/FreeRTOS/Source/portable/MemMang/heap_4.o
 .text.prvInsertBlockIntoFreeList
                0x000000000800672c       0x58 Middlewares/Third_Party/FreeRTOS/Source/portable/MemMang/heap_4.o
 .text.pvPortMalloc
                0x0000000008006784      0x108 Middlewares/Third_Party/FreeRTOS/Source/portable/MemMang/heap_4.o
                0x0000000008006784                pvPortMalloc
 .text.vPortFree
                0x000000000800688c       0x70 Middlewares/Third_Party/FreeRTOS/Source/portable/MemMang/heap_4.o
                0x000000000800688c                vPortFree
 .text.__libc_init_array
                0x00000000080068fc       0x48 c:/st/stm32cubeide_1.2.0/stm32cubeide/plugins/com.st.stm32cube.ide.mcu.externaltools.gnu-tools-for-stm32.7-2018-q2-update.win32_1.0.0.201904181610/tools/bin/../lib/gcc/arm-none-eabi/7.3.1/../../../../arm-none-eabi/lib/thumb/v7e-m/fpv4-sp/hard\libc_nano.a(lib_a-init.o)
                0x00000000080068fc                __libc_init_array
 .text.memcpy   0x0000000008006944       0x16 c:/st/stm32cubeide_1.2.0/stm32cubeide/plugins/com.st.stm32cube.ide.mcu.externaltools.gnu-tools-for-stm32.7-2018-q2-update.win32_1.0.0.201904181610/tools/bin/../lib/gcc/arm-none-eabi/7.3.1/../../../../arm-none-eabi/lib/thumb/v7e-m/fpv4-sp/hard\libc_nano.a(lib_a-memcpy-stub.o)
                0x0000000008006944                memcpy
 .text.memset   0x000000000800695a       0x10 c:/st/stm32cubeide_1.2.0/stm32cubeide/plugins/com.st.stm32cube.ide.mcu.externaltools.gnu-tools-for-stm32.7-2018-q2-update.win32_1.0.0.201904181610/tools/bin/../lib/gcc/arm-none-eabi/7.3.1/../../../../arm-none-eabi/lib/thumb/v7e-m/fpv4-sp/hard\libc_nano.a(lib_a-memset.o)
                0x000000000800695a                memset
 *(.glue_7)
 .glue_7        0x000000000800696a        0x0 linker stubs
 *(.glue_7t)
 .glue_7t       0x000000000800696a        0x0 linker stubs
 *(.eh_frame)
 *fill*         0x000000000800696a        0x2 
 .eh_frame      0x000000000800696c        0x0 c:/st/stm32cubeide_1.2.0/stm32cubeide/plugins/com.st.stm32cube.ide.mcu.externaltools.gnu-tools-for-stm32.7-2018-q2-update.win32_1.0.0.201904181610/tools/bin/../lib/gcc/arm-none-eabi/7.3.1/thumb/v7e-m/fpv4-sp/hard/crtbegin.o
 *(.init)
 .init          0x000000000800696c        0x4 c:/st/stm32cubeide_1.2.0/stm32cubeide/plugins/com.st.stm32cube.ide.mcu.externaltools.gnu-tools-for-stm32.7-2018-q2-update.win32_1.0.0.201904181610/tools/bin/../lib/gcc/arm-none-eabi/7.3.1/thumb/v7e-m/fpv4-sp/hard/crti.o
                0x000000000800696c                _init
 .init          0x0000000008006970        0x8 c:/st/stm32cubeide_1.2.0/stm32cubeide/plugins/com.st.stm32cube.ide.mcu.externaltools.gnu-tools-for-stm32.7-2018-q2-update.win32_1.0.0.201904181610/tools/bin/../lib/gcc/arm-none-eabi/7.3.1/thumb/v7e-m/fpv4-sp/hard/crtn.o
 *(.fini)
 .fini          0x0000000008006978        0x4 c:/st/stm32cubeide_1.2.0/stm32cubeide/plugins/com.st.stm32cube.ide.mcu.externaltools.gnu-tools-for-stm32.7-2018-q2-update.win32_1.0.0.201904181610/tools/bin/../lib/gcc/arm-none-eabi/7.3.1/thumb/v7e-m/fpv4-sp/hard/crti.o
                0x0000000008006978                _fini
 .fini          0x000000000800697c        0x8 c:/st/stm32cubeide_1.2.0/stm32cubeide/plugins/com.st.stm32cube.ide.mcu.externaltools.gnu-tools-for-stm32.7-2018-q2-update.win32_1.0.0.201904181610/tools/bin/../lib/gcc/arm-none-eabi/7.3.1/thumb/v7e-m/fpv4-sp/hard/crtn.o
                0x0000000008006984                . = ALIGN (0x4)
                0x0000000008006984                _etext = .

.vfp11_veneer   0x0000000008006984        0x0
 .vfp11_veneer  0x0000000008006984        0x0 linker stubs

.v4_bx          0x0000000008006984        0x0
 .v4_bx         0x0000000008006984        0x0 linker stubs

.iplt           0x0000000008006984        0x0
 .iplt          0x0000000008006984        0x0 c:/st/stm32cubeide_1.2.0/stm32cubeide/plugins/com.st.stm32cube.ide.mcu.externaltools.gnu-tools-for-stm32.7-2018-q2-update.win32_1.0.0.201904181610/tools/bin/../lib/gcc/arm-none-eabi/7.3.1/thumb/v7e-m/fpv4-sp/hard/crtbegin.o

.rodata         0x0000000008006984       0xb8
                0x0000000008006984                . = ALIGN (0x4)
 *(.rodata)
 *(.rodata*)
 .rodata.MX_FREERTOS_Init.str1.4
                0x0000000008006984       0x36 Core/Src/freertos.o
 *fill*         0x00000000080069ba        0x2 
 .rodata.defaultTask_attributes
                0x00000000080069bc       0x24 Core/Src/freertos.o
                0x00000000080069bc                defaultTask_attributes
 .rodata.str1.4
                0x00000000080069e0        0xc Core/Src/freertos.o
 .rodata.AHBPrescTable
                0x00000000080069ec       0x10 Core/Src/system_stm32f3xx.o
                0x00000000080069ec                AHBPrescTable
 .rodata.APBPrescTable
                0x00000000080069fc        0x8 Core/Src/system_stm32f3xx.o
                0x00000000080069fc                APBPrescTable
 .rodata.aPLLMULFactorTable
                0x0000000008006a04       0x10 Drivers/STM32F3xx_HAL_Driver/Src/stm32f3xx_hal_rcc.o
                0x0000000008006a04                aPLLMULFactorTable
 .rodata.aPredivFactorTable
                0x0000000008006a14       0x10 Drivers/STM32F3xx_HAL_Driver/Src/stm32f3xx_hal_rcc.o
                0x0000000008006a14                aPredivFactorTable
 .rodata.vTaskStartScheduler.str1.4
                0x0000000008006a24        0x5 Middlewares/Third_Party/FreeRTOS/Source/tasks.o
 *fill*         0x0000000008006a29        0x3 
 .rodata.prvCheckForValidListAndQueue.str1.4
                0x0000000008006a2c        0x5 Middlewares/Third_Party/FreeRTOS/Source/timers.o
 *fill*         0x0000000008006a31        0x3 
 .rodata.xTimerCreateTimerTask.str1.4
                0x0000000008006a34        0x8 Middlewares/Third_Party/FreeRTOS/Source/timers.o
                0x0000000008006a3c                . = ALIGN (0x4)

.rel.dyn        0x0000000008006a3c        0x0
 .rel.iplt      0x0000000008006a3c        0x0 c:/st/stm32cubeide_1.2.0/stm32cubeide/plugins/com.st.stm32cube.ide.mcu.externaltools.gnu-tools-for-stm32.7-2018-q2-update.win32_1.0.0.201904181610/tools/bin/../lib/gcc/arm-none-eabi/7.3.1/thumb/v7e-m/fpv4-sp/hard/crtbegin.o

.ARM.extab      0x0000000008006a3c        0x0
                0x0000000008006a3c                . = ALIGN (0x4)
 *(.ARM.extab* .gnu.linkonce.armextab.*)
                0x0000000008006a3c                . = ALIGN (0x4)

.ARM            0x0000000008006a3c        0x0
                0x0000000008006a3c                . = ALIGN (0x4)
                0x0000000008006a3c                __exidx_start = .
 *(.ARM.exidx*)
                0x0000000008006a3c                __exidx_end = .
                0x0000000008006a3c                . = ALIGN (0x4)

.preinit_array  0x0000000008006a3c        0x0
                0x0000000008006a3c                . = ALIGN (0x4)
                0x0000000008006a3c                PROVIDE (__preinit_array_start = .)
 *(.preinit_array*)
                0x0000000008006a3c                PROVIDE (__preinit_array_end = .)
                0x0000000008006a3c                . = ALIGN (0x4)

.init_array     0x0000000008006a3c        0x4
                0x0000000008006a3c                . = ALIGN (0x4)
                0x0000000008006a3c                PROVIDE (__init_array_start = .)
 *(SORT_BY_NAME(.init_array.*))
 *(.init_array*)
 .init_array    0x0000000008006a3c        0x4 c:/st/stm32cubeide_1.2.0/stm32cubeide/plugins/com.st.stm32cube.ide.mcu.externaltools.gnu-tools-for-stm32.7-2018-q2-update.win32_1.0.0.201904181610/tools/bin/../lib/gcc/arm-none-eabi/7.3.1/thumb/v7e-m/fpv4-sp/hard/crtbegin.o
                0x0000000008006a40                PROVIDE (__init_array_end = .)
                0x0000000008006a40                . = ALIGN (0x4)

.fini_array     0x0000000008006a40        0x4
                0x0000000008006a40                . = ALIGN (0x4)
                [!provide]                        PROVIDE (__fini_array_start = .)
 *(SORT_BY_NAME(.fini_array.*))
 *(.fini_array*)
 .fini_array    0x0000000008006a40        0x4 c:/st/stm32cubeide_1.2.0/stm32cubeide/plugins/com.st.stm32cube.ide.mcu.externaltools.gnu-tools-for-stm32.7-2018-q2-update.win32_1.0.0.201904181610/tools/bin/../lib/gcc/arm-none-eabi/7.3.1/thumb/v7e-m/fpv4-sp/hard/crtbegin.o
                [!provide]                        PROVIDE (__fini_array_end = .)
                0x0000000008006a44                . = ALIGN (0x4)
                0x0000000008006a44                _sidata = LOADADDR (.data)

.data           0x0000000020000000       0x10 load address 0x0000000008006a44
                0x0000000020000000                . = ALIGN (0x4)
                0x0000000020000000                _sdata = .
 *(.data)
 *(.data*)
 .data.SystemCoreClock
                0x0000000020000000        0x4 Core/Src/system_stm32f3xx.o
                0x0000000020000000                SystemCoreClock
 .data.uwTickFreq
                0x0000000020000004        0x1 Drivers/STM32F3xx_HAL_Driver/Src/stm32f3xx_hal.o
                0x0000000020000004                uwTickFreq
 *fill*         0x0000000020000005        0x3 
 .data.uwTickPrio
                0x0000000020000008        0x4 Drivers/STM32F3xx_HAL_Driver/Src/stm32f3xx_hal.o
                0x0000000020000008                uwTickPrio
 .data.uxCriticalNesting
                0x000000002000000c        0x4 Middlewares/Third_Party/FreeRTOS/Source/portable/GCC/ARM_CM4F/port.o
                0x0000000020000010                . = ALIGN (0x4)
                0x0000000020000010                _edata = .

.igot.plt       0x0000000020000010        0x0 load address 0x0000000008006a54
 .igot.plt      0x0000000020000010        0x0 c:/st/stm32cubeide_1.2.0/stm32cubeide/plugins/com.st.stm32cube.ide.mcu.externaltools.gnu-tools-for-stm32.7-2018-q2-update.win32_1.0.0.201904181610/tools/bin/../lib/gcc/arm-none-eabi/7.3.1/thumb/v7e-m/fpv4-sp/hard/crtbegin.o
                0x0000000020000010                . = ALIGN (0x4)

.bss            0x0000000020000010     0x24c4 load address 0x0000000008006a54
                0x0000000020000010                _sbss = .
                0x0000000020000010                __bss_start__ = _sbss
 *(.bss)
 .bss           0x0000000020000010       0x1c c:/st/stm32cubeide_1.2.0/stm32cubeide/plugins/com.st.stm32cube.ide.mcu.externaltools.gnu-tools-for-stm32.7-2018-q2-update.win32_1.0.0.201904181610/tools/bin/../lib/gcc/arm-none-eabi/7.3.1/thumb/v7e-m/fpv4-sp/hard/crtbegin.o
 *(.bss*)
 .bss.logTracking
                0x000000002000002c        0x1 Core/Src/inter_processor_comms.o
                0x000000002000002c                logTracking
 *fill*         0x000000002000002d        0x3 
 .bss.buffer    0x0000000020000030        0x6 Core/Src/thermopile.o
                0x0000000020000030                buffer
 .bss.complete  0x0000000020000036        0x1 Core/Src/thermopile.o
                0x0000000020000036                complete
 .bss.i         0x0000000020000037        0x1 Core/Src/thermopile.o
                0x0000000020000037                i
 .bss.Idle_Stack
                0x0000000020000038      0x200 Middlewares/Third_Party/FreeRTOS/Source/CMSIS_RTOS_V2/cmsis_os2.o
 .bss.Idle_TCB  0x0000000020000238       0x5c Middlewares/Third_Party/FreeRTOS/Source/CMSIS_RTOS_V2/cmsis_os2.o
 .bss.KernelState
                0x0000000020000294        0x4 Middlewares/Third_Party/FreeRTOS/Source/CMSIS_RTOS_V2/cmsis_os2.o
 .bss.Timer_Stack
                0x0000000020000298      0x400 Middlewares/Third_Party/FreeRTOS/Source/CMSIS_RTOS_V2/cmsis_os2.o
 .bss.Timer_TCB
                0x0000000020000698       0x5c Middlewares/Third_Party/FreeRTOS/Source/CMSIS_RTOS_V2/cmsis_os2.o
 .bss.pxCurrentTCB
                0x00000000200006f4        0x4 Middlewares/Third_Party/FreeRTOS/Source/tasks.o
                0x00000000200006f4                pxCurrentTCB
 .bss.pxDelayedTaskList
                0x00000000200006f8        0x4 Middlewares/Third_Party/FreeRTOS/Source/tasks.o
 .bss.pxOverflowDelayedTaskList
                0x00000000200006fc        0x4 Middlewares/Third_Party/FreeRTOS/Source/tasks.o
 .bss.pxReadyTasksLists
                0x0000000020000700      0x460 Middlewares/Third_Party/FreeRTOS/Source/tasks.o
 .bss.uxCurrentNumberOfTasks
                0x0000000020000b60        0x4 Middlewares/Third_Party/FreeRTOS/Source/tasks.o
 .bss.uxDeletedTasksWaitingCleanUp
                0x0000000020000b64        0x4 Middlewares/Third_Party/FreeRTOS/Source/tasks.o
 .bss.uxPendedTicks
                0x0000000020000b68        0x4 Middlewares/Third_Party/FreeRTOS/Source/tasks.o
 .bss.uxSchedulerSuspended
                0x0000000020000b6c        0x4 Middlewares/Third_Party/FreeRTOS/Source/tasks.o
 .bss.uxTaskNumber
                0x0000000020000b70        0x4 Middlewares/Third_Party/FreeRTOS/Source/tasks.o
 .bss.uxTopReadyPriority
                0x0000000020000b74        0x4 Middlewares/Third_Party/FreeRTOS/Source/tasks.o
 .bss.xDelayedTaskList1
                0x0000000020000b78       0x14 Middlewares/Third_Party/FreeRTOS/Source/tasks.o
 .bss.xDelayedTaskList2
                0x0000000020000b8c       0x14 Middlewares/Third_Party/FreeRTOS/Source/tasks.o
 .bss.xNextTaskUnblockTime
                0x0000000020000ba0        0x4 Middlewares/Third_Party/FreeRTOS/Source/tasks.o
 .bss.xNumOfOverflows
                0x0000000020000ba4        0x4 Middlewares/Third_Party/FreeRTOS/Source/tasks.o
 .bss.xPendingReadyList
                0x0000000020000ba8       0x14 Middlewares/Third_Party/FreeRTOS/Source/tasks.o
 .bss.xSchedulerRunning
                0x0000000020000bbc        0x4 Middlewares/Third_Party/FreeRTOS/Source/tasks.o
 .bss.xSuspendedTaskList
                0x0000000020000bc0       0x14 Middlewares/Third_Party/FreeRTOS/Source/tasks.o
 .bss.xTasksWaitingTermination
                0x0000000020000bd4       0x14 Middlewares/Third_Party/FreeRTOS/Source/tasks.o
 .bss.xTickCount
                0x0000000020000be8        0x4 Middlewares/Third_Party/FreeRTOS/Source/tasks.o
 .bss.xYieldPending
                0x0000000020000bec        0x4 Middlewares/Third_Party/FreeRTOS/Source/tasks.o
 .bss.pxCurrentTimerList
                0x0000000020000bf0        0x4 Middlewares/Third_Party/FreeRTOS/Source/timers.o
 .bss.pxOverflowTimerList
                0x0000000020000bf4        0x4 Middlewares/Third_Party/FreeRTOS/Source/timers.o
 .bss.ucStaticTimerQueueStorage.6778
                0x0000000020000bf8       0xa0 Middlewares/Third_Party/FreeRTOS/Source/timers.o
 .bss.xActiveTimerList1
                0x0000000020000c98       0x14 Middlewares/Third_Party/FreeRTOS/Source/timers.o
 .bss.xActiveTimerList2
                0x0000000020000cac       0x14 Middlewares/Third_Party/FreeRTOS/Source/timers.o
 .bss.xLastTime.6727
                0x0000000020000cc0        0x4 Middlewares/Third_Party/FreeRTOS/Source/timers.o
 .bss.xStaticTimerQueue.6777
                0x0000000020000cc4       0x50 Middlewares/Third_Party/FreeRTOS/Source/timers.o
 .bss.xTimerQueue
                0x0000000020000d14        0x4 Middlewares/Third_Party/FreeRTOS/Source/timers.o
 .bss.xTimerTaskHandle
                0x0000000020000d18        0x4 Middlewares/Third_Party/FreeRTOS/Source/timers.o
 .bss.ucMaxSysCallPriority
                0x0000000020000d1c        0x1 Middlewares/Third_Party/FreeRTOS/Source/portable/GCC/ARM_CM4F/port.o
 *fill*         0x0000000020000d1d        0x3 
 .bss.ulMaxPRIGROUPValue
                0x0000000020000d20        0x4 Middlewares/Third_Party/FreeRTOS/Source/portable/GCC/ARM_CM4F/port.o
 .bss.pxEnd     0x0000000020000d24        0x4 Middlewares/Third_Party/FreeRTOS/Source/portable/MemMang/heap_4.o
 .bss.ucHeap    0x0000000020000d28     0x1388 Middlewares/Third_Party/FreeRTOS/Source/portable/MemMang/heap_4.o
 .bss.xBlockAllocatedBit
                0x00000000200020b0        0x4 Middlewares/Third_Party/FreeRTOS/Source/portable/MemMang/heap_4.o
 .bss.xFreeBytesRemaining
                0x00000000200020b4        0x4 Middlewares/Third_Party/FreeRTOS/Source/portable/MemMang/heap_4.o
 .bss.xMinimumEverFreeBytesRemaining
                0x00000000200020b8        0x4 Middlewares/Third_Party/FreeRTOS/Source/portable/MemMang/heap_4.o
 .bss.xStart    0x00000000200020bc        0x8 Middlewares/Third_Party/FreeRTOS/Source/portable/MemMang/heap_4.o
 *(COMMON)
 COMMON         0x00000000200020c4       0x94 Core/Src/adc.o
                0x00000000200020c4                hadc1
                0x0000000020002114                hdma_adc1
 COMMON         0x0000000020002158       0x28 Core/Src/freertos.o
                0x0000000020002158                defaultTaskHandle
                0x000000002000215c                sendMsgToMainTaskHandle
                0x0000000020002160                sendMsgToMainQueueHandle
                0x0000000020002164                thermMsgQueueHandle
                0x0000000020002168                togLoggingQueueHandle
                0x000000002000216c                masterThreadTaskHandle
                0x0000000020002170                interprocessMessageLockSem
                0x0000000020002174                messageI2C_LockSem
                0x0000000020002178                thermopileTaskHandle
                0x000000002000217c                receivePacketFromMainTaskHandle
 COMMON         0x0000000020002180       0x4c Core/Src/i2c.o
                0x0000000020002180                hi2c1
 COMMON         0x00000000200021cc       0x60 Core/Src/inter_processor_comms.o
                0x00000000200021cc                logMessage
                0x00000000200021d4                packetReceived
 COMMON         0x000000002000222c       0xd0 Core/Src/master_thread.o
                0x000000002000222c                togLogMessageReceived
                0x0000000020002234                thermMsgReceived
                0x0000000020002284                sensorPacket
                0x00000000200022dc                RTC_time
                0x00000000200022f0                prevLogMessage
                0x00000000200022f8                RTC_date
 COMMON         0x00000000200022fc       0x20 Core/Src/rtc.o
                0x00000000200022fc                hrtc
 COMMON         0x000000002000231c       0x64 Core/Src/spi.o
                0x000000002000231c                hspi3
 COMMON         0x0000000020002380       0x40 Core/Src/stm32f3xx_hal_timebase_tim.o
                0x0000000020002380                htim1
 COMMON         0x00000000200023c0       0x50 Core/Src/thermopile.o
                0x00000000200023c0                tempData
 COMMON         0x0000000020002410       0x80 Core/Src/tim.o
                0x0000000020002410                htim6
                0x0000000020002450                htim2
 COMMON         0x0000000020002490        0x4 Drivers/STM32F3xx_HAL_Driver/Src/stm32f3xx_hal.o
                0x0000000020002490                uwTick
 COMMON         0x0000000020002494       0x40 Middlewares/Third_Party/FreeRTOS/Source/queue.o
                0x0000000020002494                xQueueRegistry
                0x00000000200024d4                . = ALIGN (0x4)
                0x00000000200024d4                _ebss = .
                0x00000000200024d4                __bss_end__ = _ebss

._user_heap_stack
                0x00000000200024d4      0x604 load address 0x0000000008006a54
                0x00000000200024d8                . = ALIGN (0x8)
 *fill*         0x00000000200024d4        0x4 
                0x00000000200024d8                PROVIDE (end = .)
                [!provide]                        PROVIDE (_end = .)
                0x00000000200026d8                . = (. + _Min_Heap_Size)
 *fill*         0x00000000200024d8      0x200 
                0x0000000020002ad8                . = (. + _Min_Stack_Size)
 *fill*         0x00000000200026d8      0x400 
                0x0000000020002ad8                . = ALIGN (0x8)

/DISCARD/
 libc.a(*)
 libm.a(*)
 libgcc.a(*)

.ARM.attributes
                0x0000000000000000       0x30
 *(.ARM.attributes)
 .ARM.attributes
                0x0000000000000000       0x22 c:/st/stm32cubeide_1.2.0/stm32cubeide/plugins/com.st.stm32cube.ide.mcu.externaltools.gnu-tools-for-stm32.7-2018-q2-update.win32_1.0.0.201904181610/tools/bin/../lib/gcc/arm-none-eabi/7.3.1/thumb/v7e-m/fpv4-sp/hard/crti.o
 .ARM.attributes
                0x0000000000000022       0x34 c:/st/stm32cubeide_1.2.0/stm32cubeide/plugins/com.st.stm32cube.ide.mcu.externaltools.gnu-tools-for-stm32.7-2018-q2-update.win32_1.0.0.201904181610/tools/bin/../lib/gcc/arm-none-eabi/7.3.1/thumb/v7e-m/fpv4-sp/hard/crtbegin.o
 .ARM.attributes
                0x0000000000000056       0x39 Core/Src/adc.o
 .ARM.attributes
                0x000000000000008f       0x39 Core/Src/dma.o
 .ARM.attributes
                0x00000000000000c8       0x39 Core/Src/freertos.o
 .ARM.attributes
                0x0000000000000101       0x39 Core/Src/gpio.o
 .ARM.attributes
                0x000000000000013a       0x39 Core/Src/i2c.o
 .ARM.attributes
                0x0000000000000173       0x39 Core/Src/inter_processor_comms.o
 .ARM.attributes
                0x00000000000001ac       0x39 Core/Src/main.o
 .ARM.attributes
                0x00000000000001e5       0x39 Core/Src/master_thread.o
 .ARM.attributes
                0x000000000000021e       0x39 Core/Src/rtc.o
 .ARM.attributes
                0x0000000000000257       0x39 Core/Src/spi.o
 .ARM.attributes
                0x0000000000000290       0x39 Core/Src/stm32f3xx_hal_msp.o
 .ARM.attributes
                0x00000000000002c9       0x39 Core/Src/stm32f3xx_hal_timebase_tim.o
 .ARM.attributes
                0x0000000000000302       0x39 Core/Src/stm32f3xx_it.o
 .ARM.attributes
                0x000000000000033b       0x39 Core/Src/system_stm32f3xx.o
 .ARM.attributes
                0x0000000000000374       0x39 Core/Src/thermopile.o
 .ARM.attributes
                0x00000000000003ad       0x39 Core/Src/tim.o
 .ARM.attributes
                0x00000000000003e6       0x21 Core/Startup/startup_stm32f301k6ux.o
 .ARM.attributes
                0x0000000000000407       0x39 Drivers/STM32F3xx_HAL_Driver/Src/stm32f3xx_hal.o
 .ARM.attributes
                0x0000000000000440       0x39 Drivers/STM32F3xx_HAL_Driver/Src/stm32f3xx_hal_adc_ex.o
 .ARM.attributes
                0x0000000000000479       0x39 Drivers/STM32F3xx_HAL_Driver/Src/stm32f3xx_hal_cortex.o
 .ARM.attributes
                0x00000000000004b2       0x39 Drivers/STM32F3xx_HAL_Driver/Src/stm32f3xx_hal_dma.o
 .ARM.attributes
                0x00000000000004eb       0x39 Drivers/STM32F3xx_HAL_Driver/Src/stm32f3xx_hal_gpio.o
 .ARM.attributes
                0x0000000000000524       0x39 Drivers/STM32F3xx_HAL_Driver/Src/stm32f3xx_hal_i2c.o
 .ARM.attributes
                0x000000000000055d       0x39 Drivers/STM32F3xx_HAL_Driver/Src/stm32f3xx_hal_i2c_ex.o
 .ARM.attributes
                0x0000000000000596       0x39 Drivers/STM32F3xx_HAL_Driver/Src/stm32f3xx_hal_rcc.o
 .ARM.attributes
                0x00000000000005cf       0x39 Drivers/STM32F3xx_HAL_Driver/Src/stm32f3xx_hal_rcc_ex.o
 .ARM.attributes
                0x0000000000000608       0x39 Drivers/STM32F3xx_HAL_Driver/Src/stm32f3xx_hal_rtc.o
 .ARM.attributes
                0x0000000000000641       0x39 Drivers/STM32F3xx_HAL_Driver/Src/stm32f3xx_hal_spi.o
 .ARM.attributes
                0x000000000000067a       0x39 Drivers/STM32F3xx_HAL_Driver/Src/stm32f3xx_hal_tim.o
 .ARM.attributes
                0x00000000000006b3       0x39 Drivers/STM32F3xx_HAL_Driver/Src/stm32f3xx_hal_tim_ex.o
 .ARM.attributes
                0x00000000000006ec       0x39 Middlewares/Third_Party/FreeRTOS/Source/CMSIS_RTOS_V2/cmsis_os2.o
 .ARM.attributes
                0x0000000000000725       0x39 Middlewares/Third_Party/FreeRTOS/Source/list.o
 .ARM.attributes
                0x000000000000075e       0x39 Middlewares/Third_Party/FreeRTOS/Source/queue.o
 .ARM.attributes
                0x0000000000000797       0x39 Middlewares/Third_Party/FreeRTOS/Source/tasks.o
 .ARM.attributes
                0x00000000000007d0       0x39 Middlewares/Third_Party/FreeRTOS/Source/timers.o
 .ARM.attributes
                0x0000000000000809       0x39 Middlewares/Third_Party/FreeRTOS/Source/portable/GCC/ARM_CM4F/port.o
 .ARM.attributes
                0x0000000000000842       0x39 Middlewares/Third_Party/FreeRTOS/Source/portable/MemMang/heap_4.o
 .ARM.attributes
                0x000000000000087b       0x34 c:/st/stm32cubeide_1.2.0/stm32cubeide/plugins/com.st.stm32cube.ide.mcu.externaltools.gnu-tools-for-stm32.7-2018-q2-update.win32_1.0.0.201904181610/tools/bin/../lib/gcc/arm-none-eabi/7.3.1/../../../../arm-none-eabi/lib/thumb/v7e-m/fpv4-sp/hard\libc_nano.a(lib_a-init.o)
 .ARM.attributes
                0x00000000000008af       0x34 c:/st/stm32cubeide_1.2.0/stm32cubeide/plugins/com.st.stm32cube.ide.mcu.externaltools.gnu-tools-for-stm32.7-2018-q2-update.win32_1.0.0.201904181610/tools/bin/../lib/gcc/arm-none-eabi/7.3.1/../../../../arm-none-eabi/lib/thumb/v7e-m/fpv4-sp/hard\libc_nano.a(lib_a-memcpy-stub.o)
 .ARM.attributes
                0x00000000000008e3       0x34 c:/st/stm32cubeide_1.2.0/stm32cubeide/plugins/com.st.stm32cube.ide.mcu.externaltools.gnu-tools-for-stm32.7-2018-q2-update.win32_1.0.0.201904181610/tools/bin/../lib/gcc/arm-none-eabi/7.3.1/../../../../arm-none-eabi/lib/thumb/v7e-m/fpv4-sp/hard\libc_nano.a(lib_a-memset.o)
 .ARM.attributes
                0x0000000000000917       0x22 c:/st/stm32cubeide_1.2.0/stm32cubeide/plugins/com.st.stm32cube.ide.mcu.externaltools.gnu-tools-for-stm32.7-2018-q2-update.win32_1.0.0.201904181610/tools/bin/../lib/gcc/arm-none-eabi/7.3.1/thumb/v7e-m/fpv4-sp/hard/crtn.o
OUTPUT(stm32_altMCU_Code_v3.elf elf32-littlearm)

.debug_info     0x0000000000000000    0x2aced
 .debug_info    0x0000000000000000      0xbab Core/Src/adc.o
 .debug_info    0x0000000000000bab      0x3e8 Core/Src/dma.o
 .debug_info    0x0000000000000f93      0x61d Core/Src/freertos.o
 .debug_info    0x00000000000015b0      0x49a Core/Src/gpio.o
 .debug_info    0x0000000000001a4a      0xbd3 Core/Src/i2c.o
 .debug_info    0x000000000000261d      0xbd3 Core/Src/inter_processor_comms.o
 .debug_info    0x00000000000031f0     0x165d Core/Src/main.o
 .debug_info    0x000000000000484d     0x1347 Core/Src/master_thread.o
 .debug_info    0x0000000000005b94      0x601 Core/Src/rtc.o
 .debug_info    0x0000000000006195      0xaeb Core/Src/spi.o
 .debug_info    0x0000000000006c80      0x3e6 Core/Src/stm32f3xx_hal_msp.o
 .debug_info    0x0000000000007066      0xa23 Core/Src/stm32f3xx_hal_timebase_tim.o
 .debug_info    0x0000000000007a89      0xd07 Core/Src/stm32f3xx_it.o
 .debug_info    0x0000000000008790      0x460 Core/Src/system_stm32f3xx.o
 .debug_info    0x0000000000008bf0     0x1d69 Core/Src/thermopile.o
 .debug_info    0x000000000000a959      0xbeb Core/Src/tim.o
 .debug_info    0x000000000000b544       0x22 Core/Startup/startup_stm32f301k6ux.o
 .debug_info    0x000000000000b566      0x7f8 Drivers/STM32F3xx_HAL_Driver/Src/stm32f3xx_hal.o
 .debug_info    0x000000000000bd5e     0x1793 Drivers/STM32F3xx_HAL_Driver/Src/stm32f3xx_hal_adc_ex.o
 .debug_info    0x000000000000d4f1      0xcb3 Drivers/STM32F3xx_HAL_Driver/Src/stm32f3xx_hal_cortex.o
 .debug_info    0x000000000000e1a4      0x881 Drivers/STM32F3xx_HAL_Driver/Src/stm32f3xx_hal_dma.o
 .debug_info    0x000000000000ea25      0x705 Drivers/STM32F3xx_HAL_Driver/Src/stm32f3xx_hal_gpio.o
 .debug_info    0x000000000000f12a     0x390c Drivers/STM32F3xx_HAL_Driver/Src/stm32f3xx_hal_i2c.o
 .debug_info    0x0000000000012a36      0x8e7 Drivers/STM32F3xx_HAL_Driver/Src/stm32f3xx_hal_i2c_ex.o
 .debug_info    0x000000000001331d     0x1471 Drivers/STM32F3xx_HAL_Driver/Src/stm32f3xx_hal_rcc.o
 .debug_info    0x000000000001478e      0x70b Drivers/STM32F3xx_HAL_Driver/Src/stm32f3xx_hal_rcc_ex.o
 .debug_info    0x0000000000014e99      0xf12 Drivers/STM32F3xx_HAL_Driver/Src/stm32f3xx_hal_rtc.o
 .debug_info    0x0000000000015dab     0x1e59 Drivers/STM32F3xx_HAL_Driver/Src/stm32f3xx_hal_spi.o
 .debug_info    0x0000000000017c04     0x3402 Drivers/STM32F3xx_HAL_Driver/Src/stm32f3xx_hal_tim.o
 .debug_info    0x000000000001b006     0x156c Drivers/STM32F3xx_HAL_Driver/Src/stm32f3xx_hal_tim_ex.o
 .debug_info    0x000000000001c572     0x4b03 Middlewares/Third_Party/FreeRTOS/Source/CMSIS_RTOS_V2/cmsis_os2.o
 .debug_info    0x0000000000021075      0xac2 Middlewares/Third_Party/FreeRTOS/Source/list.o
 .debug_info    0x0000000000021b37     0x2c53 Middlewares/Third_Party/FreeRTOS/Source/queue.o
 .debug_info    0x000000000002478a     0x341e Middlewares/Third_Party/FreeRTOS/Source/tasks.o
 .debug_info    0x0000000000027ba8     0x1f75 Middlewares/Third_Party/FreeRTOS/Source/timers.o
 .debug_info    0x0000000000029b1d      0x56f Middlewares/Third_Party/FreeRTOS/Source/portable/GCC/ARM_CM4F/port.o
 .debug_info    0x000000000002a08c      0xc61 Middlewares/Third_Party/FreeRTOS/Source/portable/MemMang/heap_4.o

.debug_abbrev   0x0000000000000000     0x4e45
 .debug_abbrev  0x0000000000000000      0x1cf Core/Src/adc.o
 .debug_abbrev  0x00000000000001cf      0x140 Core/Src/dma.o
 .debug_abbrev  0x000000000000030f      0x165 Core/Src/freertos.o
 .debug_abbrev  0x0000000000000474      0x173 Core/Src/gpio.o
 .debug_abbrev  0x00000000000005e7      0x1dd Core/Src/i2c.o
 .debug_abbrev  0x00000000000007c4      0x1cc Core/Src/inter_processor_comms.o
 .debug_abbrev  0x0000000000000990      0x214 Core/Src/main.o
 .debug_abbrev  0x0000000000000ba4      0x254 Core/Src/master_thread.o
 .debug_abbrev  0x0000000000000df8      0x1c4 Core/Src/rtc.o
 .debug_abbrev  0x0000000000000fbc      0x1d2 Core/Src/spi.o
 .debug_abbrev  0x000000000000118e      0x133 Core/Src/stm32f3xx_hal_msp.o
 .debug_abbrev  0x00000000000012c1      0x1f0 Core/Src/stm32f3xx_hal_timebase_tim.o
 .debug_abbrev  0x00000000000014b1      0x192 Core/Src/stm32f3xx_it.o
 .debug_abbrev  0x0000000000001643      0x12b Core/Src/system_stm32f3xx.o
 .debug_abbrev  0x000000000000176e      0x26d Core/Src/thermopile.o
 .debug_abbrev  0x00000000000019db      0x1d4 Core/Src/tim.o
 .debug_abbrev  0x0000000000001baf       0x12 Core/Startup/startup_stm32f301k6ux.o
 .debug_abbrev  0x0000000000001bc1      0x218 Drivers/STM32F3xx_HAL_Driver/Src/stm32f3xx_hal.o
 .debug_abbrev  0x0000000000001dd9      0x2a3 Drivers/STM32F3xx_HAL_Driver/Src/stm32f3xx_hal_adc_ex.o
 .debug_abbrev  0x000000000000207c      0x303 Drivers/STM32F3xx_HAL_Driver/Src/stm32f3xx_hal_cortex.o
 .debug_abbrev  0x000000000000237f      0x22d Drivers/STM32F3xx_HAL_Driver/Src/stm32f3xx_hal_dma.o
 .debug_abbrev  0x00000000000025ac      0x1de Drivers/STM32F3xx_HAL_Driver/Src/stm32f3xx_hal_gpio.o
 .debug_abbrev  0x000000000000278a      0x25d Drivers/STM32F3xx_HAL_Driver/Src/stm32f3xx_hal_i2c.o
 .debug_abbrev  0x00000000000029e7      0x1b9 Drivers/STM32F3xx_HAL_Driver/Src/stm32f3xx_hal_i2c_ex.o
 .debug_abbrev  0x0000000000002ba0      0x2a9 Drivers/STM32F3xx_HAL_Driver/Src/stm32f3xx_hal_rcc.o
 .debug_abbrev  0x0000000000002e49      0x24b Drivers/STM32F3xx_HAL_Driver/Src/stm32f3xx_hal_rcc_ex.o
 .debug_abbrev  0x0000000000003094      0x1bd Drivers/STM32F3xx_HAL_Driver/Src/stm32f3xx_hal_rtc.o
 .debug_abbrev  0x0000000000003251      0x238 Drivers/STM32F3xx_HAL_Driver/Src/stm32f3xx_hal_spi.o
 .debug_abbrev  0x0000000000003489      0x226 Drivers/STM32F3xx_HAL_Driver/Src/stm32f3xx_hal_tim.o
 .debug_abbrev  0x00000000000036af      0x237 Drivers/STM32F3xx_HAL_Driver/Src/stm32f3xx_hal_tim_ex.o
 .debug_abbrev  0x00000000000038e6      0x416 Middlewares/Third_Party/FreeRTOS/Source/CMSIS_RTOS_V2/cmsis_os2.o
 .debug_abbrev  0x0000000000003cfc      0x1ed Middlewares/Third_Party/FreeRTOS/Source/list.o
 .debug_abbrev  0x0000000000003ee9      0x3a3 Middlewares/Third_Party/FreeRTOS/Source/queue.o
 .debug_abbrev  0x000000000000428c      0x372 Middlewares/Third_Party/FreeRTOS/Source/tasks.o
 .debug_abbrev  0x00000000000045fe      0x328 Middlewares/Third_Party/FreeRTOS/Source/timers.o
 .debug_abbrev  0x0000000000004926      0x23d Middlewares/Third_Party/FreeRTOS/Source/portable/GCC/ARM_CM4F/port.o
 .debug_abbrev  0x0000000000004b63      0x2e2 Middlewares/Third_Party/FreeRTOS/Source/portable/MemMang/heap_4.o

.debug_loc      0x0000000000000000    0x17d38
 .debug_loc     0x0000000000000000       0x63 Core/Src/adc.o
 .debug_loc     0x0000000000000063       0x21 Core/Src/freertos.o
 .debug_loc     0x0000000000000084       0x74 Core/Src/i2c.o
 .debug_loc     0x00000000000000f8       0x42 Core/Src/inter_processor_comms.o
 .debug_loc     0x000000000000013a       0x3a Core/Src/main.o
 .debug_loc     0x0000000000000174      0x319 Core/Src/master_thread.o
 .debug_loc     0x000000000000048d       0x2c Core/Src/rtc.o
 .debug_loc     0x00000000000004b9       0x74 Core/Src/spi.o
 .debug_loc     0x000000000000052d       0x79 Core/Src/stm32f3xx_hal_timebase_tim.o
 .debug_loc     0x00000000000005a6       0xff Core/Src/system_stm32f3xx.o
 .debug_loc     0x00000000000006a5       0xe3 Core/Src/thermopile.o
 .debug_loc     0x0000000000000788       0x8a Core/Src/tim.o
 .debug_loc     0x0000000000000812      0x11b Drivers/STM32F3xx_HAL_Driver/Src/stm32f3xx_hal.o
 .debug_loc     0x000000000000092d     0x174d Drivers/STM32F3xx_HAL_Driver/Src/stm32f3xx_hal_adc_ex.o
 .debug_loc     0x000000000000207a      0x5ad Drivers/STM32F3xx_HAL_Driver/Src/stm32f3xx_hal_cortex.o
 .debug_loc     0x0000000000002627      0x7c6 Drivers/STM32F3xx_HAL_Driver/Src/stm32f3xx_hal_dma.o
 .debug_loc     0x0000000000002ded      0x2de Drivers/STM32F3xx_HAL_Driver/Src/stm32f3xx_hal_gpio.o
 .debug_loc     0x00000000000030cb     0x43ee Drivers/STM32F3xx_HAL_Driver/Src/stm32f3xx_hal_i2c.o
 .debug_loc     0x00000000000074b9      0x204 Drivers/STM32F3xx_HAL_Driver/Src/stm32f3xx_hal_i2c_ex.o
 .debug_loc     0x00000000000076bd      0x94b Drivers/STM32F3xx_HAL_Driver/Src/stm32f3xx_hal_rcc.o
 .debug_loc     0x0000000000008008      0x643 Drivers/STM32F3xx_HAL_Driver/Src/stm32f3xx_hal_rcc_ex.o
 .debug_loc     0x000000000000864b      0xb7f Drivers/STM32F3xx_HAL_Driver/Src/stm32f3xx_hal_rtc.o
 .debug_loc     0x00000000000091ca     0x1a4c Drivers/STM32F3xx_HAL_Driver/Src/stm32f3xx_hal_spi.o
 .debug_loc     0x000000000000ac16     0x3c9b Drivers/STM32F3xx_HAL_Driver/Src/stm32f3xx_hal_tim.o
 .debug_loc     0x000000000000e8b1     0x15be Drivers/STM32F3xx_HAL_Driver/Src/stm32f3xx_hal_tim_ex.o
 .debug_loc     0x000000000000fe6f     0x3f51 Middlewares/Third_Party/FreeRTOS/Source/CMSIS_RTOS_V2/cmsis_os2.o
 .debug_loc     0x0000000000013dc0       0x70 Middlewares/Third_Party/FreeRTOS/Source/list.o
 .debug_loc     0x0000000000013e30     0x140a Middlewares/Third_Party/FreeRTOS/Source/queue.o
 .debug_loc     0x000000000001523a     0x1bb7 Middlewares/Third_Party/FreeRTOS/Source/tasks.o
 .debug_loc     0x0000000000016df1      0xbcb Middlewares/Third_Party/FreeRTOS/Source/timers.o
 .debug_loc     0x00000000000179bc       0xdc Middlewares/Third_Party/FreeRTOS/Source/portable/GCC/ARM_CM4F/port.o
 .debug_loc     0x0000000000017a98      0x2a0 Middlewares/Third_Party/FreeRTOS/Source/portable/MemMang/heap_4.o

.debug_aranges  0x0000000000000000     0x1990
 .debug_aranges
                0x0000000000000000       0x30 Core/Src/adc.o
 .debug_aranges
                0x0000000000000030       0x20 Core/Src/dma.o
 .debug_aranges
                0x0000000000000050       0x28 Core/Src/freertos.o
 .debug_aranges
                0x0000000000000078       0x20 Core/Src/gpio.o
 .debug_aranges
                0x0000000000000098       0x30 Core/Src/i2c.o
 .debug_aranges
                0x00000000000000c8       0x30 Core/Src/inter_processor_comms.o
 .debug_aranges
                0x00000000000000f8       0x38 Core/Src/main.o
 .debug_aranges
                0x0000000000000130       0x30 Core/Src/master_thread.o
 .debug_aranges
                0x0000000000000160       0x30 Core/Src/rtc.o
 .debug_aranges
                0x0000000000000190       0x30 Core/Src/spi.o
 .debug_aranges
                0x00000000000001c0       0x20 Core/Src/stm32f3xx_hal_msp.o
 .debug_aranges
                0x00000000000001e0       0x30 Core/Src/stm32f3xx_hal_timebase_tim.o
 .debug_aranges
                0x0000000000000210       0x70 Core/Src/stm32f3xx_it.o
 .debug_aranges
                0x0000000000000280       0x28 Core/Src/system_stm32f3xx.o
 .debug_aranges
                0x00000000000002a8       0x48 Core/Src/thermopile.o
 .debug_aranges
                0x00000000000002f0       0x38 Core/Src/tim.o
 .debug_aranges
                0x0000000000000328       0x28 Core/Startup/startup_stm32f301k6ux.o
 .debug_aranges
                0x0000000000000350       0xe0 Drivers/STM32F3xx_HAL_Driver/Src/stm32f3xx_hal.o
 .debug_aranges
                0x0000000000000430      0x140 Drivers/STM32F3xx_HAL_Driver/Src/stm32f3xx_hal_adc_ex.o
 .debug_aranges
                0x0000000000000570       0x90 Drivers/STM32F3xx_HAL_Driver/Src/stm32f3xx_hal_cortex.o
 .debug_aranges
                0x0000000000000600       0x88 Drivers/STM32F3xx_HAL_Driver/Src/stm32f3xx_hal_dma.o
 .debug_aranges
                0x0000000000000688       0x58 Drivers/STM32F3xx_HAL_Driver/Src/stm32f3xx_hal_gpio.o
 .debug_aranges
                0x00000000000006e0      0x288 Drivers/STM32F3xx_HAL_Driver/Src/stm32f3xx_hal_i2c.o
 .debug_aranges
                0x0000000000000968       0x48 Drivers/STM32F3xx_HAL_Driver/Src/stm32f3xx_hal_i2c_ex.o
 .debug_aranges
                0x00000000000009b0       0x88 Drivers/STM32F3xx_HAL_Driver/Src/stm32f3xx_hal_rcc.o
 .debug_aranges
                0x0000000000000a38       0x38 Drivers/STM32F3xx_HAL_Driver/Src/stm32f3xx_hal_rcc_ex.o
 .debug_aranges
                0x0000000000000a70       0xb8 Drivers/STM32F3xx_HAL_Driver/Src/stm32f3xx_hal_rtc.o
 .debug_aranges
                0x0000000000000b28      0x1d8 Drivers/STM32F3xx_HAL_Driver/Src/stm32f3xx_hal_spi.o
 .debug_aranges
                0x0000000000000d00      0x3c8 Drivers/STM32F3xx_HAL_Driver/Src/stm32f3xx_hal_tim.o
 .debug_aranges
                0x00000000000010c8      0x160 Drivers/STM32F3xx_HAL_Driver/Src/stm32f3xx_hal_tim_ex.o
 .debug_aranges
                0x0000000000001228      0x228 Middlewares/Third_Party/FreeRTOS/Source/CMSIS_RTOS_V2/cmsis_os2.o
 .debug_aranges
                0x0000000000001450       0x40 Middlewares/Third_Party/FreeRTOS/Source/list.o
 .debug_aranges
                0x0000000000001490      0x158 Middlewares/Third_Party/FreeRTOS/Source/queue.o
 .debug_aranges
                0x00000000000015e8      0x1f8 Middlewares/Third_Party/FreeRTOS/Source/tasks.o
 .debug_aranges
                0x00000000000017e0       0xe0 Middlewares/Third_Party/FreeRTOS/Source/timers.o
 .debug_aranges
                0x00000000000018c0       0x80 Middlewares/Third_Party/FreeRTOS/Source/portable/GCC/ARM_CM4F/port.o
 .debug_aranges
                0x0000000000001940       0x50 Middlewares/Third_Party/FreeRTOS/Source/portable/MemMang/heap_4.o

.debug_ranges   0x0000000000000000     0x19d8
 .debug_ranges  0x0000000000000000       0x20 Core/Src/adc.o
 .debug_ranges  0x0000000000000020       0x10 Core/Src/dma.o
 .debug_ranges  0x0000000000000030       0x18 Core/Src/freertos.o
 .debug_ranges  0x0000000000000048       0x10 Core/Src/gpio.o
 .debug_ranges  0x0000000000000058       0x20 Core/Src/i2c.o
 .debug_ranges  0x0000000000000078       0x20 Core/Src/inter_processor_comms.o
 .debug_ranges  0x0000000000000098       0x28 Core/Src/main.o
 .debug_ranges  0x00000000000000c0       0x20 Core/Src/master_thread.o
 .debug_ranges  0x00000000000000e0       0x20 Core/Src/rtc.o
 .debug_ranges  0x0000000000000100       0x20 Core/Src/spi.o
 .debug_ranges  0x0000000000000120       0x10 Core/Src/stm32f3xx_hal_msp.o
 .debug_ranges  0x0000000000000130       0x20 Core/Src/stm32f3xx_hal_timebase_tim.o
 .debug_ranges  0x0000000000000150       0x60 Core/Src/stm32f3xx_it.o
 .debug_ranges  0x00000000000001b0       0x18 Core/Src/system_stm32f3xx.o
 .debug_ranges  0x00000000000001c8       0x50 Core/Src/thermopile.o
 .debug_ranges  0x0000000000000218       0x28 Core/Src/tim.o
 .debug_ranges  0x0000000000000240       0x20 Core/Startup/startup_stm32f301k6ux.o
 .debug_ranges  0x0000000000000260       0xd0 Drivers/STM32F3xx_HAL_Driver/Src/stm32f3xx_hal.o
 .debug_ranges  0x0000000000000330      0x130 Drivers/STM32F3xx_HAL_Driver/Src/stm32f3xx_hal_adc_ex.o
 .debug_ranges  0x0000000000000460       0xe0 Drivers/STM32F3xx_HAL_Driver/Src/stm32f3xx_hal_cortex.o
 .debug_ranges  0x0000000000000540       0x78 Drivers/STM32F3xx_HAL_Driver/Src/stm32f3xx_hal_dma.o
 .debug_ranges  0x00000000000005b8       0x48 Drivers/STM32F3xx_HAL_Driver/Src/stm32f3xx_hal_gpio.o
 .debug_ranges  0x0000000000000600      0x278 Drivers/STM32F3xx_HAL_Driver/Src/stm32f3xx_hal_i2c.o
 .debug_ranges  0x0000000000000878       0x38 Drivers/STM32F3xx_HAL_Driver/Src/stm32f3xx_hal_i2c_ex.o
 .debug_ranges  0x00000000000008b0       0x98 Drivers/STM32F3xx_HAL_Driver/Src/stm32f3xx_hal_rcc.o
 .debug_ranges  0x0000000000000948       0x40 Drivers/STM32F3xx_HAL_Driver/Src/stm32f3xx_hal_rcc_ex.o
 .debug_ranges  0x0000000000000988       0xa8 Drivers/STM32F3xx_HAL_Driver/Src/stm32f3xx_hal_rtc.o
 .debug_ranges  0x0000000000000a30      0x1c8 Drivers/STM32F3xx_HAL_Driver/Src/stm32f3xx_hal_spi.o
 .debug_ranges  0x0000000000000bf8      0x3b8 Drivers/STM32F3xx_HAL_Driver/Src/stm32f3xx_hal_tim.o
 .debug_ranges  0x0000000000000fb0      0x150 Drivers/STM32F3xx_HAL_Driver/Src/stm32f3xx_hal_tim_ex.o
 .debug_ranges  0x0000000000001100      0x218 Middlewares/Third_Party/FreeRTOS/Source/CMSIS_RTOS_V2/cmsis_os2.o
 .debug_ranges  0x0000000000001318       0x30 Middlewares/Third_Party/FreeRTOS/Source/list.o
 .debug_ranges  0x0000000000001348      0x228 Middlewares/Third_Party/FreeRTOS/Source/queue.o
 .debug_ranges  0x0000000000001570      0x2e8 Middlewares/Third_Party/FreeRTOS/Source/tasks.o
 .debug_ranges  0x0000000000001858       0xd0 Middlewares/Third_Party/FreeRTOS/Source/timers.o
 .debug_ranges  0x0000000000001928       0x70 Middlewares/Third_Party/FreeRTOS/Source/portable/GCC/ARM_CM4F/port.o
 .debug_ranges  0x0000000000001998       0x40 Middlewares/Third_Party/FreeRTOS/Source/portable/MemMang/heap_4.o

.debug_macro    0x0000000000000000    0x16811
 .debug_macro   0x0000000000000000      0x207 Core/Src/adc.o
 .debug_macro   0x0000000000000207      0x163 Core/Src/adc.o
 .debug_macro   0x000000000000036a       0x2e Core/Src/adc.o
 .debug_macro   0x0000000000000398       0x28 Core/Src/adc.o
 .debug_macro   0x00000000000003c0       0x22 Core/Src/adc.o
 .debug_macro   0x00000000000003e2       0x8e Core/Src/adc.o
 .debug_macro   0x0000000000000470       0x51 Core/Src/adc.o
 .debug_macro   0x00000000000004c1       0xef Core/Src/adc.o
 .debug_macro   0x00000000000005b0       0x6a Core/Src/adc.o
 .debug_macro   0x000000000000061a      0x1df Core/Src/adc.o