stm32wbxx_ll_bus.h:540:22:LL_AHB2_GRP1_EnableClock	24	static
stm32wbxx_ll_bus.h:940:22:LL_APB1_GRP1_EnableClock	24	static
stm32wbxx_ll_bus.h:1039:22:LL_APB1_GRP1_DisableClock	16	static
usbd_conf.c:73:6:HAL_PCD_MspInit	40	static
usbd_conf.c:110:6:HAL_PCD_MspDeInit	16	static
usbd_conf.c:144:6:HAL_PCD_SetupStageCallback	16	static
usbd_conf.c:165:6:HAL_PCD_DataOutStageCallback	16	static
usbd_conf.c:186:6:HAL_PCD_DataInStageCallback	16	static
usbd_conf.c:206:6:HAL_PCD_SOFCallback	16	static
usbd_conf.c:226:6:HAL_PCD_ResetCallback	24	static
usbd_conf.c:257:6:HAL_PCD_SuspendCallback	16	static
usbd_conf.c:287:6:HAL_PCD_ResumeCallback	16	static
usbd_conf.c:318:6:HAL_PCD_ISOOUTIncompleteCallback	16	static
usbd_conf.c:339:6:HAL_PCD_ISOINIncompleteCallback	16	static
usbd_conf.c:359:6:HAL_PCD_ConnectCallback	16	static
usbd_conf.c:379:6:HAL_PCD_DisconnectCallback	16	static
usbd_conf.c:404:20:USBD_LL_Init	16	static
usbd_conf.c:471:20:USBD_LL_DeInit	24	static
usbd_conf.c:488:20:USBD_LL_Start	24	static
usbd_conf.c:505:20:USBD_LL_Stop	24	static
usbd_conf.c:525:20:USBD_LL_OpenEP	24	static
usbd_conf.c:543:20:USBD_LL_CloseEP	24	static
usbd_conf.c:561:20:USBD_LL_FlushEP	24	static
usbd_conf.c:579:20:USBD_LL_StallEP	24	static
usbd_conf.c:597:20:USBD_LL_ClearStallEP	24	static
usbd_conf.c:615:9:USBD_LL_IsStallEP	24	static
usbd_conf.c:635:20:USBD_LL_SetUSBAddress	24	static
usbd_conf.c:655:20:USBD_LL_Transmit	32	static
usbd_conf.c:675:20:USBD_LL_PrepareReceive	32	static
usbd_conf.c:693:10:USBD_LL_GetRxDataSize	16	static
usbd_conf.c:707:6:HAL_PCDEx_LPM_Callback	16	static
usbd_conf.c:743:6:USBD_LL_Delay	16	static
usbd_conf.c:753:7:USBD_static_malloc	16	static
usbd_conf.c:764:6:USBD_static_free	16	static
usbd_conf.c:775:13:SystemClockConfig_Resume	8	static
usbd_conf.c:786:20:USBD_Get_USB_Status	24	static
