stm32wbxx_ll_pwr.h:1664:22:LL_C2_PWR_SetPowerMode	16	static
stm32wbxx_ll_rcc.h:2329:22:LL_RCC_SetClkAfterWakeFromStop	16	static
stm32wbxx_ll_bus.h:540:22:LL_AHB2_GRP1_EnableClock	24	static
stm32wbxx_ll_bus.h:598:22:LL_AHB2_GRP1_DisableClock	16	static
app_entry.c:115:6:APPE_Init	8	static
app_entry.c:151:13:Init_Debug	32	static
app_entry.c:201:13:SystemPower_Config	8	static
app_entry.c:223:13:appe_Tl_Init	40	static
app_entry.c:253:13:APPE_SysStatusNot	16	static
app_entry.c:280:13:APPE_SysUserEvtRx	24	static
app_entry.c:305:13:APPE_SysEvtError	16	static
app_entry.c:322:13:APPE_SysEvtReadyProcessing	8	static
app_entry.c:347:13:ShciUserEvtProcess	16	static
app_entry.c:373:6:shci_notify_asynch_evt	16	static
app_entry.c:380:6:shci_cmd_resp_release	16	static
app_entry.c:387:6:shci_cmd_resp_wait	16	static
app_entry.c:395:6:TL_TRACES_EvtReceived	16	static
