stm32wbxx_it.c:85:6:NMI_Handler	4	static
stm32wbxx_it.c:98:6:HardFault_Handler	4	static
stm32wbxx_it.c:113:6:MemManage_Handler	4	static
stm32wbxx_it.c:128:6:BusFault_Handler	4	static
stm32wbxx_it.c:143:6:UsageFault_Handler	4	static
stm32wbxx_it.c:158:6:DebugMon_Handler	4	static
stm32wbxx_it.c:178:6:EXTI2_IRQHandler	8	static
stm32wbxx_it.c:195:6:DMA1_Channel1_IRQHandler	8	static
stm32wbxx_it.c:209:6:USB_LP_IRQHandler	8	static
stm32wbxx_it.c:223:6:COMP_IRQHandler	8	static
stm32wbxx_it.c:237:6:EXTI9_5_IRQHandler	8	static
stm32wbxx_it.c:251:6:TIM1_UP_TIM16_IRQHandler	8	static
stm32wbxx_it.c:266:6:TIM2_IRQHandler	8	static
stm32wbxx_it.c:280:6:I2C1_EV_IRQHandler	8	static
stm32wbxx_it.c:294:6:HSEM_IRQHandler	8	static
stm32wbxx_it.c:306:6:IPCC_C1_TX_IRQHandler	8	static
stm32wbxx_it.c:312:6:IPCC_C1_RX_IRQHandler	8	static
stm32wbxx_it.c:318:6:RTC_WKUP_IRQHandler	8	static
stm32wbxx_it.c:326:6:TSC_IRQHandler	8	static
