stm32wbxx_hal_tsc.c:241:19:HAL_TSC_Init	24	static
stm32wbxx_hal_tsc.c:346:19:HAL_TSC_DeInit	16	static
stm32wbxx_hal_tsc.c:389:13:HAL_TSC_MspInit	16	static
stm32wbxx_hal_tsc.c:405:13:HAL_TSC_MspDeInit	16	static
stm32wbxx_hal_tsc.c:624:19:HAL_TSC_Start	16	static
stm32wbxx_hal_tsc.c:667:19:HAL_TSC_Start_IT	16	static
stm32wbxx_hal_tsc.c:721:19:HAL_TSC_Stop	16	static
stm32wbxx_hal_tsc.c:754:19:HAL_TSC_Stop_IT	16	static
stm32wbxx_hal_tsc.c:792:19:HAL_TSC_PollForAcquisition	16	static
stm32wbxx_hal_tsc.c:819:24:HAL_TSC_GroupGetStatus	16	static
stm32wbxx_hal_tsc.c:836:10:HAL_TSC_GroupGetValue	16	static
stm32wbxx_hal_tsc.c:871:19:HAL_TSC_IOConfig	24	static
stm32wbxx_hal_tsc.c:911:19:HAL_TSC_IODischarge	16	static
stm32wbxx_hal_tsc.c:960:22:HAL_TSC_GetState	16	static
stm32wbxx_hal_tsc.c:1002:6:HAL_TSC_IRQHandler	16	static
stm32wbxx_hal_tsc.c:1047:13:HAL_TSC_ConvCpltCallback	16	static
stm32wbxx_hal_tsc.c:1063:13:HAL_TSC_ErrorCallback	16	static
stm32wbxx_hal_tsc.c:1091:17:TSC_extract_groups	24	static
