app_thread.c:318:13:APP_THREAD_StateNotif	0	static
app_thread.c:598:13:RxCpltCallback	8	static
app_thread.c:444:13:APP_THREAD_FreeRTOSSendCLIToM0Task	8	static
app_thread.c:760:6:HostTxCb	0	static
app_thread.c:427:13:APP_THREAD_FreeRTOSProcessMsgM0ToM4Task	8	static
app_thread.c:159:6:APP_THREAD_Init	40	static
app_thread.c:219:6:APP_THREAD_Error	0	static
app_thread.c:475:6:APP_THREAD_RegisterCmdBuffer	0	static
app_thread.c:480:26:THREAD_Get_OTCmdPayloadBuffer	0	static
app_thread.c:485:26:THREAD_Get_OTCmdRspPayloadBuffer	0	static
app_thread.c:490:26:THREAD_Get_NotificationPayloadBuffer	0	static
app_thread.c:502:6:Ot_Cmd_Transfer	8	static
app_thread.c:523:6:TL_OT_CmdEvtReceived	0	static
app_thread.c:537:6:TL_THREAD_NotReceived	4	static
app_thread.c:552:6:Pre_OtCmdProcessing	0	static
app_thread.c:698:6:APP_THREAD_Init_UART_CLI	8	static
app_thread.c:718:6:APP_THREAD_TL_THREAD_INIT	4	static
app_thread.c:733:6:TL_THREAD_CliNotReceived	16	static
app_thread.c:770:6:APP_THREAD_ProcessMsgM0ToM4	8	static
