Archive member included to satisfy reference by file (symbol)

c:/st/stm32cubeide_1.0.0/stm32cubeide/plugins/com.st.stm32cube.ide.mcu.externaltools.gnu-tools-for-stm32.7-2018-q2-update.win32_1.0.0.201904181610/tools/bin/../lib/gcc/arm-none-eabi/7.3.1/../../../../arm-none-eabi/lib/thumb/v7e-m/fpv4-sp/hard\libc_nano.a(lib_a-errno.o)
                              Core/Src/syscalls.o (__errno)
c:/st/stm32cubeide_1.0.0/stm32cubeide/plugins/com.st.stm32cube.ide.mcu.externaltools.gnu-tools-for-stm32.7-2018-q2-update.win32_1.0.0.201904181610/tools/bin/../lib/gcc/arm-none-eabi/7.3.1/../../../../arm-none-eabi/lib/thumb/v7e-m/fpv4-sp/hard\libc_nano.a(lib_a-exit.o)
                              c:/st/stm32cubeide_1.0.0/stm32cubeide/plugins/com.st.stm32cube.ide.mcu.externaltools.gnu-tools-for-stm32.7-2018-q2-update.win32_1.0.0.201904181610/tools/bin/../lib/gcc/arm-none-eabi/7.3.1/../../../../arm-none-eabi/lib/thumb/v7e-m/fpv4-sp/hard/crt0.o (exit)
c:/st/stm32cubeide_1.0.0/stm32cubeide/plugins/com.st.stm32cube.ide.mcu.externaltools.gnu-tools-for-stm32.7-2018-q2-update.win32_1.0.0.201904181610/tools/bin/../lib/gcc/arm-none-eabi/7.3.1/../../../../arm-none-eabi/lib/thumb/v7e-m/fpv4-sp/hard\libc_nano.a(lib_a-impure.o)
                              c:/st/stm32cubeide_1.0.0/stm32cubeide/plugins/com.st.stm32cube.ide.mcu.externaltools.gnu-tools-for-stm32.7-2018-q2-update.win32_1.0.0.201904181610/tools/bin/../lib/gcc/arm-none-eabi/7.3.1/../../../../arm-none-eabi/lib/thumb/v7e-m/fpv4-sp/hard\libc_nano.a(lib_a-exit.o) (_global_impure_ptr)
c:/st/stm32cubeide_1.0.0/stm32cubeide/plugins/com.st.stm32cube.ide.mcu.externaltools.gnu-tools-for-stm32.7-2018-q2-update.win32_1.0.0.201904181610/tools/bin/../lib/gcc/arm-none-eabi/7.3.1/../../../../arm-none-eabi/lib/thumb/v7e-m/fpv4-sp/hard\libc_nano.a(lib_a-init.o)
                              c:/st/stm32cubeide_1.0.0/stm32cubeide/plugins/com.st.stm32cube.ide.mcu.externaltools.gnu-tools-for-stm32.7-2018-q2-update.win32_1.0.0.201904181610/tools/bin/../lib/gcc/arm-none-eabi/7.3.1/../../../../arm-none-eabi/lib/thumb/v7e-m/fpv4-sp/hard/crt0.o (__libc_init_array)
c:/st/stm32cubeide_1.0.0/stm32cubeide/plugins/com.st.stm32cube.ide.mcu.externaltools.gnu-tools-for-stm32.7-2018-q2-update.win32_1.0.0.201904181610/tools/bin/../lib/gcc/arm-none-eabi/7.3.1/../../../../arm-none-eabi/lib/thumb/v7e-m/fpv4-sp/hard\libc_nano.a(lib_a-memcpy-stub.o)
                              Core/Src/blink.o (memcpy)
c:/st/stm32cubeide_1.0.0/stm32cubeide/plugins/com.st.stm32cube.ide.mcu.externaltools.gnu-tools-for-stm32.7-2018-q2-update.win32_1.0.0.201904181610/tools/bin/../lib/gcc/arm-none-eabi/7.3.1/../../../../arm-none-eabi/lib/thumb/v7e-m/fpv4-sp/hard\libc_nano.a(lib_a-memset.o)
                              c:/st/stm32cubeide_1.0.0/stm32cubeide/plugins/com.st.stm32cube.ide.mcu.externaltools.gnu-tools-for-stm32.7-2018-q2-update.win32_1.0.0.201904181610/tools/bin/../lib/gcc/arm-none-eabi/7.3.1/../../../../arm-none-eabi/lib/thumb/v7e-m/fpv4-sp/hard/crt0.o (memset)
c:/st/stm32cubeide_1.0.0/stm32cubeide/plugins/com.st.stm32cube.ide.mcu.externaltools.gnu-tools-for-stm32.7-2018-q2-update.win32_1.0.0.201904181610/tools/bin/../lib/gcc/arm-none-eabi/7.3.1/../../../../arm-none-eabi/lib/thumb/v7e-m/fpv4-sp/hard\libc_nano.a(lib_a-printf.o)
                              Middlewares/STM32_WPAN/dbg_trace.o (printf)
c:/st/stm32cubeide_1.0.0/stm32cubeide/plugins/com.st.stm32cube.ide.mcu.externaltools.gnu-tools-for-stm32.7-2018-q2-update.win32_1.0.0.201904181610/tools/bin/../lib/gcc/arm-none-eabi/7.3.1/../../../../arm-none-eabi/lib/thumb/v7e-m/fpv4-sp/hard\libc_nano.a(lib_a-strcmp.o)
                              STM32_WPAN/App/app_thread.o (strcmp)
c:/st/stm32cubeide_1.0.0/stm32cubeide/plugins/com.st.stm32cube.ide.mcu.externaltools.gnu-tools-for-stm32.7-2018-q2-update.win32_1.0.0.201904181610/tools/bin/../lib/gcc/arm-none-eabi/7.3.1/../../../../arm-none-eabi/lib/thumb/v7e-m/fpv4-sp/hard\libc_nano.a(lib_a-strrchr.o)
                              Middlewares/STM32_WPAN/dbg_trace.o (strrchr)
c:/st/stm32cubeide_1.0.0/stm32cubeide/plugins/com.st.stm32cube.ide.mcu.externaltools.gnu-tools-for-stm32.7-2018-q2-update.win32_1.0.0.201904181610/tools/bin/../lib/gcc/arm-none-eabi/7.3.1/../../../../arm-none-eabi/lib/thumb/v7e-m/fpv4-sp/hard\libc_nano.a(lib_a-vprintf.o)
                              Middlewares/STM32_WPAN/dbg_trace.o (vprintf)
c:/st/stm32cubeide_1.0.0/stm32cubeide/plugins/com.st.stm32cube.ide.mcu.externaltools.gnu-tools-for-stm32.7-2018-q2-update.win32_1.0.0.201904181610/tools/bin/../lib/gcc/arm-none-eabi/7.3.1/../../../../arm-none-eabi/lib/thumb/v7e-m/fpv4-sp/hard\libc_nano.a(lib_a-findfp.o)
                              c:/st/stm32cubeide_1.0.0/stm32cubeide/plugins/com.st.stm32cube.ide.mcu.externaltools.gnu-tools-for-stm32.7-2018-q2-update.win32_1.0.0.201904181610/tools/bin/../lib/gcc/arm-none-eabi/7.3.1/../../../../arm-none-eabi/lib/thumb/v7e-m/fpv4-sp/hard\libc_nano.a(lib_a-printf.o) (__sinit)
[...]
Memory Configuration

Name             Origin             Length             Attributes
FLASH            0x0000000008000000 0x0000000000080000 xr
RAM1             0x0000000020000004 0x000000000002fffc xrw
RAM_SHARED       0x0000000020030000 0x0000000000002800 xrw
*default*        0x0000000000000000 0xffffffffffffffff

Linker script and memory map

LOAD c:/st/stm32cubeide_1.0.0/stm32cubeide/plugins/com.st.stm32cube.ide.mcu.externaltools.gnu-tools-for-stm32.7-2018-q2-update.win32_1.0.0.201904181610/tools/bin/../lib/gcc/arm-none-eabi/7.3.1/thumb/v7e-m/fpv4-sp/hard/crti.o
LOAD c:/st/stm32cubeide_1.0.0/stm32cubeide/plugins/com.st.stm32cube.ide.mcu.externaltools.gnu-tools-for-stm32.7-2018-q2-update.win32_1.0.0.201904181610/tools/bin/../lib/gcc/arm-none-eabi/7.3.1/thumb/v7e-m/fpv4-sp/hard/crtbegin.o
LOAD c:/st/stm32cubeide_1.0.0/stm32cubeide/plugins/com.st.stm32cube.ide.mcu.externaltools.gnu-tools-for-stm32.7-2018-q2-update.win32_1.0.0.201904181610/tools/bin/../lib/gcc/arm-none-eabi/7.3.1/../../../../arm-none-eabi/lib/thumb/v7e-m/fpv4-sp/hard/crt0.o
LOAD Core/Src/_TEMPLATE.o
LOAD Core/Src/adc.o
LOAD Core/Src/app_entry.o
LOAD Core/Src/app_freertos.o
LOAD Core/Src/blink.o
LOAD Core/Src/dma.o
LOAD Core/Src/freertos_port.o
LOAD Core/Src/gpio.o
LOAD Core/Src/hw_timerserver.o
LOAD Core/Src/hw_uart.o
LOAD Core/Src/i2c.o
LOAD Core/Src/inter_processor_comms.o
LOAD Core/Src/led.o
LOAD Core/Src/lp5523.o
LOAD Core/Src/main.o
LOAD Core/Src/master_thread.o
LOAD Core/Src/rf.o
LOAD Core/Src/rtc.o
LOAD Core/Src/stm32_lpm_if.o
LOAD Core/Src/stm32wbxx_hal_msp.o
LOAD Core/Src/stm32wbxx_hal_timebase_tim.o
LOAD Core/Src/stm32wbxx_it.o
LOAD Core/Src/stm_logging.o
LOAD Core/Src/sys.o
LOAD Core/Src/syscalls.o
LOAD Core/Src/sysmem.o
LOAD Core/Src/system_stm32wbxx.o
LOAD Core/Src/tim.o
LOAD Core/Src/tiny_lpm.o
LOAD Core/Src/usart.o
LOAD Core/Startup/startup_stm32wb55cgux.o
LOAD Drivers/STM32WBxx_HAL_Driver/stm32wbxx_hal.o
LOAD Drivers/STM32WBxx_HAL_Driver/stm32wbxx_hal_adc.o
LOAD Drivers/STM32WBxx_HAL_Driver/stm32wbxx_hal_adc_ex.o
LOAD Drivers/STM32WBxx_HAL_Driver/stm32wbxx_hal_cortex.o
LOAD Drivers/STM32WBxx_HAL_Driver/stm32wbxx_hal_dma.o
LOAD Drivers/STM32WBxx_HAL_Driver/stm32wbxx_hal_dma_ex.o
LOAD Drivers/STM32WBxx_HAL_Driver/stm32wbxx_hal_exti.o
LOAD Drivers/STM32WBxx_HAL_Driver/stm32wbxx_hal_flash.o
LOAD Drivers/STM32WBxx_HAL_Driver/stm32wbxx_hal_flash_ex.o
LOAD Drivers/STM32WBxx_HAL_Driver/stm32wbxx_hal_gpio.o
LOAD Drivers/STM32WBxx_HAL_Driver/stm32wbxx_hal_hsem.o
LOAD Drivers/STM32WBxx_HAL_Driver/stm32wbxx_hal_i2c.o
LOAD Drivers/STM32WBxx_HAL_Driver/stm32wbxx_hal_i2c_ex.o
LOAD Drivers/STM32WBxx_HAL_Driver/stm32wbxx_hal_pwr.o
LOAD Drivers/STM32WBxx_HAL_Driver/stm32wbxx_hal_pwr_ex.o
LOAD Drivers/STM32WBxx_HAL_Driver/stm32wbxx_hal_rcc.o
LOAD Drivers/STM32WBxx_HAL_Driver/stm32wbxx_hal_rcc_ex.o
LOAD Drivers/STM32WBxx_HAL_Driver/stm32wbxx_hal_rtc.o
LOAD Drivers/STM32WBxx_HAL_Driver/stm32wbxx_hal_rtc_ex.o
LOAD Drivers/STM32WBxx_HAL_Driver/stm32wbxx_hal_tim.o
LOAD Drivers/STM32WBxx_HAL_Driver/stm32wbxx_hal_tim_ex.o
LOAD Drivers/STM32WBxx_HAL_Driver/stm32wbxx_hal_uart.o
LOAD Drivers/STM32WBxx_HAL_Driver/stm32wbxx_hal_uart_ex.o
LOAD Drivers/STM32WBxx_HAL_Driver/stm32wbxx_ll_adc.o
LOAD Middlewares/FreeRTOS/cmsis_os2.o
LOAD Middlewares/FreeRTOS/croutine.o
LOAD Middlewares/FreeRTOS/event_groups.o
LOAD Middlewares/FreeRTOS/heap_4.o
LOAD Middlewares/FreeRTOS/list.o
LOAD Middlewares/FreeRTOS/port.o
LOAD Middlewares/FreeRTOS/queue.o
LOAD Middlewares/FreeRTOS/stream_buffer.o
LOAD Middlewares/FreeRTOS/tasks.o
LOAD Middlewares/FreeRTOS/timers.o
LOAD Middlewares/STM32_WPAN/channel_manager.o
LOAD Middlewares/STM32_WPAN/channel_monitor.o
LOAD Middlewares/STM32_WPAN/child_supervision.o
LOAD Middlewares/STM32_WPAN/coap.o
LOAD Middlewares/STM32_WPAN/commissioner.o
LOAD Middlewares/STM32_WPAN/crypto.o
LOAD Middlewares/STM32_WPAN/dataset.o
LOAD Middlewares/STM32_WPAN/dataset_ftd.o
LOAD Middlewares/STM32_WPAN/dbg_trace.o
LOAD Middlewares/STM32_WPAN/dhcp6_client.o
LOAD Middlewares/STM32_WPAN/dhcp6_server.o
LOAD Middlewares/STM32_WPAN/diag.o
LOAD Middlewares/STM32_WPAN/dns.o
LOAD Middlewares/STM32_WPAN/icmp6.o
LOAD Middlewares/STM32_WPAN/instance.o
LOAD Middlewares/STM32_WPAN/ip6.o
LOAD Middlewares/STM32_WPAN/jam_detection.o
LOAD Middlewares/STM32_WPAN/joiner.o
LOAD Middlewares/STM32_WPAN/link.o
LOAD Middlewares/STM32_WPAN/link_raw.o
LOAD Middlewares/STM32_WPAN/message.o
LOAD Middlewares/STM32_WPAN/netdata.o
LOAD Middlewares/STM32_WPAN/openthread.o
LOAD Middlewares/STM32_WPAN/openthread_api_wb.o
LOAD Middlewares/STM32_WPAN/otp.o
LOAD Middlewares/STM32_WPAN/radio.o
LOAD Middlewares/STM32_WPAN/server.o
LOAD Middlewares/STM32_WPAN/shci.o
LOAD Middlewares/STM32_WPAN/shci_tl.o
LOAD Middlewares/STM32_WPAN/shci_tl_if.o
LOAD Middlewares/STM32_WPAN/stm_list.o
LOAD Middlewares/STM32_WPAN/stm_queue.o
LOAD Middlewares/STM32_WPAN/tasklet.o
LOAD Middlewares/STM32_WPAN/thread.o
LOAD Middlewares/STM32_WPAN/thread_ftd.o
LOAD Middlewares/STM32_WPAN/tl_mbox.o
LOAD Middlewares/STM32_WPAN/tl_thread_hci.o
LOAD Middlewares/STM32_WPAN/udp.o
LOAD STM32_WPAN/App/app_thread.o
LOAD STM32_WPAN/Target/hw_ipcc.o
LOAD Utilities/stm32_lpm.o
START GROUP
LOAD c:/st/stm32cubeide_1.0.0/stm32cubeide/plugins/com.st.stm32cube.ide.mcu.externaltools.gnu-tools-for-stm32.7-2018-q2-update.win32_1.0.0.201904181610/tools/bin/../lib/gcc/arm-none-eabi/7.3.1/../../../../arm-none-eabi/lib/thumb/v7e-m/fpv4-sp/hard\libc_nano.a
LOAD c:/st/stm32cubeide_1.0.0/stm32cubeide/plugins/com.st.stm32cube.ide.mcu.externaltools.gnu-tools-for-stm32.7-2018-q2-update.win32_1.0.0.201904181610/tools/bin/../lib/gcc/arm-none-eabi/7.3.1/../../../../arm-none-eabi/lib/thumb/v7e-m/fpv4-sp/hard\libm.a
END GROUP
START GROUP
LOAD c:/st/stm32cubeide_1.0.0/stm32cubeide/plugins/com.st.stm32cube.ide.mcu.externaltools.gnu-tools-for-stm32.7-2018-q2-update.win32_1.0.0.201904181610/tools/bin/../lib/gcc/arm-none-eabi/7.3.1/thumb/v7e-m/fpv4-sp/hard\libgcc.a
LOAD c:/st/stm32cubeide_1.0.0/stm32cubeide/plugins/com.st.stm32cube.ide.mcu.externaltools.gnu-tools-for-stm32.7-2018-q2-update.win32_1.0.0.201904181610/tools/bin/../lib/gcc/arm-none-eabi/7.3.1/../../../../arm-none-eabi/lib/thumb/v7e-m/fpv4-sp/hard\libc_nano.a
END GROUP
START GROUP
LOAD c:/st/stm32cubeide_1.0.0/stm32cubeide/plugins/com.st.stm32cube.ide.mcu.externaltools.gnu-tools-for-stm32.7-2018-q2-update.win32_1.0.0.201904181610/tools/bin/../lib/gcc/arm-none-eabi/7.3.1/thumb/v7e-m/fpv4-sp/hard\libgcc.a
LOAD c:/st/stm32cubeide_1.0.0/stm32cubeide/plugins/com.st.stm32cube.ide.mcu.externaltools.gnu-tools-for-stm32.7-2018-q2-update.win32_1.0.0.201904181610/tools/bin/../lib/gcc/arm-none-eabi/7.3.1/../../../../arm-none-eabi/lib/thumb/v7e-m/fpv4-sp/hard\libc_nano.a
LOAD c:/st/stm32cubeide_1.0.0/stm32cubeide/plugins/com.st.stm32cube.ide.mcu.externaltools.gnu-tools-for-stm32.7-2018-q2-update.win32_1.0.0.201904181610/tools/bin/../lib/gcc/arm-none-eabi/7.3.1/../../../../arm-none-eabi/lib/thumb/v7e-m/fpv4-sp/hard\libnosys.a
END GROUP
START GROUP
LOAD c:/st/stm32cubeide_1.0.0/stm32cubeide/plugins/com.st.stm32cube.ide.mcu.externaltools.gnu-tools-for-stm32.7-2018-q2-update.win32_1.0.0.201904181610/tools/bin/../lib/gcc/arm-none-eabi/7.3.1/thumb/v7e-m/fpv4-sp/hard\libgcc.a
LOAD c:/st/stm32cubeide_1.0.0/stm32cubeide/plugins/com.st.stm32cube.ide.mcu.externaltools.gnu-tools-for-stm32.7-2018-q2-update.win32_1.0.0.201904181610/tools/bin/../lib/gcc/arm-none-eabi/7.3.1/../../../../arm-none-eabi/lib/thumb/v7e-m/fpv4-sp/hard\libc_nano.a
LOAD c:/st/stm32cubeide_1.0.0/stm32cubeide/plugins/com.st.stm32cube.ide.mcu.externaltools.gnu-tools-for-stm32.7-2018-q2-update.win32_1.0.0.201904181610/tools/bin/../lib/gcc/arm-none-eabi/7.3.1/../../../../arm-none-eabi/lib/thumb/v7e-m/fpv4-sp/hard\libnosys.a
END GROUP
LOAD c:/st/stm32cubeide_1.0.0/stm32cubeide/plugins/com.st.stm32cube.ide.mcu.externaltools.gnu-tools-for-stm32.7-2018-q2-update.win32_1.0.0.201904181610/tools/bin/../lib/gcc/arm-none-eabi/7.3.1/thumb/v7e-m/fpv4-sp/hard/crtend.o
LOAD c:/st/stm32cubeide_1.0.0/stm32cubeide/plugins/com.st.stm32cube.ide.mcu.externaltools.gnu-tools-for-stm32.7-2018-q2-update.win32_1.0.0.201904181610/tools/bin/../lib/gcc/arm-none-eabi/7.3.1/thumb/v7e-m/fpv4-sp/hard/crtn.o
                0x0000000020030000                _estack = 0x20030000
                0x0000000000000200                _Min_Heap_Size = 0x200
                0x0000000000000400                _Min_Stack_Size = 0x400

.isr_vector     0x0000000008000000      0x13c
                0x0000000008000000                . = ALIGN (0x4)
 *(.isr_vector)
 .isr_vector    0x0000000008000000      0x13c Core/Startup/startup_stm32wb55cgux.o
                0x0000000008000000                g_pfnVectors
                0x000000000800013c                . = ALIGN (0x4)

.text           0x0000000008000140     0xa91c
                0x0000000008000140                . = ALIGN (0x4)
 *(.text)
 .text          0x0000000008000140       0x40 c:/st/stm32cubeide_1.0.0/stm32cubeide/plugins/com.st.stm32cube.ide.mcu.externaltools.gnu-tools-for-stm32.7-2018-q2-update.win32_1.0.0.201904181610/tools/bin/../lib/gcc/arm-none-eabi/7.3.1/thumb/v7e-m/fpv4-sp/hard/crtbegin.o
 .text          0x0000000008000180       0x14 c:/st/stm32cubeide_1.0.0/stm32cubeide/plugins/com.st.stm32cube.ide.mcu.externaltools.gnu-tools-for-stm32.7-2018-q2-update.win32_1.0.0.201904181610/tools/bin/../lib/gcc/arm-none-eabi/7.3.1/../../../../arm-none-eabi/lib/thumb/v7e-m/fpv4-sp/hard\libc_nano.a(lib_a-strcmp.o)
                0x0000000008000180                strcmp
 .text          0x0000000008000194       0x30 c:/st/stm32cubeide_1.0.0/stm32cubeide/plugins/com.st.stm32cube.ide.mcu.externaltools.gnu-tools-for-stm32.7-2018-q2-update.win32_1.0.0.201904181610/tools/bin/../lib/gcc/arm-none-eabi/7.3.1/thumb/v7e-m/fpv4-sp/hard\libgcc.a(_aeabi_uldivmod.o)
                0x0000000008000194                __aeabi_uldivmod
 .text          0x00000000080001c4      0x2cc c:/st/stm32cubeide_1.0.0/stm32cubeide/plugins/com.st.stm32cube.ide.mcu.externaltools.gnu-tools-for-stm32.7-2018-q2-update.win32_1.0.0.201904181610/tools/bin/../lib/gcc/arm-none-eabi/7.3.1/thumb/v7e-m/fpv4-sp/hard\libgcc.a(_udivmoddi4.o)
                0x00000000080001c4                __udivmoddi4
 .text          0x0000000008000490        0x4 c:/st/stm32cubeide_1.0.0/stm32cubeide/plugins/com.st.stm32cube.ide.mcu.externaltools.gnu-tools-for-stm32.7-2018-q2-update.win32_1.0.0.201904181610/tools/bin/../lib/gcc/arm-none-eabi/7.3.1/thumb/v7e-m/fpv4-sp/hard\libgcc.a(_dvmd_tls.o)
                0x0000000008000490                __aeabi_idiv0
                0x0000000008000490                __aeabi_ldiv0
 *(.text*)
 .text.MX_ADC1_Init
                0x0000000008000494       0x88 Core/Src/adc.o
                0x0000000008000494                MX_ADC1_Init
 .text.HAL_ADC_MspInit
                0x000000000800051c       0x98 Core/Src/adc.o
                0x000000000800051c                HAL_ADC_MspInit
 .text.SystemPower_Config
                0x00000000080005b4       0x14 Core/Src/app_entry.o
 .text.appe_Tl_Init
                0x00000000080005c8       0x84 Core/Src/app_entry.o
 .text.APPE_SysEvtReadyProcessing
                0x000000000800064c       0x14 Core/Src/app_entry.o
 .text.APPE_SysEvtError
                0x0000000008000660       0x3c Core/Src/app_entry.o
 .text.APPE_SysUserEvtRx
                0x000000000800069c       0x26 Core/Src/app_entry.o
 *fill*         0x00000000080006c2        0x2 
 .text.APPE_SysStatusNot
                0x00000000080006c4       0x28 Core/Src/app_entry.o
 .text.ShciUserEvtProcess
                0x00000000080006ec       0x14 Core/Src/app_entry.o
 .text.APPE_Init
                0x0000000008000700       0x18 Core/Src/app_entry.o
                0x0000000008000700                APPE_Init
 .text.shci_notify_asynch_evt
                0x0000000008000718       0x14 Core/Src/app_entry.o
                0x0000000008000718                shci_notify_asynch_evt
 .text.shci_cmd_resp_release
                0x000000000800072c       0x10 Core/Src/app_entry.o
                0x000000000800072c                shci_cmd_resp_release
 .text.shci_cmd_resp_wait
                0x000000000800073c       0x14 Core/Src/app_entry.o
                0x000000000800073c                shci_cmd_resp_wait
 .text.TL_TRACES_EvtReceived
                0x0000000008000750        0x8 Core/Src/app_entry.o
                0x0000000008000750                TL_TRACES_EvtReceived
 .text.StartDefaultTask
                0x0000000008000758        0xa Core/Src/app_freertos.o
                0x0000000008000758                StartDefaultTask
 *fill*         0x0000000008000762        0x2 
 .text.MX_FREERTOS_Init
                0x0000000008000764       0xd4 Core/Src/app_freertos.o
                0x0000000008000764                MX_FREERTOS_Init
 .text.BlinkTask
                0x0000000008000838       0xf0 Core/Src/blink.o
                0x0000000008000838                BlinkTask
 .text.HAL_ADC_ErrorCallback
                0x0000000008000928       0x10 Core/Src/blink.o
                0x0000000008000928                HAL_ADC_ErrorCallback
 .text.HAL_ADC_ConvCpltCallback
                0x0000000008000938       0x20 Core/Src/blink.o
                0x0000000008000938                HAL_ADC_ConvCpltCallback
 .text.HAL_ADC_ConvHalfCpltCallback
                0x0000000008000958       0x20 Core/Src/blink.o
                0x0000000008000958                HAL_ADC_ConvHalfCpltCallback
 .text.MX_DMA_Init
                0x0000000008000978       0x42 Core/Src/dma.o
                0x0000000008000978                MX_DMA_Init
 .text.LpTimerCb
                0x00000000080009ba        0x2 Core/Src/freertos_port.o
 .text.LpTimerStart
                0x00000000080009bc       0x78 Core/Src/freertos_port.o
 .text.LpGetElapsedTime
                0x0000000008000a34       0x34 Core/Src/freertos_port.o
 .text.LpTimerInit
                0x0000000008000a68       0x18 Core/Src/freertos_port.o
 .text.vPortSuppressTicksAndSleep
                0x0000000008000a80       0x74 Core/Src/freertos_port.o
                0x0000000008000a80                vPortSuppressTicksAndSleep
 .text.vPortSetupTimerInterrupt
                0x0000000008000af4       0x4c Core/Src/freertos_port.o
                0x0000000008000af4                vPortSetupTimerInterrupt
 .text.MX_GPIO_Init
                0x0000000008000b40       0xd8 Core/Src/gpio.o
                0x0000000008000b40                MX_GPIO_Init
 .text.ReadRtcSsrValue
                0x0000000008000c18       0x20 Core/Src/hw_timerserver.o
 .text.LinkTimerAfter
                0x0000000008000c38       0x40 Core/Src/hw_timerserver.o
 .text.LinkTimerBefore
                0x0000000008000c78       0x60 Core/Src/hw_timerserver.o
 .text.UnlinkTimer
                0x0000000008000cd8       0x98 Core/Src/hw_timerserver.o
 .text.ReturnTimeElapsed
                0x0000000008000d70       0x5c Core/Src/hw_timerserver.o
 .text.linkTimer
                0x0000000008000dcc       0xd8 Core/Src/hw_timerserver.o
 .text.RestartWakeupCounter
                0x0000000008000ea4       0x90 Core/Src/hw_timerserver.o
 .text.RescheduleTimerList
                0x0000000008000f34       0xd0 Core/Src/hw_timerserver.o
 .text.HW_TS_Init
                0x0000000008001004      0x14c Core/Src/hw_timerserver.o
                0x0000000008001004                HW_TS_Init
 .text.HW_TS_Create
                0x0000000008001150       0x64 Core/Src/hw_timerserver.o
                0x0000000008001150                HW_TS_Create
 .text.HW_TS_Stop
                0x00000000080011b4       0xc8 Core/Src/hw_timerserver.o
                0x00000000080011b4                HW_TS_Stop
 .text.HW_TS_Start
                0x000000000800127c       0x9c Core/Src/hw_timerserver.o
                0x000000000800127c                HW_TS_Start
 .text.HW_TS_RTC_ReadLeftTicksToCount
                0x0000000008001318       0x38 Core/Src/hw_timerserver.o
                0x0000000008001318                HW_TS_RTC_ReadLeftTicksToCount
 .text.HW_UART_Receive_IT
                0x0000000008001350       0x24 Core/Src/hw_uart.o
                0x0000000008001350                HW_UART_Receive_IT
 .text.HW_UART_Transmit_IT
                0x0000000008001374       0x24 Core/Src/hw_uart.o
                0x0000000008001374                HW_UART_Transmit_IT
 .text.HAL_UART_RxCpltCallback
                0x0000000008001398       0x1c Core/Src/hw_uart.o
                0x0000000008001398                HAL_UART_RxCpltCallback
 .text.MX_I2C1_Init
                0x00000000080013b4       0x58 Core/Src/i2c.o
                0x00000000080013b4                MX_I2C1_Init
 .text.HAL_I2C_MspInit
                0x000000000800140c       0x68 Core/Src/i2c.o
                0x000000000800140c                HAL_I2C_MspInit
 .text.setup_LP5523
                0x0000000008001474       0xec Core/Src/lp5523.o
                0x0000000008001474                setup_LP5523
 .text.FrontLightsSet
                0x0000000008001560       0x64 Core/Src/lp5523.o
                0x0000000008001560                FrontLightsSet
 .text.ThreadFrontLightsTask
                0x00000000080015c4       0x98 Core/Src/lp5523.o
                0x00000000080015c4                ThreadFrontLightsTask
 .text.SystemClock_Config
                0x000000000800165c       0xe8 Core/Src/main.o
                0x000000000800165c                SystemClock_Config
 .text.main     0x0000000008001744       0x34 Core/Src/main.o
                0x0000000008001744                main
 .text.HAL_TIM_PeriodElapsedCallback
                0x0000000008001778       0x18 Core/Src/main.o
                0x0000000008001778                HAL_TIM_PeriodElapsedCallback
 .text.Error_Handler
                0x0000000008001790        0x2 Core/Src/main.o
                0x0000000008001790                Error_Handler
 .text.MX_RF_Init
                0x0000000008001792        0x2 Core/Src/rf.o
                0x0000000008001792                MX_RF_Init
 .text.MX_RTC_Init
                0x0000000008001794       0x2c Core/Src/rtc.o
                0x0000000008001794                MX_RTC_Init
 .text.HAL_RTC_MspInit
                0x00000000080017c0       0x20 Core/Src/rtc.o
                0x00000000080017c0                HAL_RTC_MspInit
 .text.HAL_MspInit
                0x00000000080017e0       0x40 Core/Src/stm32wbxx_hal_msp.o
                0x00000000080017e0                HAL_MspInit
 .text.HAL_InitTick
                0x0000000008001820       0x78 Core/Src/stm32wbxx_hal_timebase_tim.o
                0x0000000008001820                HAL_InitTick
 .text.NMI_Handler
                0x0000000008001898        0x2 Core/Src/stm32wbxx_it.o
                0x0000000008001898                NMI_Handler
 .text.HardFault_Handler
                0x000000000800189a        0x2 Core/Src/stm32wbxx_it.o
                0x000000000800189a                HardFault_Handler
 .text.MemManage_Handler
                0x000000000800189c        0x2 Core/Src/stm32wbxx_it.o
                0x000000000800189c                MemManage_Handler
 .text.BusFault_Handler
                0x000000000800189e        0x2 Core/Src/stm32wbxx_it.o
                0x000000000800189e                BusFault_Handler
 .text.UsageFault_Handler
                0x00000000080018a0        0x2 Core/Src/stm32wbxx_it.o
                0x00000000080018a0                UsageFault_Handler
 .text.DebugMon_Handler
                0x00000000080018a2        0x2 Core/Src/stm32wbxx_it.o
                0x00000000080018a2                DebugMon_Handler
 .text.DMA1_Channel1_IRQHandler
                0x00000000080018a4       0x10 Core/Src/stm32wbxx_it.o
                0x00000000080018a4                DMA1_Channel1_IRQHandler
 .text.TIM1_UP_TIM16_IRQHandler
                0x00000000080018b4       0x10 Core/Src/stm32wbxx_it.o
                0x00000000080018b4                TIM1_UP_TIM16_IRQHandler
 .text.IPCC_C1_TX_IRQHandler
                0x00000000080018c4        0x8 Core/Src/stm32wbxx_it.o
                0x00000000080018c4                IPCC_C1_TX_IRQHandler
 .text.IPCC_C1_RX_IRQHandler
                0x00000000080018cc        0x8 Core/Src/stm32wbxx_it.o
                0x00000000080018cc                IPCC_C1_RX_IRQHandler
 .text.logApplication
                0x00000000080018d4        0x6 Core/Src/stm_logging.o
                0x00000000080018d4                logApplication
 *fill*         0x00000000080018da        0x2 
 .text.SystemInit
                0x00000000080018dc       0x64 Core/Src/system_stm32wbxx.o
                0x00000000080018dc                SystemInit
 .text.SystemCoreClockUpdate
                0x0000000008001940       0xc4 Core/Src/system_stm32wbxx.o
                0x0000000008001940                SystemCoreClockUpdate
 .text.HAL_TIM_Base_MspInit
                0x0000000008001a04       0x26 Core/Src/tim.o
                0x0000000008001a04                HAL_TIM_Base_MspInit
 *fill*         0x0000000008001a2a        0x2 
 .text.HAL_TIM_MspPostInit
                0x0000000008001a2c       0x50 Core/Src/tim.o
                0x0000000008001a2c                HAL_TIM_MspPostInit
 .text.MX_TIM2_Init
                0x0000000008001a7c       0xb4 Core/Src/tim.o
                0x0000000008001a7c                MX_TIM2_Init
 .text.MX_USART1_UART_Init
                0x0000000008001b30       0x6c Core/Src/usart.o
                0x0000000008001b30                MX_USART1_UART_Init
 .text.HAL_UART_MspInit
                0x0000000008001b9c       0x64 Core/Src/usart.o
                0x0000000008001b9c                HAL_UART_MspInit
 .text.data_initializers
                0x0000000008001c00       0x18 Core/Startup/startup_stm32wb55cgux.o
 .text.Reset_Handler
                0x0000000008001c18       0x54 Core/Startup/startup_stm32wb55cgux.o
                0x0000000008001c18                Reset_Handler
 .text.Default_Handler
                0x0000000008001c6c        0x2 Core/Startup/startup_stm32wb55cgux.o
                0x0000000008001c6c                RTC_Alarm_IRQHandler
                0x0000000008001c6c                EXTI2_IRQHandler
                0x0000000008001c6c                TIM1_CC_IRQHandler
                0x0000000008001c6c                TSC_IRQHandler
                0x0000000008001c6c                USB_HP_IRQHandler
                0x0000000008001c6c                EXTI3_IRQHandler
                0x0000000008001c6c                LPTIM2_IRQHandler
                0x0000000008001c6c                I2C3_ER_IRQHandler
                0x0000000008001c6c                EXTI0_IRQHandler
                0x0000000008001c6c                FPU_IRQHandler
                0x0000000008001c6c                AES1_IRQHandler
                0x0000000008001c6c                SPI1_IRQHandler
                0x0000000008001c6c                PWR_SOTF_BLEACT_802ACT_RFPHASE_IRQHandler
                0x0000000008001c6c                DMA2_Channel2_IRQHandler
                0x0000000008001c6c                DMA1_Channel4_IRQHandler
                0x0000000008001c6c                ADC1_IRQHandler
                0x0000000008001c6c                PKA_IRQHandler
                0x0000000008001c6c                DMA1_Channel7_IRQHandler
                0x0000000008001c6c                LCD_IRQHandler
                0x0000000008001c6c                DMA2_Channel1_IRQHandler
                0x0000000008001c6c                QUADSPI_IRQHandler
                0x0000000008001c6c                I2C1_EV_IRQHandler
                0x0000000008001c6c                DMAMUX1_OVR_IRQHandler
                0x0000000008001c6c                DMA1_Channel6_IRQHandler
                0x0000000008001c6c                DMA2_Channel4_IRQHandler
                0x0000000008001c6c                RCC_IRQHandler
                0x0000000008001c6c                Default_Handler
                0x0000000008001c6c                DMA2_Channel7_IRQHandler
                0x0000000008001c6c                EXTI15_10_IRQHandler
                0x0000000008001c6c                C2SEV_PWR_C2H_IRQHandler
                0x0000000008001c6c                AES2_IRQHandler
                0x0000000008001c6c                I2C3_EV_IRQHandler
                0x0000000008001c6c                EXTI9_5_IRQHandler
                0x0000000008001c6c                RTC_WKUP_IRQHandler
                0x0000000008001c6c                PVD_PVM_IRQHandler
                0x0000000008001c6c                SPI2_IRQHandler
                0x0000000008001c6c                DMA2_Channel5_IRQHandler
                0x0000000008001c6c                CRS_IRQHandler
                0x0000000008001c6c                DMA1_Channel5_IRQHandler
                0x0000000008001c6c                USB_LP_IRQHandler
                0x0000000008001c6c                EXTI4_IRQHandler
                0x0000000008001c6c                RNG_IRQHandler
                0x0000000008001c6c                TIM1_TRG_COM_TIM17_IRQHandler
                0x0000000008001c6c                TAMP_STAMP_LSECSS_IRQHandler
                0x0000000008001c6c                DMA1_Channel3_IRQHandler
                0x0000000008001c6c                COMP_IRQHandler
                0x0000000008001c6c                HSEM_IRQHandler
                0x0000000008001c6c                WWDG_IRQHandler
                0x0000000008001c6c                LPUART1_IRQHandler
                0x0000000008001c6c                DMA2_Channel6_IRQHandler
                0x0000000008001c6c                TIM2_IRQHandler
                0x0000000008001c6c                TIM1_BRK_IRQHandler
                0x0000000008001c6c                EXTI1_IRQHandler
                0x0000000008001c6c                DMA1_Channel2_IRQHandler
                0x0000000008001c6c                FLASH_IRQHandler
                0x0000000008001c6c                USART1_IRQHandler
                0x0000000008001c6c                I2C1_ER_IRQHandler
                0x0000000008001c6c                LPTIM1_IRQHandler
                0x0000000008001c6c                SAI1_IRQHandler
                0x0000000008001c6c                DMA2_Channel3_IRQHandler
 *fill*         0x0000000008001c6e        0x2 
 .text.HAL_Init
                0x0000000008001c70       0x2c Drivers/STM32WBxx_HAL_Driver/stm32wbxx_hal.o
                0x0000000008001c70                HAL_Init
 .text.HAL_IncTick
                0x0000000008001c9c       0x18 Drivers/STM32WBxx_HAL_Driver/stm32wbxx_hal.o
                0x0000000008001c9c                HAL_IncTick
 .text.HAL_GetTick
                0x0000000008001cb4        0xc Drivers/STM32WBxx_HAL_Driver/stm32wbxx_hal.o
                0x0000000008001cb4                HAL_GetTick
 .text.HAL_GetTickPrio
                0x0000000008001cc0        0xc Drivers/STM32WBxx_HAL_Driver/stm32wbxx_hal.o
                0x0000000008001cc0                HAL_GetTickPrio
 .text.HAL_ADC_Init
                0x0000000008001ccc      0x1e4 Drivers/STM32WBxx_HAL_Driver/stm32wbxx_hal_adc.o
                0x0000000008001ccc                HAL_ADC_Init
 .text.ADC_DMAHalfConvCplt
                0x0000000008001eb0        0xa Drivers/STM32WBxx_HAL_Driver/stm32wbxx_hal_adc.o
                0x0000000008001eb0                ADC_DMAHalfConvCplt
 .text.ADC_DMAConvCplt
                0x0000000008001eba       0x88 Drivers/STM32WBxx_HAL_Driver/stm32wbxx_hal_adc.o
                0x0000000008001eba                ADC_DMAConvCplt
 .text.ADC_DMAError
                0x0000000008001f42       0x1a Drivers/STM32WBxx_HAL_Driver/stm32wbxx_hal_adc.o
                0x0000000008001f42                ADC_DMAError
 .text.HAL_ADC_ConfigChannel
                0x0000000008001f5c      0x428 Drivers/STM32WBxx_HAL_Driver/stm32wbxx_hal_adc.o
                0x0000000008001f5c                HAL_ADC_ConfigChannel
 .text.ADC_ConversionStop
                0x0000000008002384      0x100 Drivers/STM32WBxx_HAL_Driver/stm32wbxx_hal_adc.o
                0x0000000008002384                ADC_ConversionStop
 .text.ADC_Enable
                0x0000000008002484       0x90 Drivers/STM32WBxx_HAL_Driver/stm32wbxx_hal_adc.o
                0x0000000008002484                ADC_Enable
 .text.HAL_ADC_Start_DMA
                0x0000000008002514       0xc4 Drivers/STM32WBxx_HAL_Driver/stm32wbxx_hal_adc.o
                0x0000000008002514                HAL_ADC_Start_DMA
 .text.ADC_Disable
                0x00000000080025d8       0x8e Drivers/STM32WBxx_HAL_Driver/stm32wbxx_hal_adc.o
                0x00000000080025d8                ADC_Disable
 .text.HAL_ADC_Stop_DMA
                0x0000000008002666       0x82 Drivers/STM32WBxx_HAL_Driver/stm32wbxx_hal_adc.o
                0x0000000008002666                HAL_ADC_Stop_DMA
 .text.HAL_NVIC_SetPriorityGrouping
                0x00000000080026e8       0x24 Drivers/STM32WBxx_HAL_Driver/stm32wbxx_hal_cortex.o
                0x00000000080026e8                HAL_NVIC_SetPriorityGrouping
 .text.HAL_NVIC_SetPriority
                0x000000000800270c       0x68 Drivers/STM32WBxx_HAL_Driver/stm32wbxx_hal_cortex.o
                0x000000000800270c                HAL_NVIC_SetPriority
 .text.HAL_NVIC_EnableIRQ
                0x0000000008002774       0x1c Drivers/STM32WBxx_HAL_Driver/stm32wbxx_hal_cortex.o
                0x0000000008002774                HAL_NVIC_EnableIRQ
 .text.HAL_NVIC_DisableIRQ
                0x0000000008002790       0x24 Drivers/STM32WBxx_HAL_Driver/stm32wbxx_hal_cortex.o
                0x0000000008002790                HAL_NVIC_DisableIRQ
 .text.HAL_NVIC_SystemReset
                0x00000000080027b4       0x24 Drivers/STM32WBxx_HAL_Driver/stm32wbxx_hal_cortex.o
                0x00000000080027b4                HAL_NVIC_SystemReset
 .text.HAL_NVIC_SetPendingIRQ
                0x00000000080027d8       0x1c Drivers/STM32WBxx_HAL_Driver/stm32wbxx_hal_cortex.o
                0x00000000080027d8                HAL_NVIC_SetPendingIRQ
 .text.HAL_NVIC_ClearPendingIRQ
                0x00000000080027f4       0x1c Drivers/STM32WBxx_HAL_Driver/stm32wbxx_hal_cortex.o
                0x00000000080027f4                HAL_NVIC_ClearPendingIRQ
 .text.DMA_SetConfig
                0x0000000008002810       0x40 Drivers/STM32WBxx_HAL_Driver/stm32wbxx_hal_dma.o
 .text.DMA_CalcDMAMUXChannelBaseAndMask
                0x0000000008002850       0x54 Drivers/STM32WBxx_HAL_Driver/stm32wbxx_hal_dma.o
 .text.DMA_CalcDMAMUXRequestGenBaseAndMask
                0x00000000080028a4       0x28 Drivers/STM32WBxx_HAL_Driver/stm32wbxx_hal_dma.o
 .text.HAL_DMA_Init
                0x00000000080028cc       0xdc Drivers/STM32WBxx_HAL_Driver/stm32wbxx_hal_dma.o
                0x00000000080028cc                HAL_DMA_Init
 .text.HAL_DMA_Start_IT
                0x00000000080029a8       0x94 Drivers/STM32WBxx_HAL_Driver/stm32wbxx_hal_dma.o
                0x00000000080029a8                HAL_DMA_Start_IT
 .text.HAL_DMA_Abort
                0x0000000008002a3c       0x74 Drivers/STM32WBxx_HAL_Driver/stm32wbxx_hal_dma.o
                0x0000000008002a3c                HAL_DMA_Abort
 .text.HAL_DMA_IRQHandler
                0x0000000008002ab0       0xc4 Drivers/STM32WBxx_HAL_Driver/stm32wbxx_hal_dma.o
                0x0000000008002ab0                HAL_DMA_IRQHandler
 .text.HAL_GPIO_Init
                0x0000000008002b74      0x180 Drivers/STM32WBxx_HAL_Driver/stm32wbxx_hal_gpio.o
                0x0000000008002b74                HAL_GPIO_Init
 .text.I2C_Flush_TXDR
                0x0000000008002cf4       0x22 Drivers/STM32WBxx_HAL_Driver/stm32wbxx_hal_i2c.o
 .text.I2C_TransferConfig
                0x0000000008002d16       0x36 Drivers/STM32WBxx_HAL_Driver/stm32wbxx_hal_i2c.o
 .text.I2C_IsAcknowledgeFailed
                0x0000000008002d4c       0x90 Drivers/STM32WBxx_HAL_Driver/stm32wbxx_hal_i2c.o
 .text.I2C_WaitOnTXISFlagUntilTimeout
                0x0000000008002ddc       0x56 Drivers/STM32WBxx_HAL_Driver/stm32wbxx_hal_i2c.o
 .text.I2C_WaitOnFlagUntilTimeout
                0x0000000008002e32       0x52 Drivers/STM32WBxx_HAL_Driver/stm32wbxx_hal_i2c.o
 .text.I2C_RequestMemoryWrite
                0x0000000008002e84       0x70 Drivers/STM32WBxx_HAL_Driver/stm32wbxx_hal_i2c.o
 .text.I2C_WaitOnSTOPFlagUntilTimeout
                0x0000000008002ef4       0x50 Drivers/STM32WBxx_HAL_Driver/stm32wbxx_hal_i2c.o
 .text.HAL_I2C_Init
                0x0000000008002f44       0xbc Drivers/STM32WBxx_HAL_Driver/stm32wbxx_hal_i2c.o
                0x0000000008002f44                HAL_I2C_Init
 .text.HAL_I2C_Mem_Write
                0x0000000008003000      0x1a4 Drivers/STM32WBxx_HAL_Driver/stm32wbxx_hal_i2c.o
                0x0000000008003000                HAL_I2C_Mem_Write
 .text.HAL_I2CEx_ConfigAnalogFilter
                0x00000000080031a4       0x5c Drivers/STM32WBxx_HAL_Driver/stm32wbxx_hal_i2c_ex.o
                0x00000000080031a4                HAL_I2CEx_ConfigAnalogFilter
 .text.HAL_I2CEx_ConfigDigitalFilter
                0x0000000008003200       0x58 Drivers/STM32WBxx_HAL_Driver/stm32wbxx_hal_i2c_ex.o
                0x0000000008003200                HAL_I2CEx_ConfigDigitalFilter
 .text.HAL_PWR_EnableBkUpAccess
                0x0000000008003258       0x10 Drivers/STM32WBxx_HAL_Driver/stm32wbxx_hal_pwr.o
                0x0000000008003258                HAL_PWR_EnableBkUpAccess
 .text.HAL_PWREx_GetVoltageRange
                0x0000000008003268       0x10 Drivers/STM32WBxx_HAL_Driver/stm32wbxx_hal_pwr_ex.o
                0x0000000008003268                HAL_PWREx_GetVoltageRange
 .text.RCC_SetFlashLatency
                0x0000000008003278       0xbc Drivers/STM32WBxx_HAL_Driver/stm32wbxx_hal_rcc.o
 .text.RCC_SetFlashLatencyFromMSIRange
                0x0000000008003334       0x4c Drivers/STM32WBxx_HAL_Driver/stm32wbxx_hal_rcc.o
 .text.HAL_RCC_OscConfig
                0x0000000008003380      0x714 Drivers/STM32WBxx_HAL_Driver/stm32wbxx_hal_rcc.o
                0x0000000008003380                HAL_RCC_OscConfig
 .text.HAL_RCC_ClockConfig
                0x0000000008003a94      0x25c Drivers/STM32WBxx_HAL_Driver/stm32wbxx_hal_rcc.o
                0x0000000008003a94                HAL_RCC_ClockConfig
 .text.HAL_RCC_GetSysClockFreq
                0x0000000008003cf0       0xbc Drivers/STM32WBxx_HAL_Driver/stm32wbxx_hal_rcc.o
                0x0000000008003cf0                HAL_RCC_GetSysClockFreq
 .text.HAL_RCC_GetHCLKFreq
                0x0000000008003dac       0x20 Drivers/STM32WBxx_HAL_Driver/stm32wbxx_hal_rcc.o
                0x0000000008003dac                HAL_RCC_GetHCLKFreq
 .text.HAL_RCC_GetPCLK1Freq
                0x0000000008003dcc       0x24 Drivers/STM32WBxx_HAL_Driver/stm32wbxx_hal_rcc.o
                0x0000000008003dcc                HAL_RCC_GetPCLK1Freq
 .text.HAL_RCC_GetPCLK2Freq
                0x0000000008003df0       0x24 Drivers/STM32WBxx_HAL_Driver/stm32wbxx_hal_rcc.o
                0x0000000008003df0                HAL_RCC_GetPCLK2Freq
 .text.HAL_RCC_GetClockConfig
                0x0000000008003e14       0x4c Drivers/STM32WBxx_HAL_Driver/stm32wbxx_hal_rcc.o
                0x0000000008003e14                HAL_RCC_GetClockConfig
 .text.RCCEx_PLLSAI1_ConfigNP
                0x0000000008003e60       0x8e Drivers/STM32WBxx_HAL_Driver/stm32wbxx_hal_rcc_ex.o
 .text.RCCEx_PLLSAI1_ConfigNQ
                0x0000000008003eee       0x8e Drivers/STM32WBxx_HAL_Driver/stm32wbxx_hal_rcc_ex.o
 .text.RCCEx_PLLSAI1_ConfigNR
                0x0000000008003f7c       0x8e Drivers/STM32WBxx_HAL_Driver/stm32wbxx_hal_rcc_ex.o
 .text.HAL_RCCEx_PeriphCLKConfig
                0x000000000800400a      0x314 Drivers/STM32WBxx_HAL_Driver/stm32wbxx_hal_rcc_ex.o
                0x000000000800400a                HAL_RCCEx_PeriphCLKConfig
 .text.HAL_RTC_WaitForSynchro
                0x000000000800431e       0x32 Drivers/STM32WBxx_HAL_Driver/stm32wbxx_hal_rtc.o
                0x000000000800431e                HAL_RTC_WaitForSynchro
 .text.RTC_EnterInitMode
                0x0000000008004350       0x3c Drivers/STM32WBxx_HAL_Driver/stm32wbxx_hal_rtc.o
                0x0000000008004350                RTC_EnterInitMode
 .text.HAL_RTC_Init
                0x000000000800438c       0xda Drivers/STM32WBxx_HAL_Driver/stm32wbxx_hal_rtc.o
                0x000000000800438c                HAL_RTC_Init
 *fill*         0x0000000008004466        0x2 
 .text.TIM_OC1_SetConfig
                0x0000000008004468       0x7c Drivers/STM32WBxx_HAL_Driver/stm32wbxx_hal_tim.o
 .text.TIM_OC3_SetConfig
                0x00000000080044e4       0x74 Drivers/STM32WBxx_HAL_Driver/stm32wbxx_hal_tim.o
 .text.TIM_OC4_SetConfig
                0x0000000008004558       0x5c Drivers/STM32WBxx_HAL_Driver/stm32wbxx_hal_tim.o
 .text.TIM_OC5_SetConfig
                0x00000000080045b4       0x58 Drivers/STM32WBxx_HAL_Driver/stm32wbxx_hal_tim.o
 .text.TIM_OC6_SetConfig
                0x000000000800460c       0x5c Drivers/STM32WBxx_HAL_Driver/stm32wbxx_hal_tim.o
 .text.TIM_TI1_ConfigInputStage
                0x0000000008004668       0x26 Drivers/STM32WBxx_HAL_Driver/stm32wbxx_hal_tim.o
 .text.TIM_TI2_ConfigInputStage
                0x000000000800468e       0x28 Drivers/STM32WBxx_HAL_Driver/stm32wbxx_hal_tim.o
 .text.TIM_ITRx_SetConfig
                0x00000000080046b6       0x14 Drivers/STM32WBxx_HAL_Driver/stm32wbxx_hal_tim.o
 *fill*         0x00000000080046ca        0x2 
 .text.HAL_TIM_Base_Start
                0x00000000080046cc       0x30 Drivers/STM32WBxx_HAL_Driver/stm32wbxx_hal_tim.o
                0x00000000080046cc                HAL_TIM_Base_Start
 .text.HAL_TIM_Base_Stop
                0x00000000080046fc       0x2e Drivers/STM32WBxx_HAL_Driver/stm32wbxx_hal_tim.o
                0x00000000080046fc                HAL_TIM_Base_Stop
 *fill*         0x000000000800472a        0x2 
 .text.HAL_TIM_Base_Start_IT
                0x000000000800472c       0x2c Drivers/STM32WBxx_HAL_Driver/stm32wbxx_hal_tim.o
                0x000000000800472c                HAL_TIM_Base_Start_IT
 .text.HAL_TIM_PWM_MspInit
                0x0000000008004758        0x2 Drivers/STM32WBxx_HAL_Driver/stm32wbxx_hal_tim.o
                0x0000000008004758                HAL_TIM_PWM_MspInit
 .text.HAL_TIM_OC_DelayElapsedCallback
                0x000000000800475a        0x2 Drivers/STM32WBxx_HAL_Driver/stm32wbxx_hal_tim.o
                0x000000000800475a                HAL_TIM_OC_DelayElapsedCallback
 .text.HAL_TIM_IC_CaptureCallback
                0x000000000800475c        0x2 Drivers/STM32WBxx_HAL_Driver/stm32wbxx_hal_tim.o
                0x000000000800475c                HAL_TIM_IC_CaptureCallback
 .text.HAL_TIM_PWM_PulseFinishedCallback
                0x000000000800475e        0x2 Drivers/STM32WBxx_HAL_Driver/stm32wbxx_hal_tim.o
                0x000000000800475e                HAL_TIM_PWM_PulseFinishedCallback
 .text.HAL_TIM_TriggerCallback
                0x0000000008004760        0x2 Drivers/STM32WBxx_HAL_Driver/stm32wbxx_hal_tim.o
                0x0000000008004760                HAL_TIM_TriggerCallback
 .text.HAL_TIM_IRQHandler
                0x0000000008004762      0x19a Drivers/STM32WBxx_HAL_Driver/stm32wbxx_hal_tim.o
                0x0000000008004762                HAL_TIM_IRQHandler
 .text.TIM_Base_SetConfig
                0x00000000080048fc       0x70 Drivers/STM32WBxx_HAL_Driver/stm32wbxx_hal_tim.o
                0x00000000080048fc                TIM_Base_SetConfig
 .text.HAL_TIM_Base_Init
                0x000000000800496c       0x32 Drivers/STM32WBxx_HAL_Driver/stm32wbxx_hal_tim.o
                0x000000000800496c                HAL_TIM_Base_Init
 .text.HAL_TIM_PWM_Init
                0x000000000800499e       0x32 Drivers/STM32WBxx_HAL_Driver/stm32wbxx_hal_tim.o
                0x000000000800499e                HAL_TIM_PWM_Init
 .text.TIM_OC2_SetConfig
                0x00000000080049d0       0x78 Drivers/STM32WBxx_HAL_Driver/stm32wbxx_hal_tim.o
                0x00000000080049d0                TIM_OC2_SetConfig
 .text.HAL_TIM_PWM_ConfigChannel
                0x0000000008004a48      0x134 Drivers/STM32WBxx_HAL_Driver/stm32wbxx_hal_tim.o
                0x0000000008004a48                HAL_TIM_PWM_ConfigChannel
 .text.TIM_ETR_SetConfig
                0x0000000008004b7c       0x18 Drivers/STM32WBxx_HAL_Driver/stm32wbxx_hal_tim.o
                0x0000000008004b7c                TIM_ETR_SetConfig
 .text.HAL_TIM_ConfigClockSource
                0x0000000008004b94       0xdc Drivers/STM32WBxx_HAL_Driver/stm32wbxx_hal_tim.o
                0x0000000008004b94                HAL_TIM_ConfigClockSource
 .text.TIM_CCxChannelCmd
                0x0000000008004c70       0x22 Drivers/STM32WBxx_HAL_Driver/stm32wbxx_hal_tim.o
                0x0000000008004c70                TIM_CCxChannelCmd
 *fill*         0x0000000008004c92        0x2 
 .text.HAL_TIM_PWM_Start
                0x0000000008004c94       0x54 Drivers/STM32WBxx_HAL_Driver/stm32wbxx_hal_tim.o
                0x0000000008004c94                HAL_TIM_PWM_Start
 .text.HAL_TIM_PWM_Stop
                0x0000000008004ce8       0x70 Drivers/STM32WBxx_HAL_Driver/stm32wbxx_hal_tim.o
                0x0000000008004ce8                HAL_TIM_PWM_Stop
 .text.HAL_TIMEx_MasterConfigSynchronization
                0x0000000008004d58       0x68 Drivers/STM32WBxx_HAL_Driver/stm32wbxx_hal_tim_ex.o
                0x0000000008004d58                HAL_TIMEx_MasterConfigSynchronization
 .text.HAL_TIMEx_CommutCallback
                0x0000000008004dc0        0x2 Drivers/STM32WBxx_HAL_Driver/stm32wbxx_hal_tim_ex.o
                0x0000000008004dc0                HAL_TIMEx_CommutCallback
 .text.HAL_TIMEx_BreakCallback
                0x0000000008004dc2        0x2 Drivers/STM32WBxx_HAL_Driver/stm32wbxx_hal_tim_ex.o
                0x0000000008004dc2                HAL_TIMEx_BreakCallback
 .text.HAL_TIMEx_Break2Callback
                0x0000000008004dc4        0x2 Drivers/STM32WBxx_HAL_Driver/stm32wbxx_hal_tim_ex.o
                0x0000000008004dc4                HAL_TIMEx_Break2Callback
 .text.UART_TxISR_8BIT
                0x0000000008004dc6       0x44 Drivers/STM32WBxx_HAL_Driver/stm32wbxx_hal_uart.o
 .text.UART_TxISR_16BIT
                0x0000000008004e0a       0x48 Drivers/STM32WBxx_HAL_Driver/stm32wbxx_hal_uart.o
 .text.UART_TxISR_8BIT_FIFOEN
                0x0000000008004e52       0x5c Drivers/STM32WBxx_HAL_Driver/stm32wbxx_hal_uart.o
 .text.UART_TxISR_16BIT_FIFOEN
                0x0000000008004eae       0x60 Drivers/STM32WBxx_HAL_Driver/stm32wbxx_hal_uart.o
 *fill*         0x0000000008004f0e        0x2 
 .text.HAL_UART_Transmit_IT
                0x0000000008004f10       0xb8 Drivers/STM32WBxx_HAL_Driver/stm32wbxx_hal_uart.o
                0x0000000008004f10                HAL_UART_Transmit_IT
 .text.HAL_UART_Receive_IT
                0x0000000008004fc8      0x128 Drivers/STM32WBxx_HAL_Driver/stm32wbxx_hal_uart.o
                0x0000000008004fc8                HAL_UART_Receive_IT
 .text.UART_RxISR_8BIT
                0x00000000080050f0       0x66 Drivers/STM32WBxx_HAL_Driver/stm32wbxx_hal_uart.o
 .text.UART_RxISR_16BIT
                0x0000000008005156       0x64 Drivers/STM32WBxx_HAL_Driver/stm32wbxx_hal_uart.o
 *fill*         0x00000000080051ba        0x2 
 .text.UART_RxISR_8BIT_FIFOEN
                0x00000000080051bc       0xac Drivers/STM32WBxx_HAL_Driver/stm32wbxx_hal_uart.o
 .text.UART_RxISR_16BIT_FIFOEN
                0x0000000008005268       0xa8 Drivers/STM32WBxx_HAL_Driver/stm32wbxx_hal_uart.o
 .text.UART_SetConfig
                0x0000000008005310      0xb44 Drivers/STM32WBxx_HAL_Driver/stm32wbxx_hal_uart.o
                0x0000000008005310                UART_SetConfig
 .text.UART_AdvFeatureConfig
                0x0000000008005e54       0xca Drivers/STM32WBxx_HAL_Driver/stm32wbxx_hal_uart.o
                0x0000000008005e54                UART_AdvFeatureConfig
 .text.UART_WaitOnFlagUntilTimeout
                0x0000000008005f1e       0xa6 Drivers/STM32WBxx_HAL_Driver/stm32wbxx_hal_uart.o
                0x0000000008005f1e                UART_WaitOnFlagUntilTimeout
 .text.UART_CheckIdleState
                0x0000000008005fc4       0x72 Drivers/STM32WBxx_HAL_Driver/stm32wbxx_hal_uart.o
                0x0000000008005fc4                UART_CheckIdleState
 .text.HAL_UART_Init
                0x0000000008006036       0x66 Drivers/STM32WBxx_HAL_Driver/stm32wbxx_hal_uart.o
                0x0000000008006036                HAL_UART_Init
 .text.UARTEx_SetNbDataToProcess
                0x000000000800609c       0x74 Drivers/STM32WBxx_HAL_Driver/stm32wbxx_hal_uart_ex.o
 .text.HAL_UARTEx_DisableFifoMode
                0x0000000008006110       0x3e Drivers/STM32WBxx_HAL_Driver/stm32wbxx_hal_uart_ex.o
                0x0000000008006110                HAL_UARTEx_DisableFifoMode
 .text.HAL_UARTEx_SetTxFifoThreshold
                0x000000000800614e       0x4a Drivers/STM32WBxx_HAL_Driver/stm32wbxx_hal_uart_ex.o
                0x000000000800614e                HAL_UARTEx_SetTxFifoThreshold
 .text.HAL_UARTEx_SetRxFifoThreshold
                0x0000000008006198       0x4a Drivers/STM32WBxx_HAL_Driver/stm32wbxx_hal_uart_ex.o
                0x0000000008006198                HAL_UARTEx_SetRxFifoThreshold
 *fill*         0x00000000080061e2        0x2 
 .text.osKernelInitialize
                0x00000000080061e4       0x44 Middlewares/FreeRTOS/cmsis_os2.o
                0x00000000080061e4                osKernelInitialize
 .text.osKernelStart
                0x0000000008006228       0x4c Middlewares/FreeRTOS/cmsis_os2.o
                0x0000000008006228                osKernelStart
 .text.osThreadNew
                0x0000000008006274       0xe8 Middlewares/FreeRTOS/cmsis_os2.o
                0x0000000008006274                osThreadNew
 .text.osThreadFlagsSet
                0x000000000800635c       0x90 Middlewares/FreeRTOS/cmsis_os2.o
                0x000000000800635c                osThreadFlagsSet
 .text.osThreadFlagsWait
                0x00000000080063ec       0xcc Middlewares/FreeRTOS/cmsis_os2.o
                0x00000000080063ec                osThreadFlagsWait
 .text.osDelay  0x00000000080064b8       0x44 Middlewares/FreeRTOS/cmsis_os2.o
                0x00000000080064b8                osDelay
 .text.osMutexNew
                0x00000000080064fc       0xbc Middlewares/FreeRTOS/cmsis_os2.o
                0x00000000080064fc                osMutexNew
 .text.osMutexAcquire
                0x00000000080065b8       0x80 Middlewares/FreeRTOS/cmsis_os2.o
                0x00000000080065b8                osMutexAcquire
 .text.osMutexRelease
                0x0000000008006638       0x74 Middlewares/FreeRTOS/cmsis_os2.o
                0x0000000008006638                osMutexRelease
 .text.osSemaphoreNew
                0x00000000080066ac       0xe0 Middlewares/FreeRTOS/cmsis_os2.o
                0x00000000080066ac                osSemaphoreNew
 .text.osSemaphoreAcquire
                0x000000000800678c       0x88 Middlewares/FreeRTOS/cmsis_os2.o
                0x000000000800678c                osSemaphoreAcquire
 .text.osSemaphoreRelease
                0x0000000008006814       0x7c Middlewares/FreeRTOS/cmsis_os2.o
                0x0000000008006814                osSemaphoreRelease
 .text.osMessageQueueNew
                0x0000000008006890       0xc0 Middlewares/FreeRTOS/cmsis_os2.o
                0x0000000008006890                osMessageQueueNew
 .text.osMessageQueuePut
                0x0000000008006950       0xa4 Middlewares/FreeRTOS/cmsis_os2.o
                0x0000000008006950                osMessageQueuePut
 .text.osMessageQueueGet
                0x00000000080069f4       0xa4 Middlewares/FreeRTOS/cmsis_os2.o
                0x00000000080069f4                osMessageQueueGet
 .text.vApplicationGetIdleTaskMemory
                0x0000000008006a98       0x18 Middlewares/FreeRTOS/cmsis_os2.o
                0x0000000008006a98                vApplicationGetIdleTaskMemory
 .text.vApplicationGetTimerTaskMemory
                0x0000000008006ab0       0x18 Middlewares/FreeRTOS/cmsis_os2.o
                0x0000000008006ab0                vApplicationGetTimerTaskMemory
 .text.prvHeapInit
                0x0000000008006ac8       0x68 Middlewares/FreeRTOS/heap_4.o
 .text.prvInsertBlockIntoFreeList
                0x0000000008006b30       0x58 Middlewares/FreeRTOS/heap_4.o
 .text.pvPortMalloc
                0x0000000008006b88      0x108 Middlewares/FreeRTOS/heap_4.o
                0x0000000008006b88                pvPortMalloc
 .text.vPortFree
                0x0000000008006c90       0x70 Middlewares/FreeRTOS/heap_4.o
                0x0000000008006c90                vPortFree
 .text.vListInitialise
                0x0000000008006d00       0x16 Middlewares/FreeRTOS/list.o
                0x0000000008006d00                vListInitialise
 .text.vListInitialiseItem
                0x0000000008006d16        0x6 Middlewares/FreeRTOS/list.o
                0x0000000008006d16                vListInitialiseItem
 .text.vListInsertEnd
                0x0000000008006d1c       0x18 Middlewares/FreeRTOS/list.o
                0x0000000008006d1c                vListInsertEnd
 .text.vListInsert
                0x0000000008006d34       0x34 Middlewares/FreeRTOS/list.o
                0x0000000008006d34                vListInsert
 .text.uxListRemove
                0x0000000008006d68       0x28 Middlewares/FreeRTOS/list.o
                0x0000000008006d68                uxListRemove
 .text.prvTaskExitError
                0x0000000008006d90       0x40 Middlewares/FreeRTOS/port.o
 .text.prvPortStartFirstTask
                0x0000000008006dd0       0x28 Middlewares/FreeRTOS/port.o
 .text.vPortEnableVFP
                0x0000000008006df8       0x14 Middlewares/FreeRTOS/port.o
 .text.pxPortInitialiseStack
                0x0000000008006e0c       0x2c Middlewares/FreeRTOS/port.o
                0x0000000008006e0c                pxPortInitialiseStack
 *fill*         0x0000000008006e38        0x8 
 .text.SVC_Handler
                0x0000000008006e40       0x24 Middlewares/FreeRTOS/port.o
                0x0000000008006e40                SVC_Handler
 .text.vPortEnterCritical
                0x0000000008006e64       0x44 Middlewares/FreeRTOS/port.o
                0x0000000008006e64                vPortEnterCritical
 .text.vPortExitCritical
                0x0000000008006ea8       0x2c Middlewares/FreeRTOS/port.o
                0x0000000008006ea8                vPortExitCritical
 *fill*         0x0000000008006ed4        0xc 
 .text.PendSV_Handler
                0x0000000008006ee0       0x64 Middlewares/FreeRTOS/port.o
                0x0000000008006ee0                PendSV_Handler
 .text.SysTick_Handler
                0x0000000008006f44       0x2c Middlewares/FreeRTOS/port.o
                0x0000000008006f44                SysTick_Handler
 .text.xPortStartScheduler
                0x0000000008006f70      0x110 Middlewares/FreeRTOS/port.o
                0x0000000008006f70                xPortStartScheduler
 .text.vPortValidateInterruptPriority
                0x0000000008007080       0x5c Middlewares/FreeRTOS/port.o
                0x0000000008007080                vPortValidateInterruptPriority
 .text.prvGetDisinheritPriorityAfterTimeout
                0x00000000080070dc       0x12 Middlewares/FreeRTOS/queue.o
 .text.prvIsQueueFull
                0x00000000080070ee       0x1e Middlewares/FreeRTOS/queue.o
 .text.prvIsQueueEmpty
                0x000000000800710c       0x1a Middlewares/FreeRTOS/queue.o
 .text.prvCopyDataToQueue
                0x0000000008007126       0x76 Middlewares/FreeRTOS/queue.o
 .text.prvCopyDataFromQueue
                0x000000000800719c       0x24 Middlewares/FreeRTOS/queue.o
 .text.prvUnlockQueue
                0x00000000080071c0       0x6e Middlewares/FreeRTOS/queue.o
 *fill*         0x000000000800722e        0x2 
 .text.xQueueGenericReset
                0x0000000008007230       0x84 Middlewares/FreeRTOS/queue.o
                0x0000000008007230                xQueueGenericReset
 .text.prvInitialiseNewQueue
                0x00000000080072b4       0x22 Middlewares/FreeRTOS/queue.o
 .text.xQueueGenericCreateStatic
                0x00000000080072d6       0x90 Middlewares/FreeRTOS/queue.o
                0x00000000080072d6                xQueueGenericCreateStatic
 .text.xQueueGenericCreate
                0x0000000008007366       0x4e Middlewares/FreeRTOS/queue.o
                0x0000000008007366                xQueueGenericCreate
 .text.xQueueCreateCountingSemaphoreStatic
                0x00000000080073b4       0x4a Middlewares/FreeRTOS/queue.o
                0x00000000080073b4                xQueueCreateCountingSemaphoreStatic
 .text.xQueueCreateCountingSemaphore
                0x00000000080073fe       0x40 Middlewares/FreeRTOS/queue.o
                0x00000000080073fe                xQueueCreateCountingSemaphore
 *fill*         0x000000000800743e        0x2 
 .text.xQueueGenericSend
                0x0000000008007440      0x17c Middlewares/FreeRTOS/queue.o
                0x0000000008007440                xQueueGenericSend
 .text.prvInitialiseMutex
                0x00000000080075bc       0x18 Middlewares/FreeRTOS/queue.o
 .text.xQueueCreateMutex
                0x00000000080075d4       0x16 Middlewares/FreeRTOS/queue.o
                0x00000000080075d4                xQueueCreateMutex
 .text.xQueueCreateMutexStatic
                0x00000000080075ea       0x1e Middlewares/FreeRTOS/queue.o
                0x00000000080075ea                xQueueCreateMutexStatic
 .text.xQueueGiveMutexRecursive
                0x0000000008007608       0x40 Middlewares/FreeRTOS/queue.o
                0x0000000008007608                xQueueGiveMutexRecursive
 .text.xQueueGenericSendFromISR
                0x0000000008007648       0xcc Middlewares/FreeRTOS/queue.o
                0x0000000008007648                xQueueGenericSendFromISR
 .text.xQueueGiveFromISR
                0x0000000008007714       0xb2 Middlewares/FreeRTOS/queue.o
                0x0000000008007714                xQueueGiveFromISR
 *fill*         0x00000000080077c6        0x2 
 .text.xQueueReceive
                0x00000000080077c8      0x158 Middlewares/FreeRTOS/queue.o
                0x00000000080077c8                xQueueReceive
 .text.xQueueSemaphoreTake
                0x0000000008007920      0x19c Middlewares/FreeRTOS/queue.o
                0x0000000008007920                xQueueSemaphoreTake
 .text.xQueueTakeMutexRecursive
                0x0000000008007abc       0x44 Middlewares/FreeRTOS/queue.o
                0x0000000008007abc                xQueueTakeMutexRecursive
 .text.xQueueReceiveFromISR
                0x0000000008007b00       0xaa Middlewares/FreeRTOS/queue.o
                0x0000000008007b00                xQueueReceiveFromISR
 *fill*         0x0000000008007baa        0x2 
 .text.vQueueAddToRegistry
                0x0000000008007bac       0x28 Middlewares/FreeRTOS/queue.o
                0x0000000008007bac                vQueueAddToRegistry
 .text.vQueueUnregisterQueue
                0x0000000008007bd4       0x2c Middlewares/FreeRTOS/queue.o
                0x0000000008007bd4                vQueueUnregisterQueue
 .text.vQueueDelete
                0x0000000008007c00       0x2c Middlewares/FreeRTOS/queue.o
                0x0000000008007c00                vQueueDelete
 .text.vQueueWaitForMessageRestricted
                0x0000000008007c2c       0x52 Middlewares/FreeRTOS/queue.o
                0x0000000008007c2c                vQueueWaitForMessageRestricted
 *fill*         0x0000000008007c7e        0x2 
 .text.prvGetExpectedIdleTime
                0x0000000008007c80       0x4c Middlewares/FreeRTOS/tasks.o
 .text.prvResetNextTaskUnblockTime
                0x0000000008007ccc       0x2c Middlewares/FreeRTOS/tasks.o
 .text.prvInitialiseNewTask
                0x0000000008007cf8       0x90 Middlewares/FreeRTOS/tasks.o
 .text.prvInitialiseTaskLists
                0x0000000008007d88       0x68 Middlewares/FreeRTOS/tasks.o
 .text.prvAddNewTaskToReadyList
                0x0000000008007df0       0xac Middlewares/FreeRTOS/tasks.o
 .text.prvDeleteTCB
                0x0000000008007e9c       0x38 Middlewares/FreeRTOS/tasks.o
 .text.prvCheckTasksWaitingTermination
                0x0000000008007ed4       0x4c Middlewares/FreeRTOS/tasks.o
 .text.prvAddCurrentTaskToDelayedList
                0x0000000008007f20       0x7c Middlewares/FreeRTOS/tasks.o
 .text.xTaskCreateStatic
                0x0000000008007f9c       0x72 Middlewares/FreeRTOS/tasks.o
                0x0000000008007f9c                xTaskCreateStatic
 .text.xTaskCreate
                0x000000000800800e       0x66 Middlewares/FreeRTOS/tasks.o
                0x000000000800800e                xTaskCreate
 .text.vTaskStartScheduler
                0x0000000008008074       0x94 Middlewares/FreeRTOS/tasks.o
                0x0000000008008074                vTaskStartScheduler
 .text.vTaskSuspendAll
                0x0000000008008108       0x10 Middlewares/FreeRTOS/tasks.o
                0x0000000008008108                vTaskSuspendAll
 .text.xTaskGetTickCount
                0x0000000008008118        0xc Middlewares/FreeRTOS/tasks.o
                0x0000000008008118                xTaskGetTickCount
 .text.vTaskStepTick
                0x0000000008008124       0x34 Middlewares/FreeRTOS/tasks.o
                0x0000000008008124                vTaskStepTick
 .text.xTaskIncrementTick
                0x0000000008008158      0x118 Middlewares/FreeRTOS/tasks.o
                0x0000000008008158                xTaskIncrementTick
 .text.xTaskResumeAll
                0x0000000008008270       0xf4 Middlewares/FreeRTOS/tasks.o
                0x0000000008008270                xTaskResumeAll
 .text.vTaskDelay
                0x0000000008008364       0x4c Middlewares/FreeRTOS/tasks.o
                0x0000000008008364                vTaskDelay
 .text.prvIdleTask
                0x00000000080083b0       0x70 Middlewares/FreeRTOS/tasks.o
 .text.vTaskSwitchContext
                0x0000000008008420       0x98 Middlewares/FreeRTOS/tasks.o
                0x0000000008008420                vTaskSwitchContext
 .text.vTaskPlaceOnEventList
                0x00000000080084b8       0x30 Middlewares/FreeRTOS/tasks.o
                0x00000000080084b8                vTaskPlaceOnEventList
 .text.vTaskPlaceOnEventListRestricted
                0x00000000080084e8       0x38 Middlewares/FreeRTOS/tasks.o
                0x00000000080084e8                vTaskPlaceOnEventListRestricted
 .text.xTaskRemoveFromEventList
                0x0000000008008520       0x90 Middlewares/FreeRTOS/tasks.o
                0x0000000008008520                xTaskRemoveFromEventList
 .text.vTaskInternalSetTimeOutState
                0x00000000080085b0       0x18 Middlewares/FreeRTOS/tasks.o
                0x00000000080085b0                vTaskInternalSetTimeOutState
 .text.xTaskCheckForTimeOut
                0x00000000080085c8       0x80 Middlewares/FreeRTOS/tasks.o
                0x00000000080085c8                xTaskCheckForTimeOut
 .text.vTaskMissedYield
                0x0000000008008648        0xc Middlewares/FreeRTOS/tasks.o
                0x0000000008008648                vTaskMissedYield
 .text.eTaskConfirmSleepModeStatus
                0x0000000008008654       0x3c Middlewares/FreeRTOS/tasks.o
                0x0000000008008654                eTaskConfirmSleepModeStatus
 .text.xTaskGetCurrentTaskHandle
                0x0000000008008690        0xc Middlewares/FreeRTOS/tasks.o
                0x0000000008008690                xTaskGetCurrentTaskHandle
 .text.xTaskGetSchedulerState
                0x000000000800869c       0x20 Middlewares/FreeRTOS/tasks.o
                0x000000000800869c                xTaskGetSchedulerState
 .text.xTaskPriorityInherit
                0x00000000080086bc       0x98 Middlewares/FreeRTOS/tasks.o
                0x00000000080086bc                xTaskPriorityInherit
 .text.xTaskPriorityDisinherit
                0x0000000008008754       0x90 Middlewares/FreeRTOS/tasks.o
                0x0000000008008754                xTaskPriorityDisinherit
 .text.vTaskPriorityDisinheritAfterTimeout
                0x00000000080087e4       0xa0 Middlewares/FreeRTOS/tasks.o
                0x00000000080087e4                vTaskPriorityDisinheritAfterTimeout
 .text.pvTaskIncrementMutexHeldCount
                0x0000000008008884       0x1c Middlewares/FreeRTOS/tasks.o
                0x0000000008008884                pvTaskIncrementMutexHeldCount
 .text.xTaskNotifyWait
                0x00000000080088a0       0x98 Middlewares/FreeRTOS/tasks.o
                0x00000000080088a0                xTaskNotifyWait
 .text.xTaskGenericNotify
                0x0000000008008938       0xe4 Middlewares/FreeRTOS/tasks.o
                0x0000000008008938                xTaskGenericNotify
 .text.xTaskGenericNotifyFromISR
                0x0000000008008a1c      0x120 Middlewares/FreeRTOS/tasks.o
                0x0000000008008a1c                xTaskGenericNotifyFromISR
 .text.prvGetNextExpireTime
                0x0000000008008b3c       0x20 Middlewares/FreeRTOS/timers.o
 .text.prvInsertTimerInActiveList
                0x0000000008008b5c       0x48 Middlewares/FreeRTOS/timers.o
 .text.prvCheckForValidListAndQueue
                0x0000000008008ba4       0x70 Middlewares/FreeRTOS/timers.o
 .text.xTimerCreateTimerTask
                0x0000000008008c14       0x64 Middlewares/FreeRTOS/timers.o
                0x0000000008008c14                xTimerCreateTimerTask
 .text.xTimerGenericCommand
                0x0000000008008c78       0x6c Middlewares/FreeRTOS/timers.o
                0x0000000008008c78                xTimerGenericCommand
 .text.prvSwitchTimerLists
                0x0000000008008ce4       0x78 Middlewares/FreeRTOS/timers.o
 .text.prvSampleTimeNow
                0x0000000008008d5c       0x2c Middlewares/FreeRTOS/timers.o
 .text.prvProcessExpiredTimer
                0x0000000008008d88       0x60 Middlewares/FreeRTOS/timers.o
 .text.prvProcessTimerOrBlockTask
                0x0000000008008de8       0x74 Middlewares/FreeRTOS/timers.o
 .text.prvProcessReceivedCommands
                0x0000000008008e5c       0xfc Middlewares/FreeRTOS/timers.o
 .text.prvTimerTask
                0x0000000008008f58       0x16 Middlewares/FreeRTOS/timers.o
 .text.otCoapHeaderInit
                0x0000000008008f6e       0x38 Middlewares/STM32_WPAN/coap.o
                0x0000000008008f6e                otCoapHeaderInit
 .text.otCoapHeaderSetToken
                0x0000000008008fa6       0x38 Middlewares/STM32_WPAN/coap.o
                0x0000000008008fa6                otCoapHeaderSetToken
 .text.otCoapHeaderGenerateToken
                0x0000000008008fde       0x34 Middlewares/STM32_WPAN/coap.o
                0x0000000008008fde                otCoapHeaderGenerateToken
 .text.otCoapHeaderAppendUriPathOptions
                0x0000000008009012       0x38 Middlewares/STM32_WPAN/coap.o
                0x0000000008009012                otCoapHeaderAppendUriPathOptions
 .text.otCoapHeaderSetPayloadMarker
                0x000000000800904a       0x34 Middlewares/STM32_WPAN/coap.o
                0x000000000800904a                otCoapHeaderSetPayloadMarker
 .text.otCoapHeaderSetMessageId
                0x000000000800907e       0x34 Middlewares/STM32_WPAN/coap.o
                0x000000000800907e                otCoapHeaderSetMessageId
 .text.otCoapHeaderGetType
                0x00000000080090b2       0x34 Middlewares/STM32_WPAN/coap.o
                0x00000000080090b2                otCoapHeaderGetType
 .text.otCoapHeaderGetCode
                0x00000000080090e6       0x34 Middlewares/STM32_WPAN/coap.o
                0x00000000080090e6                otCoapHeaderGetCode
 .text.otCoapHeaderGetMessageId
                0x000000000800911a       0x34 Middlewares/STM32_WPAN/coap.o
                0x000000000800911a                otCoapHeaderGetMessageId
 .text.otCoapHeaderGetTokenLength
                0x000000000800914e       0x34 Middlewares/STM32_WPAN/coap.o
                0x000000000800914e                otCoapHeaderGetTokenLength
 .text.otCoapHeaderGetToken
                0x0000000008009182       0x32 Middlewares/STM32_WPAN/coap.o
                0x0000000008009182                otCoapHeaderGetToken
 .text.otCoapNewMessage
                0x00000000080091b4       0x32 Middlewares/STM32_WPAN/coap.o
                0x00000000080091b4                otCoapNewMessage
 .text.otCoapSendRequest
                0x00000000080091e6       0x40 Middlewares/STM32_WPAN/coap.o
                0x00000000080091e6                otCoapSendRequest
 .text.otCoapStart
                0x0000000008009226       0x34 Middlewares/STM32_WPAN/coap.o
                0x0000000008009226                otCoapStart
 .text.otCoapAddResource
                0x000000000800925a       0x34 Middlewares/STM32_WPAN/coap.o
                0x000000000800925a                otCoapAddResource
 .text.otCoapSendResponse
                0x000000000800928e       0x38 Middlewares/STM32_WPAN/coap.o
                0x000000000800928e                otCoapSendResponse
 .text.otInstanceInitSingle
                0x00000000080092c6       0x2c Middlewares/STM32_WPAN/instance.o
                0x00000000080092c6                otInstanceInitSingle
 .text.otInstanceFinalize
                0x00000000080092f2       0x2a Middlewares/STM32_WPAN/instance.o
                0x00000000080092f2                otInstanceFinalize
 .text.otSetStateChangedCallback
                0x000000000800931c       0x40 Middlewares/STM32_WPAN/instance.o
                0x000000000800931c                otSetStateChangedCallback
 .text.otInstanceErasePersistentInfo
                0x000000000800935c       0x2e Middlewares/STM32_WPAN/instance.o
                0x000000000800935c                otInstanceErasePersistentInfo
 .text.otIp6SetEnabled
                0x000000000800938a       0x32 Middlewares/STM32_WPAN/ip6.o
                0x000000000800938a                otIp6SetEnabled
 .text.otIp6IsEnabled
                0x00000000080093bc       0x30 Middlewares/STM32_WPAN/ip6.o
                0x00000000080093bc                otIp6IsEnabled
 .text.otIp6GetUnicastAddresses
                0x00000000080093ec       0x2a Middlewares/STM32_WPAN/ip6.o
                0x00000000080093ec                otIp6GetUnicastAddresses
 .text.otIp6AddressFromString
                0x0000000008009416       0x36 Middlewares/STM32_WPAN/ip6.o
                0x0000000008009416                otIp6AddressFromString
 .text.otLinkSetChannel
                0x000000000800944c       0x32 Middlewares/STM32_WPAN/link.o
                0x000000000800944c                otLinkSetChannel
 .text.otLinkSetPanId
                0x000000000800947e       0x32 Middlewares/STM32_WPAN/link.o
                0x000000000800947e                otLinkSetPanId
 .text.otMessageFree
                0x00000000080094b0       0x30 Middlewares/STM32_WPAN/message.o
                0x00000000080094b0                otMessageFree
 .text.otMessageGetOffset
                0x00000000080094e0       0x34 Middlewares/STM32_WPAN/message.o
                0x00000000080094e0                otMessageGetOffset
 .text.otMessageAppend
                0x0000000008009514       0x3c Middlewares/STM32_WPAN/message.o
                0x0000000008009514                otMessageAppend
 .text.otMessageRead
                0x0000000008009550       0x3e Middlewares/STM32_WPAN/message.o
                0x0000000008009550                otMessageRead
 *fill*         0x000000000800958e        0x2 
 .text.OpenThread_CallBack_Processing
                0x0000000008009590      0x274 Middlewares/STM32_WPAN/openthread_api_wb.o
                0x0000000008009590                OpenThread_CallBack_Processing
 .text.SHCI_C2_THREAD_Init
                0x0000000008009804       0x1c Middlewares/STM32_WPAN/shci.o
                0x0000000008009804                SHCI_C2_THREAD_Init
 .text.SHCI_C2_FLASH_StoreData
                0x0000000008009820       0x20 Middlewares/STM32_WPAN/shci.o
                0x0000000008009820                SHCI_C2_FLASH_StoreData
 .text.SHCI_GetWirelessFwInfo
                0x0000000008009840       0x6c Middlewares/STM32_WPAN/shci.o
                0x0000000008009840                SHCI_GetWirelessFwInfo
 .text.Cmd_SetStatus
                0x00000000080098ac       0x30 Middlewares/STM32_WPAN/shci_tl.o
 .text.TlInit   0x00000000080098dc       0x44 Middlewares/STM32_WPAN/shci_tl.o
 .text.TlUserEvtReceived
                0x0000000008009920       0x18 Middlewares/STM32_WPAN/shci_tl.o
 .text.TlCmdEvtReceived
                0x0000000008009938        0xa Middlewares/STM32_WPAN/shci_tl.o
 *fill*         0x0000000008009942        0x2 
 .text.shci_init
                0x0000000008009944       0x24 Middlewares/STM32_WPAN/shci_tl.o
                0x0000000008009944                shci_init
 .text.shci_user_evt_proc
                0x0000000008009968       0x74 Middlewares/STM32_WPAN/shci_tl.o
                0x0000000008009968                shci_user_evt_proc
 .text.shci_send
                0x00000000080099dc       0x58 Middlewares/STM32_WPAN/shci_tl.o
                0x00000000080099dc                shci_send
 .text.shci_register_io_bus
                0x0000000008009a34       0x14 Middlewares/STM32_WPAN/shci_tl_if.o
                0x0000000008009a34                shci_register_io_bus
 .text.LST_init_head
                0x0000000008009a48        0x6 Middlewares/STM32_WPAN/stm_list.o
                0x0000000008009a48                LST_init_head
 .text.LST_is_empty
                0x0000000008009a4e       0x18 Middlewares/STM32_WPAN/stm_list.o
                0x0000000008009a4e                LST_is_empty
 .text.LST_insert_head
                0x0000000008009a66       0x18 Middlewares/STM32_WPAN/stm_list.o
                0x0000000008009a66                LST_insert_head
 .text.LST_insert_tail
                0x0000000008009a7e       0x18 Middlewares/STM32_WPAN/stm_list.o
                0x0000000008009a7e                LST_insert_tail
 .text.LST_remove_node
                0x0000000008009a96       0x18 Middlewares/STM32_WPAN/stm_list.o
                0x0000000008009a96                LST_remove_node
 .text.LST_remove_head
                0x0000000008009aae       0x18 Middlewares/STM32_WPAN/stm_list.o
                0x0000000008009aae                LST_remove_head
 .text.otThreadSetEnabled
                0x0000000008009ac6       0x32 Middlewares/STM32_WPAN/thread.o
                0x0000000008009ac6                otThreadSetEnabled
 .text.otThreadSetExtendedPanId
                0x0000000008009af8       0x32 Middlewares/STM32_WPAN/thread.o
                0x0000000008009af8                otThreadSetExtendedPanId
 .text.otThreadSetMasterKey
                0x0000000008009b2a       0x32 Middlewares/STM32_WPAN/thread.o
                0x0000000008009b2a                otThreadSetMasterKey
 .text.otThreadGetMeshLocalEid
                0x0000000008009b5c       0x2a Middlewares/STM32_WPAN/thread.o
                0x0000000008009b5c                otThreadGetMeshLocalEid
 .text.otThreadSetNetworkName
                0x0000000008009b86       0x32 Middlewares/STM32_WPAN/thread.o
                0x0000000008009b86                otThreadSetNetworkName
 .text.otThreadGetDeviceRole
                0x0000000008009bb8       0x2c Middlewares/STM32_WPAN/thread.o
                0x0000000008009bb8                otThreadGetDeviceRole
 .text.otThreadGetRloc16
                0x0000000008009be4       0x2c Middlewares/STM32_WPAN/thread.o
                0x0000000008009be4                otThreadGetRloc16
 .text.SendFreeBuf
                0x0000000008009c10       0x34 Middlewares/STM32_WPAN/tl_mbox.o
 .text.TL_Enable
                0x0000000008009c44        0x8 Middlewares/STM32_WPAN/tl_mbox.o
                0x0000000008009c44                TL_Enable
 .text.TL_Init  0x0000000008009c4c       0x44 Middlewares/STM32_WPAN/tl_mbox.o
                0x0000000008009c4c                TL_Init
 .text.HW_IPCC_BLE_RxEvtNot
                0x0000000008009c90       0x30 Middlewares/STM32_WPAN/tl_mbox.o
                0x0000000008009c90                HW_IPCC_BLE_RxEvtNot
 .text.HW_IPCC_BLE_AclDataAckNot
                0x0000000008009cc0       0x10 Middlewares/STM32_WPAN/tl_mbox.o
                0x0000000008009cc0                HW_IPCC_BLE_AclDataAckNot
 .text.TL_SYS_Init
                0x0000000008009cd0       0x3c Middlewares/STM32_WPAN/tl_mbox.o
                0x0000000008009cd0                TL_SYS_Init
 .text.TL_SYS_SendCmd
                0x0000000008009d0c       0x18 Middlewares/STM32_WPAN/tl_mbox.o
                0x0000000008009d0c                TL_SYS_SendCmd
 .text.HW_IPCC_SYS_CmdEvtNot
                0x0000000008009d24       0x18 Middlewares/STM32_WPAN/tl_mbox.o
                0x0000000008009d24                HW_IPCC_SYS_CmdEvtNot
 .text.HW_IPCC_SYS_EvtNot
                0x0000000008009d3c       0x30 Middlewares/STM32_WPAN/tl_mbox.o
                0x0000000008009d3c                HW_IPCC_SYS_EvtNot
 .text.TL_THREAD_Init
                0x0000000008009d6c       0x1c Middlewares/STM32_WPAN/tl_mbox.o
                0x0000000008009d6c                TL_THREAD_Init
 .text.TL_OT_SendCmd
                0x0000000008009d88       0x18 Middlewares/STM32_WPAN/tl_mbox.o
                0x0000000008009d88                TL_OT_SendCmd
 .text.TL_CLI_SendCmd
                0x0000000008009da0       0x18 Middlewares/STM32_WPAN/tl_mbox.o
                0x0000000008009da0                TL_CLI_SendCmd
 .text.TL_THREAD_SendAck
                0x0000000008009db8       0x18 Middlewares/STM32_WPAN/tl_mbox.o
                0x0000000008009db8                TL_THREAD_SendAck
 .text.TL_THREAD_CliSendAck
                0x0000000008009dd0       0x18 Middlewares/STM32_WPAN/tl_mbox.o
                0x0000000008009dd0                TL_THREAD_CliSendAck
 .text.HW_IPCC_OT_CmdEvtNot
                0x0000000008009de8       0x14 Middlewares/STM32_WPAN/tl_mbox.o
                0x0000000008009de8                HW_IPCC_OT_CmdEvtNot
 .text.HW_IPCC_THREAD_EvtNot
                0x0000000008009dfc       0x14 Middlewares/STM32_WPAN/tl_mbox.o
                0x0000000008009dfc                HW_IPCC_THREAD_EvtNot
 .text.HW_IPCC_THREAD_CliEvtNot
                0x0000000008009e10       0x14 Middlewares/STM32_WPAN/tl_mbox.o
                0x0000000008009e10                HW_IPCC_THREAD_CliEvtNot
 .text.TL_MM_Init
                0x0000000008009e24       0x40 Middlewares/STM32_WPAN/tl_mbox.o
                0x0000000008009e24                TL_MM_Init
 .text.TL_MM_EvtDone
                0x0000000008009e64       0x1c Middlewares/STM32_WPAN/tl_mbox.o
                0x0000000008009e64                TL_MM_EvtDone
 .text.TL_TRACES_Init
                0x0000000008009e80       0x20 Middlewares/STM32_WPAN/tl_mbox.o
                0x0000000008009e80                TL_TRACES_Init
 .text.HW_IPCC_TRACES_EvtNot
                0x0000000008009ea0       0x28 Middlewares/STM32_WPAN/tl_mbox.o
                0x0000000008009ea0                HW_IPCC_TRACES_EvtNot
 .text.APP_THREAD_DummyReqHandler
                0x0000000008009ec8       0x14 STM32_WPAN/App/app_thread.o
 .text.Wait_Getting_Ack_From_M0
                0x0000000008009edc       0x14 STM32_WPAN/App/app_thread.o
 .text.Receive_Ack_From_M0
                0x0000000008009ef0        0xc STM32_WPAN/App/app_thread.o
 .text.APP_THREAD_CheckWirelessFirmwareInfo
                0x0000000008009efc       0x98 STM32_WPAN/App/app_thread.o
 .text.APP_THREAD_DeviceConfig
                0x0000000008009f94       0xb4 STM32_WPAN/App/app_thread.o
 .text.APP_THREAD_SendDataResponse
                0x000000000800a048       0x74 STM32_WPAN/App/app_thread.o
 .text.APP_THREAD_CoapToggleLoggingRequestHandler
                0x000000000800a0bc       0x84 STM32_WPAN/App/app_thread.o
 .text.APP_THREAD_CoapLightsSimpleRequestHandler
                0x000000000800a140       0x84 STM32_WPAN/App/app_thread.o
 .text.APP_THREAD_CoapLightsComplexRequestHandler
                0x000000000800a1c4       0x68 STM32_WPAN/App/app_thread.o
 .text.APP_THREAD_SendCoapUnicastRequest
                0x000000000800a22c      0x110 STM32_WPAN/App/app_thread.o
 .text.Receive_Notification_From_M0
                0x000000000800a33c       0x20 STM32_WPAN/App/app_thread.o
 .text.RxCpltCallback
                0x000000000800a35c       0x5c STM32_WPAN/App/app_thread.o
 .text.Send_CLI_To_M0
                0x000000000800a3b8       0x50 STM32_WPAN/App/app_thread.o
 .text.APP_THREAD_FreeRTOSSendCLIToM0Task
                0x000000000800a408       0x14 STM32_WPAN/App/app_thread.o
 .text.Send_CLI_Ack_For_OT
                0x000000000800a41c        0x8 STM32_WPAN/App/app_thread.o
 .text.HostTxCb
                0x000000000800a424        0x8 STM32_WPAN/App/app_thread.o
 .text.APP_THREAD_SendMyIP
                0x000000000800a42c       0x1c STM32_WPAN/App/app_thread.o
                0x000000000800a42c                APP_THREAD_SendMyIP
 .text.APP_THREAD_CoapBorderTimeRequestHandler
                0x000000000800a448       0x70 STM32_WPAN/App/app_thread.o
 .text.APP_THREAD_StateNotif
                0x000000000800a4b8       0x48 STM32_WPAN/App/app_thread.o
 .text.APP_THREAD_RegisterCmdBuffer
                0x000000000800a500        0xc STM32_WPAN/App/app_thread.o
                0x000000000800a500                APP_THREAD_RegisterCmdBuffer
 .text.THREAD_Get_OTCmdPayloadBuffer
                0x000000000800a50c        0xc STM32_WPAN/App/app_thread.o
                0x000000000800a50c                THREAD_Get_OTCmdPayloadBuffer
 .text.THREAD_Get_OTCmdRspPayloadBuffer
                0x000000000800a518        0xc STM32_WPAN/App/app_thread.o
                0x000000000800a518                THREAD_Get_OTCmdRspPayloadBuffer
 .text.THREAD_Get_NotificationPayloadBuffer
                0x000000000800a524        0xc STM32_WPAN/App/app_thread.o
                0x000000000800a524                THREAD_Get_NotificationPayloadBuffer
 .text.Ot_Cmd_Transfer
                0x000000000800a530       0x28 STM32_WPAN/App/app_thread.o
                0x000000000800a530                Ot_Cmd_Transfer
 .text.TL_OT_CmdEvtReceived
                0x000000000800a558        0x8 STM32_WPAN/App/app_thread.o
                0x000000000800a558                TL_OT_CmdEvtReceived
 .text.TL_THREAD_NotReceived
                0x000000000800a560       0x10 STM32_WPAN/App/app_thread.o
                0x000000000800a560                TL_THREAD_NotReceived
 .text.Pre_OtCmdProcessing
                0x000000000800a570        0x2 STM32_WPAN/App/app_thread.o
                0x000000000800a570                Pre_OtCmdProcessing
 *fill*         0x000000000800a572        0x2 
 .text.APP_THREAD_Init_UART_CLI
                0x000000000800a574       0x38 STM32_WPAN/App/app_thread.o
                0x000000000800a574                APP_THREAD_Init_UART_CLI
 .text.APP_THREAD_TL_THREAD_INIT
                0x000000000800a5ac       0x24 STM32_WPAN/App/app_thread.o
                0x000000000800a5ac                APP_THREAD_TL_THREAD_INIT
 .text.APP_THREAD_Init
                0x000000000800a5d0       0x44 STM32_WPAN/App/app_thread.o
                0x000000000800a5d0                APP_THREAD_Init
 .text.TL_THREAD_CliNotReceived
                0x000000000800a614       0x30 STM32_WPAN/App/app_thread.o
                0x000000000800a614                TL_THREAD_CliNotReceived
 .text.APP_THREAD_ProcessMsgM0ToM4
                0x000000000800a644       0x24 STM32_WPAN/App/app_thread.o
                0x000000000800a644                APP_THREAD_ProcessMsgM0ToM4
 .text.APP_THREAD_FreeRTOSProcessMsgM0ToM4Task
                0x000000000800a668       0x14 STM32_WPAN/App/app_thread.o
 .text.HW_IPCC_MM_FreeBufHandler
                0x000000000800a67c       0x24 STM32_WPAN/Target/hw_ipcc.o
 .text.HW_IPCC_THREAD_CliNotEvtHandler
                0x000000000800a6a0       0x18 STM32_WPAN/Target/hw_ipcc.o
 .text.HW_IPCC_Enable
                0x000000000800a6b8       0x14 STM32_WPAN/Target/hw_ipcc.o
                0x000000000800a6b8                HW_IPCC_Enable
 .text.HW_IPCC_Init
                0x000000000800a6cc       0x44 STM32_WPAN/Target/hw_ipcc.o
                0x000000000800a6cc                HW_IPCC_Init
 .text.HW_IPCC_BLE_AclDataEvtHandler
                0x000000000800a710       0x18 STM32_WPAN/Target/hw_ipcc.o
 .text.HW_IPCC_BLE_EvtHandler
                0x000000000800a728       0x14 STM32_WPAN/Target/hw_ipcc.o
 .text.HW_IPCC_SYS_Init
                0x000000000800a73c       0x10 STM32_WPAN/Target/hw_ipcc.o
                0x000000000800a73c                HW_IPCC_SYS_Init
 .text.HW_IPCC_SYS_SendCmd
                0x000000000800a74c       0x18 STM32_WPAN/Target/hw_ipcc.o
                0x000000000800a74c                HW_IPCC_SYS_SendCmd
 .text.HW_IPCC_SYS_CmdEvtHandler
                0x000000000800a764       0x18 STM32_WPAN/Target/hw_ipcc.o
 .text.HW_IPCC_SYS_EvtHandler
                0x000000000800a77c       0x14 STM32_WPAN/Target/hw_ipcc.o
 .text.HW_IPCC_THREAD_Init
                0x000000000800a790       0x18 STM32_WPAN/Target/hw_ipcc.o
                0x000000000800a790                HW_IPCC_THREAD_Init
 .text.HW_IPCC_OT_SendCmd
                0x000000000800a7a8       0x18 STM32_WPAN/Target/hw_ipcc.o
                0x000000000800a7a8                HW_IPCC_OT_SendCmd
 .text.HW_IPCC_CLI_SendCmd
                0x000000000800a7c0       0x10 STM32_WPAN/Target/hw_ipcc.o
                0x000000000800a7c0                HW_IPCC_CLI_SendCmd
 .text.HW_IPCC_THREAD_SendAck
                0x000000000800a7d0       0x14 STM32_WPAN/Target/hw_ipcc.o
                0x000000000800a7d0                HW_IPCC_THREAD_SendAck
 .text.HW_IPCC_THREAD_CliSendAck
                0x000000000800a7e4       0x14 STM32_WPAN/Target/hw_ipcc.o
                0x000000000800a7e4                HW_IPCC_THREAD_CliSendAck
 .text.HW_IPCC_OT_CmdEvtHandler
                0x000000000800a7f8       0x18 STM32_WPAN/Target/hw_ipcc.o
 .text.HW_IPCC_Tx_Handler
                0x000000000800a810       0x8c STM32_WPAN/Target/hw_ipcc.o
                0x000000000800a810                HW_IPCC_Tx_Handler
 .text.HW_IPCC_THREAD_NotEvtHandler
                0x000000000800a89c       0x18 STM32_WPAN/Target/hw_ipcc.o
 .text.HW_IPCC_MM_SendFreeBuf
                0x000000000800a8b4       0x30 STM32_WPAN/Target/hw_ipcc.o
                0x000000000800a8b4                HW_IPCC_MM_SendFreeBuf
 .text.HW_IPCC_TRACES_Init
                0x000000000800a8e4       0x10 STM32_WPAN/Target/hw_ipcc.o
                0x000000000800a8e4                HW_IPCC_TRACES_Init
 .text.HW_IPCC_TRACES_EvtHandler
                0x000000000800a8f4       0x14 STM32_WPAN/Target/hw_ipcc.o
 .text.HW_IPCC_Rx_Handler
                0x000000000800a908       0x8c STM32_WPAN/Target/hw_ipcc.o
                0x000000000800a908                HW_IPCC_Rx_Handler
 .text.UTIL_LPM_Init
                0x000000000800a994       0x14 Utilities/stm32_lpm.o
                0x000000000800a994                UTIL_LPM_Init
 .text.UTIL_LPM_SetOffMode
                0x000000000800a9a8       0x2c Utilities/stm32_lpm.o
                0x000000000800a9a8                UTIL_LPM_SetOffMode
 .text.__libc_init_array
                0x000000000800a9d4       0x48 c:/st/stm32cubeide_1.0.0/stm32cubeide/plugins/com.st.stm32cube.ide.mcu.externaltools.gnu-tools-for-stm32.7-2018-q2-update.win32_1.0.0.201904181610/tools/bin/../lib/gcc/arm-none-eabi/7.3.1/../../../../arm-none-eabi/lib/thumb/v7e-m/fpv4-sp/hard\libc_nano.a(lib_a-init.o)
                0x000000000800a9d4                __libc_init_array
 .text.memcpy   0x000000000800aa1c       0x16 c:/st/stm32cubeide_1.0.0/stm32cubeide/plugins/com.st.stm32cube.ide.mcu.externaltools.gnu-tools-for-stm32.7-2018-q2-update.win32_1.0.0.201904181610/tools/bin/../lib/gcc/arm-none-eabi/7.3.1/../../../../arm-none-eabi/lib/thumb/v7e-m/fpv4-sp/hard\libc_nano.a(lib_a-memcpy-stub.o)
                0x000000000800aa1c                memcpy
 .text.memset   0x000000000800aa32       0x10 c:/st/stm32cubeide_1.0.0/stm32cubeide/plugins/com.st.stm32cube.ide.mcu.externaltools.gnu-tools-for-stm32.7-2018-q2-update.win32_1.0.0.201904181610/tools/bin/../lib/gcc/arm-none-eabi/7.3.1/../../../../arm-none-eabi/lib/thumb/v7e-m/fpv4-sp/hard\libc_nano.a(lib_a-memset.o)
                0x000000000800aa32                memset
 *(.glue_7)
 .glue_7        0x000000000800aa42        0x0 linker stubs
 *(.glue_7t)
 .glue_7t       0x000000000800aa42        0x0 linker stubs
 *(.eh_frame)
 *fill*         0x000000000800aa42        0x2 
 .eh_frame      0x000000000800aa44        0x0 c:/st/stm32cubeide_1.0.0/stm32cubeide/plugins/com.st.stm32cube.ide.mcu.externaltools.gnu-tools-for-stm32.7-2018-q2-update.win32_1.0.0.201904181610/tools/bin/../lib/gcc/arm-none-eabi/7.3.1/thumb/v7e-m/fpv4-sp/hard/crtbegin.o
 *(.init)
 .init          0x000000000800aa44        0x4 c:/st/stm32cubeide_1.0.0/stm32cubeide/plugins/com.st.stm32cube.ide.mcu.externaltools.gnu-tools-for-stm32.7-2018-q2-update.win32_1.0.0.201904181610/tools/bin/../lib/gcc/arm-none-eabi/7.3.1/thumb/v7e-m/fpv4-sp/hard/crti.o
                0x000000000800aa44                _init
 .init          0x000000000800aa48        0x8 c:/st/stm32cubeide_1.0.0/stm32cubeide/plugins/com.st.stm32cube.ide.mcu.externaltools.gnu-tools-for-stm32.7-2018-q2-update.win32_1.0.0.201904181610/tools/bin/../lib/gcc/arm-none-eabi/7.3.1/thumb/v7e-m/fpv4-sp/hard/crtn.o
 *(.fini)
 .fini          0x000000000800aa50        0x4 c:/st/stm32cubeide_1.0.0/stm32cubeide/plugins/com.st.stm32cube.ide.mcu.externaltools.gnu-tools-for-stm32.7-2018-q2-update.win32_1.0.0.201904181610/tools/bin/../lib/gcc/arm-none-eabi/7.3.1/thumb/v7e-m/fpv4-sp/hard/crti.o
                0x000000000800aa50                _fini
 .fini          0x000000000800aa54        0x8 c:/st/stm32cubeide_1.0.0/stm32cubeide/plugins/com.st.stm32cube.ide.mcu.externaltools.gnu-tools-for-stm32.7-2018-q2-update.win32_1.0.0.201904181610/tools/bin/../lib/gcc/arm-none-eabi/7.3.1/thumb/v7e-m/fpv4-sp/hard/crtn.o
                0x000000000800aa5c                . = ALIGN (0x4)
                0x000000000800aa5c                _etext = .

.vfp11_veneer   0x000000000800aa5c        0x0
 .vfp11_veneer  0x000000000800aa5c        0x0 linker stubs

.v4_bx          0x000000000800aa5c        0x0
 .v4_bx         0x000000000800aa5c        0x0 linker stubs

.iplt           0x000000000800aa5c        0x0
 .iplt          0x000000000800aa5c        0x0 c:/st/stm32cubeide_1.0.0/stm32cubeide/plugins/com.st.stm32cube.ide.mcu.externaltools.gnu-tools-for-stm32.7-2018-q2-update.win32_1.0.0.201904181610/tools/bin/../lib/gcc/arm-none-eabi/7.3.1/thumb/v7e-m/fpv4-sp/hard/crtbegin.o

.rodata         0x000000000800aa5c      0x398
                0x000000000800aa5c                . = ALIGN (0x4)
 *(.rodata)
 .rodata        0x000000000800aa5c       0x2c Drivers/STM32WBxx_HAL_Driver/stm32wbxx_hal_rcc.o
 .rodata        0x000000000800aa88       0x10 Drivers/STM32WBxx_HAL_Driver/stm32wbxx_hal_uart_ex.o
 *(.rodata*)
 .rodata.APPE_SysEvtError.str1.4
                0x000000000800aa98       0x62 Core/Src/app_entry.o
 *fill*         0x000000000800aafa        0x2 
 .rodata.ShciUserEvtProcess_attr
                0x000000000800aafc       0x24 Core/Src/app_entry.o
                0x000000000800aafc                ShciUserEvtProcess_attr
 .rodata.str1.4
                0x000000000800ab20       0x16 Core/Src/app_entry.o
 *fill*         0x000000000800ab36        0x2 
 .rodata.MX_FREERTOS_Init.str1.4
                0x000000000800ab38       0x2e Core/Src/app_freertos.o
 *fill*         0x000000000800ab66        0x2 
 .rodata.AHBPrescTable
                0x000000000800ab68       0x40 Core/Src/system_stm32wbxx.o
                0x000000000800ab68                AHBPrescTable
 .rodata.APBPrescTable
                0x000000000800aba8       0x20 Core/Src/system_stm32wbxx.o
                0x000000000800aba8                APBPrescTable
 .rodata.MSIRangeTable
                0x000000000800abc8       0x40 Core/Src/system_stm32wbxx.o
                0x000000000800abc8                MSIRangeTable
 .rodata.vTaskStartScheduler.str1.4
                0x000000000800ac08        0x5 Middlewares/FreeRTOS/tasks.o
 *fill*         0x000000000800ac0d        0x3 
 .rodata.prvCheckForValidListAndQueue.str1.4
                0x000000000800ac10        0x5 Middlewares/FreeRTOS/timers.o
 *fill*         0x000000000800ac15        0x3 
 .rodata.xTimerCreateTimerTask.str1.4
                0x000000000800ac18        0x8 Middlewares/FreeRTOS/timers.o
 .rodata.APP_THREAD_CheckWirelessFirmwareInfo.str1.4
                0x000000000800ac20       0xcc STM32_WPAN/App/app_thread.o
 .rodata.APP_THREAD_SendDataResponse.str1.4
                0x000000000800acec       0x2a STM32_WPAN/App/app_thread.o
 *fill*         0x000000000800ad16        0x2 
 .rodata.TL_THREAD_CliNotReceived.str1.4
                0x000000000800ad18        0x3 STM32_WPAN/App/app_thread.o
 *fill*         0x000000000800ad1b        0x1 
 .rodata.ThreadCliProcess_attr
                0x000000000800ad1c       0x24 STM32_WPAN/App/app_thread.o
                0x000000000800ad1c                ThreadCliProcess_attr
 .rodata.ThreadMsgM0ToM4Process_attr
                0x000000000800ad40       0x24 STM32_WPAN/App/app_thread.o
                0x000000000800ad40                ThreadMsgM0ToM4Process_attr
 .rodata.borderSyncResource
                0x000000000800ad64        0xf STM32_WPAN/App/app_thread.o
                0x000000000800ad64                borderSyncResource
 *fill*         0x000000000800ad73        0x1 
 .rodata.extendedPanId
                0x000000000800ad74        0x8 STM32_WPAN/App/app_thread.o
                0x000000000800ad74                extendedPanId
 .rodata.masterKey
                0x000000000800ad7c       0x10 STM32_WPAN/App/app_thread.o
                0x000000000800ad7c                masterKey
 .rodata.networkName
                0x000000000800ad8c       0x14 STM32_WPAN/App/app_thread.o
                0x000000000800ad8c                networkName
 .rodata.str1.4
                0x000000000800ada0       0x54 STM32_WPAN/App/app_thread.o
                0x000000000800adf4                . = ALIGN (0x4)

.ARM.extab
 *(.ARM.extab* .gnu.linkonce.armextab.*)

.ARM            0x000000000800adf4        0x8
                0x000000000800adf4                __exidx_start = .
 *(.ARM.exidx*)
 .ARM.exidx     0x000000000800adf4        0x8 c:/st/stm32cubeide_1.0.0/stm32cubeide/plugins/com.st.stm32cube.ide.mcu.externaltools.gnu-tools-for-stm32.7-2018-q2-update.win32_1.0.0.201904181610/tools/bin/../lib/gcc/arm-none-eabi/7.3.1/thumb/v7e-m/fpv4-sp/hard\libgcc.a(_udivmoddi4.o)
                0x000000000800adfc                __exidx_end = .

.rel.dyn        0x000000000800adfc        0x0
 .rel.iplt      0x000000000800adfc        0x0 c:/st/stm32cubeide_1.0.0/stm32cubeide/plugins/com.st.stm32cube.ide.mcu.externaltools.gnu-tools-for-stm32.7-2018-q2-update.win32_1.0.0.201904181610/tools/bin/../lib/gcc/arm-none-eabi/7.3.1/thumb/v7e-m/fpv4-sp/hard/crtbegin.o

.preinit_array  0x000000000800adfc        0x0
                0x000000000800adfc                PROVIDE (__preinit_array_start = .)
 *(.preinit_array*)
                0x000000000800adfc                PROVIDE (__preinit_array_end = .)

.init_array     0x000000000800adfc        0x4
                0x000000000800adfc                PROVIDE (__init_array_start = .)
 *(SORT_BY_NAME(.init_array.*))
 *(.init_array*)
 .init_array    0x000000000800adfc        0x4 c:/st/stm32cubeide_1.0.0/stm32cubeide/plugins/com.st.stm32cube.ide.mcu.externaltools.gnu-tools-for-stm32.7-2018-q2-update.win32_1.0.0.201904181610/tools/bin/../lib/gcc/arm-none-eabi/7.3.1/thumb/v7e-m/fpv4-sp/hard/crtbegin.o
                0x000000000800ae00                PROVIDE (__init_array_end = .)

.fini_array     0x000000000800ae00        0x4
                [!provide]                        PROVIDE (__fini_array_start = .)
 *(SORT_BY_NAME(.fini_array.*))
 *(.fini_array*)
 .fini_array    0x000000000800ae00        0x4 c:/st/stm32cubeide_1.0.0/stm32cubeide/plugins/com.st.stm32cube.ide.mcu.externaltools.gnu-tools-for-stm32.7-2018-q2-update.win32_1.0.0.201904181610/tools/bin/../lib/gcc/arm-none-eabi/7.3.1/thumb/v7e-m/fpv4-sp/hard/crtbegin.o
                [!provide]                        PROVIDE (__fini_array_end = .)
                0x000000000800ae04                _sidata = LOADADDR (.data)

.data           0x0000000020000004       0x64 load address 0x000000000800ae04
                0x0000000020000004                . = ALIGN (0x4)
                0x0000000020000004                _sdata = .
 *(.data)
 *(.data*)
 .data.led_current
                0x0000000020000004        0x9 Core/Src/lp5523.o
                0x0000000020000004                led_current
 *fill*         0x000000002000000d        0x3 
 .data.SystemCoreClock
                0x0000000020000010        0x4 Core/Src/system_stm32wbxx.o
                0x0000000020000010                SystemCoreClock
 .data.uwTickFreq
                0x0000000020000014        0x4 Drivers/STM32WBxx_HAL_Driver/stm32wbxx_hal.o
                0x0000000020000014                uwTickFreq
 .data.uwTickPrio
                0x0000000020000018        0x4 Drivers/STM32WBxx_HAL_Driver/stm32wbxx_hal.o
                0x0000000020000018                uwTickPrio
 .data.uxCriticalNesting
                0x000000002000001c        0x4 Middlewares/FreeRTOS/port.o
 .data.OT_Border_Time_Ressource
                0x0000000020000020       0x10 STM32_WPAN/App/app_thread.o
 .data.OT_Lights_Complex_Ressource
                0x0000000020000030       0x10 STM32_WPAN/App/app_thread.o
 .data.OT_Lights_Simple_Ressource
                0x0000000020000040       0x10 STM32_WPAN/App/app_thread.o
 .data.OT_Toggle_Logging_Ressource
                0x0000000020000050       0x10 STM32_WPAN/App/app_thread.o
 .data.msgSendMyIP
                0x0000000020000060        0x5 STM32_WPAN/App/app_thread.o
                0x0000000020000060                msgSendMyIP
                0x0000000020000068                . = ALIGN (0x4)
 *fill*         0x0000000020000065        0x3 
                0x0000000020000068                _edata = .

.igot.plt       0x0000000020000068        0x0 load address 0x000000000800ae68
 .igot.plt      0x0000000020000068        0x0 c:/st/stm32cubeide_1.0.0/stm32cubeide/plugins/com.st.stm32cube.ide.mcu.externaltools.gnu-tools-for-stm32.7-2018-q2-update.win32_1.0.0.201904181610/tools/bin/../lib/gcc/arm-none-eabi/7.3.1/thumb/v7e-m/fpv4-sp/hard/crtbegin.o

TIMERSERVER_CONTEXT