hw_ipcc.c:491:13:HW_IPCC_MM_FreeBufHandler	8	static
hw_ipcc.c:381:13:HW_IPCC_THREAD_CliNotEvtHandler	8	static
hw_ipcc.c:150:6:HW_IPCC_Enable	0	static,ignoring_inline_asm
hw_ipcc.c:174:6:HW_IPCC_Init	16	static
hw_ipcc.c:190:6:HW_IPCC_BLE_Init	0	static
hw_ipcc.c:197:6:HW_IPCC_BLE_SendCmd	0	static
hw_ipcc.c:213:6:HW_IPCC_BLE_SendAclData	0	static
hw_ipcc.c:230:13:HW_IPCC_BLE_AclDataAckNot	0	static
hw_ipcc.c:221:13:HW_IPCC_BLE_AclDataEvtHandler	8	static
hw_ipcc.c:231:13:HW_IPCC_BLE_RxEvtNot	0	static
hw_ipcc.c:204:13:HW_IPCC_BLE_EvtHandler	8	static
hw_ipcc.c:236:6:HW_IPCC_SYS_Init	0	static
hw_ipcc.c:243:6:HW_IPCC_SYS_SendCmd	0	static
hw_ipcc.c:269:13:HW_IPCC_SYS_CmdEvtNot	0	static
hw_ipcc.c:251:13:HW_IPCC_SYS_CmdEvtHandler	8	static
hw_ipcc.c:270:13:HW_IPCC_SYS_EvtNot	0	static
hw_ipcc.c:260:13:HW_IPCC_SYS_EvtHandler	8	static
hw_ipcc.c:324:6:HW_IPCC_THREAD_Init	0	static
hw_ipcc.c:332:6:HW_IPCC_OT_SendCmd	0	static
hw_ipcc.c:340:6:HW_IPCC_CLI_SendCmd	0	static
hw_ipcc.c:347:6:HW_IPCC_THREAD_SendAck	0	static
hw_ipcc.c:355:6:HW_IPCC_THREAD_CliSendAck	0	static
hw_ipcc.c:390:13:HW_IPCC_OT_CmdEvtNot	0	static
hw_ipcc.c:363:13:HW_IPCC_OT_CmdEvtHandler	8	static
hw_ipcc.c:108:6:HW_IPCC_Tx_Handler	8	static
hw_ipcc.c:391:13:HW_IPCC_CLI_CmdEvtNot	0	static
hw_ipcc.c:392:13:HW_IPCC_THREAD_EvtNot	0	static
hw_ipcc.c:372:13:HW_IPCC_THREAD_NotEvtHandler	8	static
hw_ipcc.c:474:6:HW_IPCC_MM_SendFreeBuf	8	static
hw_ipcc.c:505:6:HW_IPCC_TRACES_Init	0	static
hw_ipcc.c:521:13:HW_IPCC_TRACES_EvtNot	0	static
hw_ipcc.c:512:13:HW_IPCC_TRACES_EvtHandler	8	static
hw_ipcc.c:64:6:HW_IPCC_Rx_Handler	8	static
