stm32wbxx_ll_exti.h:772:22:LL_C2_EXTI_EnableEvent_32_63	16	static
stm32wbxx_ll_exti.h:1030:22:LL_EXTI_EnableRisingTrig_32_63	16	static
stm32wbxx_ll_pwr.h:1599:22:LL_PWR_EnableBootC2	4	static
stm32wbxx_ll_bus.h:706:22:LL_AHB3_GRP1_EnableClock	24	static
stm32wbxx_ll_ipcc.h:138:22:LL_C1_IPCC_EnableIT_TXF	16	static
stm32wbxx_ll_ipcc.h:171:22:LL_C1_IPCC_EnableIT_RXO	16	static
stm32wbxx_ll_ipcc.h:290:22:LL_C1_IPCC_EnableTransmitChannel	16	static
stm32wbxx_ll_ipcc.h:313:22:LL_C1_IPCC_DisableTransmitChannel	16	static
stm32wbxx_ll_ipcc.h:359:22:LL_C1_IPCC_EnableReceiveChannel	16	static
stm32wbxx_ll_ipcc.h:382:22:LL_C1_IPCC_DisableReceiveChannel	16	static
stm32wbxx_ll_ipcc.h:575:22:LL_C1_IPCC_ClearFlag_CHx	16	static
stm32wbxx_ll_ipcc.h:599:22:LL_C1_IPCC_SetFlag_CHx	16	static
stm32wbxx_ll_ipcc.h:622:26:LL_C1_IPCC_IsActiveFlag_CHx	16	static
stm32wbxx_ll_ipcc.h:693:26:LL_C2_IPCC_IsActiveFlag_CHx	16	static
hw_ipcc.c:64:6:HW_IPCC_Rx_Handler	8	static
hw_ipcc.c:108:6:HW_IPCC_Tx_Handler	8	static
hw_ipcc.c:150:6:HW_IPCC_Enable	8	static,ignoring_inline_asm
hw_ipcc.c:174:6:HW_IPCC_Init	8	static
hw_ipcc.c:190:6:HW_IPCC_BLE_Init	8	static
hw_ipcc.c:197:6:HW_IPCC_BLE_SendCmd	8	static
hw_ipcc.c:204:13:HW_IPCC_BLE_EvtHandler	8	static
hw_ipcc.c:213:6:HW_IPCC_BLE_SendAclData	8	static
hw_ipcc.c:221:13:HW_IPCC_BLE_AclDataEvtHandler	8	static
hw_ipcc.c:230:13:HW_IPCC_BLE_AclDataAckNot	4	static
hw_ipcc.c:231:13:HW_IPCC_BLE_RxEvtNot	4	static
hw_ipcc.c:236:6:HW_IPCC_SYS_Init	8	static
hw_ipcc.c:243:6:HW_IPCC_SYS_SendCmd	8	static
hw_ipcc.c:251:13:HW_IPCC_SYS_CmdEvtHandler	8	static
hw_ipcc.c:260:13:HW_IPCC_SYS_EvtHandler	8	static
hw_ipcc.c:269:13:HW_IPCC_SYS_CmdEvtNot	4	static
hw_ipcc.c:270:13:HW_IPCC_SYS_EvtNot	4	static
hw_ipcc.c:324:6:HW_IPCC_THREAD_Init	8	static
hw_ipcc.c:332:6:HW_IPCC_OT_SendCmd	8	static
hw_ipcc.c:340:6:HW_IPCC_CLI_SendCmd	8	static
hw_ipcc.c:347:6:HW_IPCC_THREAD_SendAck	8	static
hw_ipcc.c:355:6:HW_IPCC_THREAD_CliSendAck	8	static
hw_ipcc.c:363:13:HW_IPCC_OT_CmdEvtHandler	8	static
hw_ipcc.c:372:13:HW_IPCC_THREAD_NotEvtHandler	8	static
hw_ipcc.c:381:13:HW_IPCC_THREAD_CliNotEvtHandler	8	static
hw_ipcc.c:390:13:HW_IPCC_OT_CmdEvtNot	4	static
hw_ipcc.c:391:13:HW_IPCC_CLI_CmdEvtNot	4	static
hw_ipcc.c:392:13:HW_IPCC_THREAD_EvtNot	4	static
hw_ipcc.c:474:6:HW_IPCC_MM_SendFreeBuf	16	static
hw_ipcc.c:491:13:HW_IPCC_MM_FreeBufHandler	8	static
hw_ipcc.c:505:6:HW_IPCC_TRACES_Init	8	static
hw_ipcc.c:512:13:HW_IPCC_TRACES_EvtHandler	8	static
hw_ipcc.c:521:13:HW_IPCC_TRACES_EvtNot	4	static
