link.c:39:22:otLinkActiveScan	32	static
link.c:62:19:otLinkIsActiveScanInProgress	24	static
link.c:78:22:otLinkEnergyScan	32	static
link.c:100:19:otLinkIsEnergyScanInProgress	24	static
link.c:116:22:otLinkSendDataRequest	24	static
link.c:132:19:otLinkIsInTransmitState	24	static
link.c:148:22:otLinkOutOfBandTransmitRequest	24	static
link.c:165:22:otLinkGetChannel	24	static
link.c:181:22:otLinkSetChannel	24	static
link.c:198:10:otLinkGetSupportedChannelMask	24	static
link.c:214:9:otLinkSetSupportedChannelMask	24	static
link.c:231:34:otLinkGetExtendedAddress	24	static
link.c:247:22:otLinkSetExtendedAddress	24	static
link.c:264:19:otLinkGetFactoryAssignedIeeeEui64	24	static
link.c:280:22:otLinkGetPanId	24	static
link.c:296:22:otLinkSetPanId	24	static
link.c:313:23:otLinkGetPollPeriod	24	static
link.c:329:19:otLinkSetPollPeriod	24	static
link.c:345:29:otLinkGetShortAddress	24	static
link.c:361:22:otLinkSetShortAddress	24	static
link.c:378:37:otLinkFilterGetAddressMode	24	static
link.c:394:22:otLinkFilterSetAddressMode	24	static
link.c:411:22:otLinkFilterAddAddress	24	static
link.c:428:22:otLinkFilterRemoveAddress	24	static
link.c:445:19:otLinkFilterClearAddresses	24	static
link.c:460:22:otLinkFilterGetNextAddress	32	static
link.c:478:22:otLinkFilterAddRssIn	32	static
link.c:496:22:otLinkFilterRemoveRssIn	24	static
link.c:513:19:otLinkFilterClearRssIn	24	static
link.c:528:22:otLinkFilterGetNextRssIn	32	static
link.c:546:9:otLinkConvertRssToLinkQuality	24	static
link.c:563:8:otLinkConvertLinkQualityToRss	24	static
link.c:580:35:otLinkGetCounters	24	static
link.c:596:6:otLinkSetPcapCallback	32	static
link.c:614:6:otLinkIsPromiscuous	24	static
link.c:630:9:otLinkSetPromiscuous	24	static
link.c:647:10:otLinkGetCcaFailureRate	24	static
link.c:663:9:otLinkSetEnabled	24	static
link.c:680:6:otLinkIsEnabled	24	static
