thread.c:36:22:otThreadSetEnabled	24	static
thread.c:53:19:otThreadGetAutoStart	24	static
thread.c:69:22:otThreadSetAutoStart	24	static
thread.c:86:19:otThreadIsSingleton	24	static
thread.c:102:22:otThreadDiscover	32	static
thread.c:126:19:otThreadIsDiscoverInProgress	24	static
thread.c:142:23:otThreadGetChildTimeout	24	static
thread.c:158:19:otThreadSetChildTimeout	24	static
thread.c:174:37:otThreadGetExtendedPanId	24	static
thread.c:190:22:otThreadSetExtendedPanId	24	static
thread.c:207:22:otThreadGetLeaderRloc	24	static
thread.c:224:31:otThreadGetLinkMode	24	static
thread.c:249:22:otThreadSetLinkMode	24	static
thread.c:271:33:otThreadGetMasterKey	24	static
thread.c:287:22:otThreadSetMasterKey	24	static
thread.c:304:34:otThreadGetMeshLocalEid	24	static
thread.c:320:39:otThreadGetMeshLocalPrefix	24	static
thread.c:336:22:otThreadSetMeshLocalPrefix	24	static
thread.c:353:21:otThreadGetLinkLocalIp6Address	24	static
thread.c:369:26:otThreadGetNetworkName	24	static
thread.c:385:22:otThreadSetNetworkName	24	static
thread.c:402:23:otThreadGetKeySequenceCounter	24	static
thread.c:418:19:otThreadSetKeySequenceCounter	24	static
thread.c:434:23:otThreadGetKeySwitchGuardTime	24	static
thread.c:450:19:otThreadSetKeySwitchGuardTime	24	static
thread.c:466:22:otThreadBecomeDetached	24	static
thread.c:482:22:otThreadBecomeChild	24	static
thread.c:498:22:otThreadGetNextNeighborInfo	32	static
thread.c:517:27:otThreadGetDeviceRole	24	static
thread.c:533:22:otThreadGetLeaderData	24	static
thread.c:550:22:otThreadGetLeaderRouterId	24	static
thread.c:566:22:otThreadGetLeaderWeight	24	static
thread.c:582:23:otThreadGetPartitionId	24	static
thread.c:598:23:otThreadGetRloc16	24	static
thread.c:614:22:otThreadGetParentInfo	24	static
thread.c:631:22:otThreadGetParentAverageRssi	24	static
thread.c:648:22:otThreadGetParentLastRssi	24	static
thread.c:665:6:otThreadSetReceiveDiagnosticGetCallback	32	static
thread.c:683:22:otThreadSendDiagnosticGet	32	static
thread.c:703:22:otThreadSendDiagnosticReset	32	static
thread.c:723:34:otThreadGetIp6Counters	24	static
thread.c:739:22:otThreadGetMleCounters	24	static
thread.c:755:6:otThreadResetMleCounters	24	static
